0 verbose cli C:\Program Files\nodejs\node.exe C:\Program Files\nodejs\node_modules\npm\bin\npm-cli.js
1 info using npm@11.11.0
2 info using node@v24.14.1
3 silly config load:file:C:\Program Files\nodejs\node_modules\npm\npmrc
4 silly config load:file:C:\wang\mobile-order\.npmrc
5 silly config load:file:C:\Users\study\.npmrc
6 silly config load:file:C:\Users\study\AppData\Roaming\npm\etc\npmrc
7 verbose title npm uninstall react-loading-skeleton
8 verbose argv "uninstall" "react-loading-skeleton"
9 verbose logfile logs-max:10 dir:C:\wang\.npm-cache\_logs\2026-08-03T06_28_00_178Z-
10 verbose logfile C:\wang\.npm-cache\_logs\2026-08-03T06_28_00_178Z-debug-0.log
11 silly logfile done cleaning log files
12 silly packumentCache heap:4496293888 maxSize:1124073472 maxEntrySize:562036736
13 verbose shrinkwrap failed to load node_modules/.package-lock.json out of date, updated: node_modules
14 silly idealTree buildDeps
15 silly reify mark retired [ 'C:\\wang\\mobile-order\\node_modules\\react-loading-skeleton' ]
16 silly reify moves {
16 silly reify   'C:\\wang\\mobile-order\\node_modules\\react-loading-skeleton': 'C:\\wang\\mobile-order\\node_modules\\.react-loading-skeleton-oTPef85b'
16 silly reify }
17 silly audit bulk request {
17 silly audit   '@alloc/quick-lru': [ '5.2.0' ],
17 silly audit   '@babel/code-frame': [ '7.29.0' ],
17 silly audit   '@babel/compat-data': [ '7.29.3' ],
17 silly audit   '@babel/core': [ '7.29.0' ],
17 silly audit   '@babel/generator': [ '7.29.1' ],
17 silly audit   '@babel/helper-compilation-targets': [ '7.28.6' ],
17 silly audit   '@babel/helper-globals': [ '7.28.0' ],
17 silly audit   '@babel/helper-module-imports': [ '7.28.6' ],
17 silly audit   '@babel/helper-module-transforms': [ '7.28.6' ],
17 silly audit   '@babel/helper-string-parser': [ '7.27.1' ],
17 silly audit   '@babel/helper-validator-identifier': [ '7.28.5' ],
17 silly audit   '@babel/helper-validator-option': [ '7.27.1' ],
17 silly audit   '@babel/helpers': [ '7.29.2' ],
17 silly audit   '@babel/parser': [ '7.29.3' ],
17 silly audit   '@babel/template': [ '7.28.6' ],
17 silly audit   '@babel/traverse': [ '7.29.0' ],
17 silly audit   '@babel/types': [ '7.29.0' ],
17 silly audit   '@cloudflare/kv-asset-handler': [ '0.5.0' ],
17 silly audit   '@cloudflare/unenv-preset': [ '2.16.1' ],
17 silly audit   '@cloudflare/vite-plugin': [ '1.37.1' ],
17 silly audit   '@cloudflare/workerd-darwin-64': [ '1.20260515.1' ],
17 silly audit   '@cloudflare/workerd-darwin-arm64': [ '1.20260515.1' ],
17 silly audit   '@cloudflare/workerd-linux-64': [ '1.20260515.1' ],
17 silly audit   '@cloudflare/workerd-linux-arm64': [ '1.20260515.1' ],
17 silly audit   '@cloudflare/workerd-windows-64': [ '1.20260515.1' ],
17 silly audit   '@cspotcode/source-map-support': [ '0.8.1' ],
17 silly audit   '@jridgewell/trace-mapping': [ '0.3.9', '0.3.31' ],
17 silly audit   '@drizzle-team/brocli': [ '0.10.2' ],
17 silly audit   '@emnapi/core': [ '1.10.0', '1.8.1' ],
17 silly audit   '@emnapi/runtime': [ '1.10.0', '1.8.1' ],
17 silly audit   '@emnapi/wasi-threads': [ '1.2.1', '1.1.0' ],
17 silly audit   '@esbuild-kit/core-utils': [ '3.3.2' ],
17 silly audit   '@esbuild/android-arm': [ '0.18.20', '0.28.0', '0.25.12', '0.27.3' ],
17 silly audit   '@esbuild/android-arm64': [ '0.18.20', '0.28.0', '0.25.12', '0.27.3' ],
17 silly audit   '@esbuild/android-x64': [ '0.18.20', '0.28.0', '0.25.12', '0.27.3' ],
17 silly audit   '@esbuild/darwin-arm64': [ '0.18.20', '0.28.0', '0.25.12', '0.27.3' ],
17 silly audit   '@esbuild/darwin-x64': [ '0.18.20', '0.28.0', '0.25.12', '0.27.3' ],
17 silly audit   '@esbuild/freebsd-arm64': [ '0.18.20', '0.28.0', '0.25.12', '0.27.3' ],
17 silly audit   '@esbuild/freebsd-x64': [ '0.18.20', '0.28.0', '0.25.12', '0.27.3' ],
17 silly audit   '@esbuild/linux-arm': [ '0.18.20', '0.28.0', '0.25.12', '0.27.3' ],
17 silly audit   '@esbuild/linux-arm64': [ '0.18.20', '0.28.0', '0.25.12', '0.27.3' ],
17 silly audit   '@esbuild/linux-ia32': [ '0.18.20', '0.28.0', '0.25.12', '0.27.3' ],
17 silly audit   '@esbuild/linux-loong64': [ '0.18.20', '0.28.0', '0.25.12', '0.27.3' ],
17 silly audit   '@esbuild/linux-mips64el': [ '0.18.20', '0.28.0', '0.25.12', '0.27.3' ],
17 silly audit   '@esbuild/linux-ppc64': [ '0.18.20', '0.28.0', '0.25.12', '0.27.3' ],
17 silly audit   '@esbuild/linux-riscv64': [ '0.18.20', '0.28.0', '0.25.12', '0.27.3' ],
17 silly audit   '@esbuild/linux-s390x': [ '0.18.20', '0.28.0', '0.25.12', '0.27.3' ],
17 silly audit   '@esbuild/linux-x64': [ '0.18.20', '0.28.0', '0.25.12', '0.27.3' ],
17 silly audit   '@esbuild/netbsd-x64': [ '0.18.20', '0.28.0', '0.25.12', '0.27.3' ],
17 silly audit   '@esbuild/openbsd-x64': [ '0.18.20', '0.28.0', '0.25.12', '0.27.3' ],
17 silly audit   '@esbuild/sunos-x64': [ '0.18.20', '0.28.0', '0.25.12', '0.27.3' ],
17 silly audit   '@esbuild/win32-arm64': [ '0.18.20', '0.28.0', '0.25.12', '0.27.3' ],
17 silly audit   '@esbuild/win32-ia32': [ '0.18.20', '0.28.0', '0.25.12', '0.27.3' ],
17 silly audit   '@esbuild/win32-x64': [ '0.18.20', '0.28.0', '0.25.12', '0.27.3' ],
17 silly audit   esbuild: [ '0.18.20', '0.25.12', '0.28.0', '0.27.3' ],
17 silly audit   '@esbuild-kit/esm-loader': [ '2.6.5' ],
17 silly audit   '@esbuild/aix-ppc64': [ '0.28.0', '0.25.12', '0.27.3' ],
17 silly audit   '@esbuild/netbsd-arm64': [ '0.28.0', '0.25.12', '0.27.3' ],
17 silly audit   '@esbuild/openbsd-arm64': [ '0.28.0', '0.25.12', '0.27.3' ],
17 silly audit   '@esbuild/openharmony-arm64': [ '0.28.0', '0.25.12', '0.27.3' ],
17 silly audit   '@eslint-community/eslint-utils': [ '4.9.1' ],
17 silly audit   'eslint-visitor-keys': [ '3.4.3', '5.0.1', '4.2.1' ],
17 silly audit   '@eslint-community/regexpp': [ '4.12.2' ],
17 silly audit   '@eslint/config-array': [ '0.21.2' ],
17 silly audit   '@eslint/config-helpers': [ '0.4.2' ],
17 silly audit   '@eslint/core': [ '0.17.0' ],
17 silly audit   '@eslint/eslintrc': [ '3.3.5' ],
17 silly audit   '@eslint/js': [ '9.39.4' ],
17 silly audit   '@eslint/object-schema': [ '2.1.7' ],
17 silly audit   '@eslint/plugin-kit': [ '0.4.1' ],
17 silly audit   '@humanfs/core': [ '0.19.2' ],
17 silly audit   '@humanfs/node': [ '0.16.8' ],
17 silly audit   '@humanfs/types': [ '0.15.0' ],
17 silly audit   '@humanwhocodes/module-importer': [ '1.0.1' ],
17 silly audit   '@humanwhocodes/retry': [ '0.4.3' ],
17 silly audit   '@img/colour': [ '1.1.0' ],
17 silly audit   '@img/sharp-darwin-arm64': [ '0.34.5' ],
17 silly audit   '@img/sharp-darwin-x64': [ '0.34.5' ],
17 silly audit   '@img/sharp-libvips-darwin-arm64': [ '1.2.4' ],
17 silly audit   '@img/sharp-libvips-darwin-x64': [ '1.2.4' ],
17 silly audit   '@img/sharp-libvips-linux-arm': [ '1.2.4' ],
17 silly audit   '@img/sharp-libvips-linux-arm64': [ '1.2.4' ],
17 silly audit   '@img/sharp-libvips-linux-ppc64': [ '1.2.4' ],
17 silly audit   '@img/sharp-libvips-linux-riscv64': [ '1.2.4' ],
17 silly audit   '@img/sharp-libvips-linux-s390x': [ '1.2.4' ],
17 silly audit   '@img/sharp-libvips-linux-x64': [ '1.2.4' ],
17 silly audit   '@img/sharp-libvips-linuxmusl-arm64': [ '1.2.4' ],
17 silly audit   '@img/sharp-libvips-linuxmusl-x64': [ '1.2.4' ],
17 silly audit   '@img/sharp-linux-arm': [ '0.34.5' ],
17 silly audit   '@img/sharp-linux-arm64': [ '0.34.5' ],
17 silly audit   '@img/sharp-linux-ppc64': [ '0.34.5' ],
17 silly audit   '@img/sharp-linux-riscv64': [ '0.34.5' ],
17 silly audit   '@img/sharp-linux-s390x': [ '0.34.5' ],
17 silly audit   '@img/sharp-linux-x64': [ '0.34.5' ],
17 silly audit   '@img/sharp-linuxmusl-arm64': [ '0.34.5' ],
17 silly audit   '@img/sharp-linuxmusl-x64': [ '0.34.5' ],
17 silly audit   '@img/sharp-wasm32': [ '0.34.5' ],
17 silly audit   '@img/sharp-win32-arm64': [ '0.34.5' ],
17 silly audit   '@img/sharp-win32-ia32': [ '0.34.5' ],
17 silly audit   '@img/sharp-win32-x64': [ '0.34.5' ],
17 silly audit   '@jridgewell/gen-mapping': [ '0.3.13' ],
17 silly audit   '@jridgewell/remapping': [ '2.3.5' ],
17 silly audit   '@jridgewell/resolve-uri': [ '3.1.2' ],
17 silly audit   '@jridgewell/source-map': [ '0.3.11' ],
17 silly audit   '@jridgewell/sourcemap-codec': [ '1.5.5' ],
17 silly audit   '@napi-rs/wasm-runtime': [ '0.2.12', '1.1.4', '1.1.1' ],
17 silly audit   '@next/env': [ '16.2.6' ],
17 silly audit   '@next/eslint-plugin-next': [ '16.2.6' ],
17 silly audit   '@next/swc-darwin-arm64': [ '16.2.6' ],
17 silly audit   '@next/swc-darwin-x64': [ '16.2.6' ],
17 silly audit   '@next/swc-linux-arm64-gnu': [ '16.2.6' ],
17 silly audit   '@next/swc-linux-arm64-musl': [ '16.2.6' ],
17 silly audit   '@next/swc-linux-x64-gnu': [ '16.2.6' ],
17 silly audit   '@next/swc-linux-x64-musl': [ '16.2.6' ],
17 silly audit   '@next/swc-win32-arm64-msvc': [ '16.2.6' ],
17 silly audit   '@next/swc-win32-x64-msvc': [ '16.2.6' ],
17 silly audit   '@nodelib/fs.scandir': [ '2.1.5' ],
17 silly audit   '@nodelib/fs.stat': [ '2.0.5' ],
17 silly audit   '@nodelib/fs.walk': [ '1.2.8' ],
17 silly audit   '@nolyfill/is-core-module': [ '1.0.39' ],
17 silly audit   '@oxc-project/types': [ '0.130.0' ],
17 silly audit   '@poppinss/colors': [ '4.1.6' ],
17 silly audit   '@poppinss/dumper': [ '0.6.5' ],
17 silly audit   'supports-color': [ '10.2.2', '8.1.1', '7.2.0' ],
17 silly audit   '@poppinss/exception': [ '1.2.3' ],
17 silly audit   '@resvg/resvg-wasm': [ '2.4.0' ],
17 silly audit   '@rolldown/binding-android-arm64': [ '1.0.1' ],
17 silly audit   '@rolldown/binding-darwin-arm64': [ '1.0.1' ],
17 silly audit   '@rolldown/binding-darwin-x64': [ '1.0.1' ],
17 silly audit   '@rolldown/binding-freebsd-x64': [ '1.0.1' ],
17 silly audit   '@rolldown/binding-linux-arm-gnueabihf': [ '1.0.1' ],
17 silly audit   '@rolldown/binding-linux-arm64-gnu': [ '1.0.1' ],
17 silly audit   '@rolldown/binding-linux-arm64-musl': [ '1.0.1' ],
17 silly audit   '@rolldown/binding-linux-ppc64-gnu': [ '1.0.1' ],
17 silly audit   '@rolldown/binding-linux-s390x-gnu': [ '1.0.1' ],
17 silly audit   '@rolldown/binding-linux-x64-gnu': [ '1.0.1' ],
17 silly audit   '@rolldown/binding-linux-x64-musl': [ '1.0.1' ],
17 silly audit   '@rolldown/binding-openharmony-arm64': [ '1.0.1' ],
17 silly audit   '@rolldown/binding-wasm32-wasi': [ '1.0.1' ],
17 silly audit   '@rolldown/binding-win32-arm64-msvc': [ '1.0.1' ],
17 silly audit   '@rolldown/binding-win32-x64-msvc': [ '1.0.1' ],
17 silly audit   '@rolldown/pluginutils': [ '1.0.1', '1.0.0-rc.18' ],
17 silly audit   '@rtsao/scc': [ '1.1.0' ],
17 silly audit   '@shuding/opentype.js': [ '1.4.0-beta.0' ],
17 silly audit   '@sindresorhus/is': [ '7.2.0' ],
17 silly audit   '@speed-highlight/core': [ '1.2.15' ],
17 silly audit   '@swc/helpers': [ '0.5.15' ],
17 silly audit   '@tailwindcss/node': [ '4.2.1' ],
17 silly audit   '@tailwindcss/oxide': [ '4.2.1' ],
17 silly audit   '@tailwindcss/oxide-android-arm64': [ '4.2.1' ],
17 silly audit   '@tailwindcss/oxide-darwin-arm64': [ '4.2.1' ],
17 silly audit   '@tailwindcss/oxide-darwin-x64': [ '4.2.1' ],
17 silly audit   '@tailwindcss/oxide-freebsd-x64': [ '4.2.1' ],
17 silly audit   '@tailwindcss/oxide-linux-arm-gnueabihf': [ '4.2.1' ],
17 silly audit   '@tailwindcss/oxide-linux-arm64-gnu': [ '4.2.1' ],
17 silly audit   '@tailwindcss/oxide-linux-arm64-musl': [ '4.2.1' ],
17 silly audit   '@tailwindcss/oxide-linux-x64-gnu': [ '4.2.1' ],
17 silly audit   '@tailwindcss/oxide-linux-x64-musl': [ '4.2.1' ],
17 silly audit   '@tailwindcss/oxide-wasm32-wasi': [ '4.2.1' ],
17 silly audit   '@tybys/wasm-util': [ '0.10.1', '0.10.2' ],
17 silly audit   tslib: [ '2.8.1' ],
17 silly audit   '@tailwindcss/oxide-win32-arm64-msvc': [ '4.2.1' ],
17 silly audit   '@tailwindcss/oxide-win32-x64-msvc': [ '4.2.1' ],
17 silly audit   '@tailwindcss/postcss': [ '4.2.1' ],
17 silly audit   '@types/eslint': [ '9.6.1' ],
17 silly audit   '@types/eslint-scope': [ '3.7.7' ],
17 silly audit   '@types/estree': [ '1.0.9' ],
17 silly audit   '@types/json-schema': [ '7.0.15' ],
17 silly audit   '@types/json5': [ '0.0.29' ],
17 silly audit   '@types/node': [ '22.19.19' ],
17 silly audit   '@types/react': [ '19.2.14' ],
17 silly audit   '@types/react-dom': [ '19.2.3' ],
17 silly audit   '@typescript-eslint/eslint-plugin': [ '8.59.3' ],
17 silly audit   ignore: [ '7.0.5', '5.3.2' ],
17 silly audit   '@typescript-eslint/parser': [ '8.59.3' ],
17 silly audit   '@typescript-eslint/project-service': [ '8.59.3' ],
17 silly audit   '@typescript-eslint/scope-manager': [ '8.59.3' ],
17 silly audit   '@typescript-eslint/tsconfig-utils': [ '8.59.3' ],
17 silly audit   '@typescript-eslint/type-utils': [ '8.59.3' ],
17 silly audit   '@typescript-eslint/types': [ '8.59.3' ],
17 silly audit   '@typescript-eslint/typescript-estree': [ '8.59.3' ],
17 silly audit   'balanced-match': [ '4.0.4', '1.0.2' ],
17 silly audit   'brace-expansion': [ '5.0.6', '1.1.14' ],
17 silly audit   minimatch: [ '10.2.5', '3.1.5' ],
17 silly audit   semver: [ '7.8.0', '6.3.1' ],
17 silly audit   '@typescript-eslint/utils': [ '8.59.3' ],
17 silly audit   '@typescript-eslint/visitor-keys': [ '8.59.3' ],
17 silly audit   '@unpic/core': [ '1.0.3' ],
17 silly audit   '@unpic/react': [ '1.0.2' ],
17 silly audit   '@unrs/resolver-binding-android-arm-eabi': [ '1.11.1' ],
17 silly audit   '@unrs/resolver-binding-android-arm64': [ '1.11.1' ],
17 silly audit   '@unrs/resolver-binding-darwin-arm64': [ '1.11.1' ],
17 silly audit   '@unrs/resolver-binding-darwin-x64': [ '1.11.1' ],
17 silly audit   '@unrs/resolver-binding-freebsd-x64': [ '1.11.1' ],
17 silly audit   '@unrs/resolver-binding-linux-arm-gnueabihf': [ '1.11.1' ],
17 silly audit   '@unrs/resolver-binding-linux-arm-musleabihf': [ '1.11.1' ],
17 silly audit   '@unrs/resolver-binding-linux-arm64-gnu': [ '1.11.1' ],
17 silly audit   '@unrs/resolver-binding-linux-arm64-musl': [ '1.11.1' ],
17 silly audit   '@unrs/resolver-binding-linux-ppc64-gnu': [ '1.11.1' ],
17 silly audit   '@unrs/resolver-binding-linux-riscv64-gnu': [ '1.11.1' ],
17 silly audit   '@unrs/resolver-binding-linux-riscv64-musl': [ '1.11.1' ],
17 silly audit   '@unrs/resolver-binding-linux-s390x-gnu': [ '1.11.1' ],
17 silly audit   '@unrs/resolver-binding-linux-x64-gnu': [ '1.11.1' ],
17 silly audit   '@unrs/resolver-binding-linux-x64-musl': [ '1.11.1' ],
17 silly audit   '@unrs/resolver-binding-wasm32-wasi': [ '1.11.1' ],
17 silly audit   '@unrs/resolver-binding-win32-arm64-msvc': [ '1.11.1' ],
17 silly audit   '@unrs/resolver-binding-win32-ia32-msvc': [ '1.11.1' ],
17 silly audit   '@unrs/resolver-binding-win32-x64-msvc': [ '1.11.1' ],
17 silly audit   '@vercel/og': [ '0.8.6' ],
17 silly audit   '@vitejs/plugin-react': [ '6.0.2' ],
17 silly audit   '@vitejs/plugin-rsc': [ '0.5.26' ],
17 silly audit   '@webassemblyjs/ast': [ '1.14.1' ],
17 silly audit   '@webassemblyjs/floating-point-hex-parser': [ '1.13.2' ],
17 silly audit   '@webassemblyjs/helper-api-error': [ '1.13.2' ],
17 silly audit   '@webassemblyjs/helper-buffer': [ '1.14.1' ],
17 silly audit   '@webassemblyjs/helper-numbers': [ '1.13.2' ],
17 silly audit   '@webassemblyjs/helper-wasm-bytecode': [ '1.13.2' ],
17 silly audit   '@webassemblyjs/helper-wasm-section': [ '1.14.1' ],
17 silly audit   '@webassemblyjs/ieee754': [ '1.13.2' ],
17 silly audit   '@webassemblyjs/leb128': [ '1.13.2' ],
17 silly audit   '@webassemblyjs/utf8': [ '1.13.2' ],
17 silly audit   '@webassemblyjs/wasm-edit': [ '1.14.1' ],
17 silly audit   '@webassemblyjs/wasm-gen': [ '1.14.1' ],
17 silly audit   '@webassemblyjs/wasm-opt': [ '1.14.1' ],
17 silly audit   '@webassemblyjs/wasm-parser': [ '1.14.1' ],
17 silly audit   '@webassemblyjs/wast-printer': [ '1.14.1' ],
17 silly audit   '@xtuc/ieee754': [ '1.2.0' ],
17 silly audit   '@xtuc/long': [ '4.2.2' ],
17 silly audit   acorn: [ '8.16.0' ],
17 silly audit   'acorn-import-phases': [ '1.0.4' ],
17 silly audit   'acorn-jsx': [ '5.3.2' ],
17 silly audit   'acorn-loose': [ '8.5.2' ],
17 silly audit   ajv: [ '6.15.0', '8.20.0' ],
17 silly audit   'ajv-formats': [ '2.1.1' ],
17 silly audit   'json-schema-traverse': [ '1.0.0', '0.4.1' ],
17 silly audit   'ansi-styles': [ '4.3.0' ],
17 silly audit   argparse: [ '2.0.1' ],
17 silly audit   'aria-query': [ '5.3.2' ],
17 silly audit   'array-buffer-byte-length': [ '1.0.2' ],
17 silly audit   'array-includes': [ '3.1.9' ],
17 silly audit   'array.prototype.findlast': [ '1.2.5' ],
17 silly audit   'array.prototype.findlastindex': [ '1.2.6' ],
17 silly audit   'array.prototype.flat': [ '1.3.3' ],
17 silly audit   'array.prototype.flatmap': [ '1.3.3' ],
17 silly audit   'array.prototype.tosorted': [ '1.1.4' ],
17 silly audit   'arraybuffer.prototype.slice': [ '1.0.4' ],
17 silly audit   'ast-types-flow': [ '0.0.8' ],
17 silly audit   'async-function': [ '1.0.0' ],
17 silly audit   'available-typed-arrays': [ '1.0.7' ],
17 silly audit   'axe-core': [ '4.11.4' ],
17 silly audit   'axobject-query': [ '4.1.0' ],
17 silly audit   'base64-js': [ '0.0.8' ],
17 silly audit   'baseline-browser-mapping': [ '2.10.30' ],
17 silly audit   'blake3-wasm': [ '2.1.5' ],
17 silly audit   braces: [ '3.0.3' ],
17 silly audit   browserslist: [ '4.28.2' ],
17 silly audit   'buffer-from': [ '1.1.2' ],
17 silly audit   'call-bind': [ '1.0.9' ],
17 silly audit   'call-bind-apply-helpers': [ '1.0.2' ],
17 silly audit   'call-bound': [ '1.0.4' ],
17 silly audit   callsites: [ '3.1.0' ],
17 silly audit   camelize: [ '1.0.1' ],
17 silly audit   'caniuse-lite': [ '1.0.30001793' ],
17 silly audit   chalk: [ '4.1.2' ],
17 silly audit   'chrome-trace-event': [ '1.0.4' ],
17 silly audit   'client-only': [ '0.0.1' ],
17 silly audit   'color-convert': [ '2.0.1' ],
17 silly audit   'color-name': [ '1.1.4' ],
17 silly audit   commander: [ '2.20.3' ],
17 silly audit   'concat-map': [ '0.0.1' ],
17 silly audit   'convert-source-map': [ '2.0.0' ],
17 silly audit   cookie: [ '1.1.1' ],
17 silly audit   'cross-spawn': [ '7.0.6' ],
17 silly audit   'css-background-parser': [ '0.1.0' ],
17 silly audit   'css-box-shadow': [ '1.0.0-3' ],
17 silly audit   'css-color-keywords': [ '1.0.0' ],
17 silly audit   'css-gradient-parser': [ '0.0.16' ],
17 silly audit   'css-to-react-native': [ '3.2.0' ],
17 silly audit   csstype: [ '3.2.3' ],
17 silly audit   'damerau-levenshtein': [ '1.0.8' ],
17 silly audit   'data-view-buffer': [ '1.0.2' ],
17 silly audit   'data-view-byte-length': [ '1.0.2' ],
17 silly audit   'data-view-byte-offset': [ '1.0.1' ],
17 silly audit   debug: [ '4.4.3', '3.2.7' ],
17 silly audit   'deep-is': [ '0.1.4' ],
17 silly audit   'define-data-property': [ '1.1.4' ],
17 silly audit   'define-properties': [ '1.2.1' ],
17 silly audit   'detect-libc': [ '2.1.2' ],
17 silly audit   doctrine: [ '2.1.0' ],
17 silly audit   'drizzle-kit': [ '0.31.10' ],
17 silly audit   'drizzle-orm': [ '0.45.2' ],
17 silly audit   'dunder-proto': [ '1.0.1' ],
17 silly audit   'electron-to-chromium': [ '1.5.358' ],
17 silly audit   'emoji-regex': [ '9.2.2' ],
17 silly audit   'emoji-regex-xs': [ '2.0.1' ],
17 silly audit   'enhanced-resolve': [ '5.21.3' ],
17 silly audit   'error-stack-parser-es': [ '1.0.5' ],
17 silly audit   'es-abstract': [ '1.24.2' ],
17 silly audit   'es-define-property': [ '1.0.1' ],
17 silly audit   'es-errors': [ '1.3.0' ],
17 silly audit   'es-iterator-helpers': [ '1.3.2' ],
17 silly audit   'es-module-lexer': [ '2.1.0', '1.7.0' ],
17 silly audit   'es-object-atoms': [ '1.1.1' ],
17 silly audit   'es-set-tostringtag': [ '2.1.0' ],
17 silly audit   'es-shim-unscopables': [ '1.1.0' ],
17 silly audit   'es-to-primitive': [ '1.3.0' ],
17 silly audit   escalade: [ '3.2.0' ],
17 silly audit   'escape-html': [ '1.0.3' ],
17 silly audit   'escape-string-regexp': [ '4.0.0' ],
17 silly audit   eslint: [ '9.39.4' ],
17 silly audit   'eslint-config-next': [ '16.2.6' ],
17 silly audit   globals: [ '16.4.0', '14.0.0' ],
17 silly audit   'eslint-import-resolver-node': [ '0.3.10' ],
17 silly audit   'eslint-import-resolver-typescript': [ '3.10.1' ],
17 silly audit   'eslint-module-utils': [ '2.12.1' ],
17 silly audit   'eslint-plugin-import': [ '2.32.0' ],
17 silly audit   'eslint-plugin-jsx-a11y': [ '6.10.2' ],
17 silly audit   'eslint-plugin-react': [ '7.37.5' ],
17 silly audit   'eslint-plugin-react-hooks': [ '7.1.1' ],
17 silly audit   'eslint-scope': [ '8.4.0', '5.1.1' ],
17 silly audit   espree: [ '10.4.0' ],
17 silly audit   esquery: [ '1.7.0' ],
17 silly audit   esrecurse: [ '4.3.0' ],
17 silly audit   estraverse: [ '5.3.0', '4.3.0' ],
17 silly audit   'estree-walker': [ '3.0.3' ],
17 silly audit   esutils: [ '2.0.3' ],
17 silly audit   events: [ '3.3.0' ],
17 silly audit   'fast-deep-equal': [ '3.1.3' ],
17 silly audit   'fast-glob': [ '3.3.1', '3.3.3' ],
17 silly audit   'glob-parent': [ '5.1.2', '6.0.2' ],
17 silly audit   'fast-json-stable-stringify': [ '2.1.0' ],
17 silly audit   'fast-levenshtein': [ '2.0.6' ],
17 silly audit   'fast-uri': [ '3.1.2' ],
17 silly audit   fastq: [ '1.20.1' ],
17 silly audit   fflate: [ '0.7.4' ],
17 silly audit   'file-entry-cache': [ '8.0.0' ],
17 silly audit   'fill-range': [ '7.1.1' ],
17 silly audit   'find-up': [ '5.0.0' ],
17 silly audit   'flat-cache': [ '4.0.1' ],
17 silly audit   flatted: [ '3.4.2' ],
17 silly audit   'for-each': [ '0.3.5' ],
17 silly audit   fsevents: [ '2.3.3' ],
17 silly audit   'function-bind': [ '1.1.2' ],
17 silly audit   'function.prototype.name': [ '1.1.8' ],
17 silly audit   'functions-have-names': [ '1.2.3' ],
17 silly audit   'generator-function': [ '2.0.1' ],
17 silly audit   gensync: [ '1.0.0-beta.2' ],
17 silly audit   'get-intrinsic': [ '1.3.0' ],
17 silly audit   'get-proto': [ '1.0.1' ],
17 silly audit   'get-symbol-description': [ '1.1.0' ],
17 silly audit   'get-tsconfig': [ '4.14.0' ],
17 silly audit   'glob-to-regexp': [ '0.4.1' ],
17 silly audit   globalthis: [ '1.0.4' ],
17 silly audit   globrex: [ '0.1.2' ],
17 silly audit   gopd: [ '1.2.0' ],
17 silly audit   'graceful-fs': [ '4.2.11' ],
17 silly audit   'has-bigints': [ '1.1.0' ],
17 silly audit   'has-flag': [ '4.0.0' ],
17 silly audit   'has-property-descriptors': [ '1.0.2' ],
17 silly audit   'has-proto': [ '1.2.0' ],
17 silly audit   'has-symbols': [ '1.1.0' ],
17 silly audit   'has-tostringtag': [ '1.0.2' ],
17 silly audit   hasown: [ '2.0.3' ],
17 silly audit   'hermes-estree': [ '0.25.1' ],
17 silly audit   'hermes-parser': [ '0.25.1' ],
17 silly audit   'hex-rgb': [ '4.3.0' ],
17 silly audit   'image-size': [ '2.0.2' ],
17 silly audit   'import-fresh': [ '3.3.1' ],
17 silly audit   imurmurhash: [ '0.1.4' ],
17 silly audit   'internal-slot': [ '1.1.0' ],
17 silly audit   'ipaddr.js': [ '2.4.0' ],
17 silly audit   'is-array-buffer': [ '3.0.5' ],
17 silly audit   'is-async-function': [ '2.1.1' ],
17 silly audit   'is-bigint': [ '1.1.0' ],
17 silly audit   'is-boolean-object': [ '1.2.2' ],
17 silly audit   'is-bun-module': [ '2.0.0' ],
17 silly audit   'is-callable': [ '1.2.7' ],
17 silly audit   'is-core-module': [ '2.16.2' ],
17 silly audit   'is-data-view': [ '1.0.2' ],
17 silly audit   'is-date-object': [ '1.1.0' ],
17 silly audit   'is-extglob': [ '2.1.1' ],
17 silly audit   'is-finalizationregistry': [ '1.1.1' ],
17 silly audit   'is-generator-function': [ '1.1.2' ],
17 silly audit   'is-glob': [ '4.0.3' ],
17 silly audit   'is-map': [ '2.0.3' ],
17 silly audit   'is-negative-zero': [ '2.0.3' ],
17 silly audit   'is-number': [ '7.0.0' ],
17 silly audit   'is-number-object': [ '1.1.1' ],
17 silly audit   'is-regex': [ '1.2.1' ],
17 silly audit   'is-set': [ '2.0.3' ],
17 silly audit   'is-shared-array-buffer': [ '1.0.4' ],
17 silly audit   'is-string': [ '1.1.1' ],
17 silly audit   'is-symbol': [ '1.1.1' ],
17 silly audit   'is-typed-array': [ '1.1.15' ],
17 silly audit   'is-weakmap': [ '2.0.2' ],
17 silly audit   'is-weakref': [ '1.1.1' ],
17 silly audit   'is-weakset': [ '2.0.4' ],
17 silly audit   isarray: [ '2.0.5' ],
17 silly audit   isexe: [ '2.0.0' ],
17 silly audit   'iterator.prototype': [ '1.1.5' ],
17 silly audit   'jest-worker': [ '27.5.1' ],
17 silly audit   jiti: [ '2.7.0' ],
17 silly audit   'js-tokens': [ '4.0.0', '9.0.1' ],
17 silly audit   'js-yaml': [ '4.1.1' ],
17 silly audit   jsesc: [ '3.1.0' ],
17 silly audit   'json-buffer': [ '3.0.1' ],
17 silly audit   'json-stable-stringify-without-jsonify': [ '1.0.1' ],
17 silly audit   json5: [ '2.2.3', '1.0.2' ],
17 silly audit   'jsx-ast-utils': [ '3.3.5' ],
17 silly audit   keyv: [ '4.5.4' ],
17 silly audit   kleur: [ '4.1.5' ],
17 silly audit   'language-subtag-registry': [ '0.3.23' ],
17 silly audit   'language-tags': [ '1.0.9' ],
17 silly audit   levn: [ '0.4.1' ],
17 silly audit   lightningcss: [ '1.31.1', '1.32.0' ],
17 silly audit   'lightningcss-android-arm64': [ '1.31.1', '1.32.0' ],
17 silly audit   'lightningcss-darwin-arm64': [ '1.31.1', '1.32.0' ],
17 silly audit   'lightningcss-darwin-x64': [ '1.31.1', '1.32.0' ],
17 silly audit   'lightningcss-freebsd-x64': [ '1.31.1', '1.32.0' ],
17 silly audit   'lightningcss-linux-arm-gnueabihf': [ '1.31.1', '1.32.0' ],
17 silly audit   'lightningcss-linux-arm64-gnu': [ '1.31.1', '1.32.0' ],
17 silly audit   'lightningcss-linux-arm64-musl': [ '1.31.1', '1.32.0' ],
17 silly audit   'lightningcss-linux-x64-gnu': [ '1.31.1', '1.32.0' ],
17 silly audit   'lightningcss-linux-x64-musl': [ '1.31.1', '1.32.0' ],
17 silly audit   'lightningcss-win32-arm64-msvc': [ '1.31.1', '1.32.0' ],
17 silly audit   'lightningcss-win32-x64-msvc': [ '1.31.1', '1.32.0' ],
17 silly audit   linebreak: [ '1.1.0' ],
17 silly audit   'loader-runner': [ '4.3.2' ],
17 silly audit   'locate-path': [ '6.0.0' ],
17 silly audit   'lodash.merge': [ '4.6.2' ],
17 silly audit   'loose-envify': [ '1.4.0' ],
17 silly audit   'lru-cache': [ '5.1.1' ],
17 silly audit   'magic-string': [ '0.30.21' ],
17 silly audit   'math-intrinsics': [ '1.1.0' ],
17 silly audit   'merge-stream': [ '2.0.0' ],
17 silly audit   merge2: [ '1.4.1' ],
17 silly audit   micromatch: [ '4.0.8' ],
17 silly audit   'mime-db': [ '1.54.0' ],
17 silly audit   miniflare: [ '4.20260515.0' ],
17 silly audit   minimist: [ '1.2.8' ],
17 silly audit   ms: [ '2.1.3' ],
17 silly audit   nanoid: [ '3.3.12' ],
17 silly audit   'napi-postinstall': [ '0.3.4' ],
17 silly audit   'natural-compare': [ '1.4.0' ],
17 silly audit   'neo-async': [ '2.6.2' ],
17 silly audit   next: [ '16.2.6' ],
17 silly audit   postcss: [ '8.4.31', '8.5.14' ],
17 silly audit   'node-exports-info': [ '1.6.0' ],
17 silly audit   'node-releases': [ '2.0.44' ],
17 silly audit   'object-assign': [ '4.1.1' ],
17 silly audit   'object-inspect': [ '1.13.4' ],
17 silly audit   'object-keys': [ '1.1.1' ],
17 silly audit   'object.assign': [ '4.1.7' ],
17 silly audit   'object.entries': [ '1.1.9' ],
17 silly audit   'object.fromentries': [ '2.0.8' ],
17 silly audit   'object.groupby': [ '1.0.3' ],
17 silly audit   'object.values': [ '1.2.1' ],
17 silly audit   optionator: [ '0.9.4' ],
17 silly audit   'own-keys': [ '1.0.1' ],
17 silly audit   'p-limit': [ '3.1.0' ],
17 silly audit   'p-locate': [ '5.0.0' ],
17 silly audit   pako: [ '0.2.9' ],
17 silly audit   'parent-module': [ '1.0.1' ],
17 silly audit   'parse-css-color': [ '0.2.1' ],
17 silly audit   'path-exists': [ '4.0.0' ],
17 silly audit   'path-key': [ '3.1.1' ],
17 silly audit   'path-parse': [ '1.0.7' ],
17 silly audit   'path-to-regexp': [ '6.3.0' ],
17 silly audit   pathe: [ '2.0.3' ],
17 silly audit   picocolors: [ '1.1.1' ],
17 silly audit   picomatch: [ '2.3.2', '4.0.4' ],
17 silly audit   'possible-typed-array-names': [ '1.1.0' ],
17 silly audit   'postcss-value-parser': [ '4.2.0' ],
17 silly audit   'prelude-ls': [ '1.2.1' ],
17 silly audit   'prop-types': [ '15.8.1' ],
17 silly audit   punycode: [ '2.3.1' ],
17 silly audit   'queue-microtask': [ '1.2.3' ],
17 silly audit   react: [ '19.2.6' ],
17 silly audit   'react-dom': [ '19.2.6' ],
17 silly audit   'react-is': [ '16.13.1' ],
17 silly audit   'react-server-dom-webpack': [ '19.2.6' ],
17 silly audit   'reflect.getprototypeof': [ '1.0.10' ],
17 silly audit   'regexp.prototype.flags': [ '1.5.4' ],
17 silly audit   'require-from-string': [ '2.0.2' ],
17 silly audit   resolve: [ '2.0.0-next.7' ],
17 silly audit   'resolve-from': [ '4.0.0' ],
17 silly audit   'resolve-pkg-maps': [ '1.0.0' ],
17 silly audit   reusify: [ '1.1.0' ],
17 silly audit   rolldown: [ '1.0.1' ],
17 silly audit   'run-parallel': [ '1.2.0' ],
17 silly audit   'safe-array-concat': [ '1.1.4' ],
17 silly audit   'safe-push-apply': [ '1.0.0' ],
17 silly audit   'safe-regex-test': [ '1.1.0' ],
17 silly audit   satori: [ '0.16.0' ],
17 silly audit   scheduler: [ '0.27.0' ],
17 silly audit   'schema-utils': [ '4.3.3' ],
17 silly audit   'ajv-keywords': [ '5.1.0' ],
17 silly audit   'set-function-length': [ '1.2.2' ],
17 silly audit   'set-function-name': [ '2.0.2' ],
17 silly audit   'set-proto': [ '1.0.0' ],
17 silly audit   sharp: [ '0.34.5' ],
17 silly audit   'shebang-command': [ '2.0.0' ],
17 silly audit   'shebang-regex': [ '3.0.0' ],
17 silly audit   'side-channel': [ '1.1.0' ],
17 silly audit   'side-channel-list': [ '1.0.1' ],
17 silly audit   'side-channel-map': [ '1.0.1' ],
17 silly audit   'side-channel-weakmap': [ '1.0.2' ],
17 silly audit   'source-map': [ '0.6.1' ],
17 silly audit   'source-map-js': [ '1.2.1' ],
17 silly audit   'source-map-support': [ '0.5.21' ],
17 silly audit   srvx: [ '0.11.15' ],
17 silly audit   'stable-hash': [ '0.0.5' ],
17 silly audit   'stop-iteration-iterator': [ '1.1.0' ],
17 silly audit   'string.prototype.codepointat': [ '0.2.1' ],
17 silly audit   'string.prototype.includes': [ '2.0.1' ],
17 silly audit   'string.prototype.matchall': [ '4.0.12' ],
17 silly audit   'string.prototype.repeat': [ '1.0.0' ],
17 silly audit   'string.prototype.trim': [ '1.2.10' ],
17 silly audit   'string.prototype.trimend': [ '1.0.9' ],
17 silly audit   'string.prototype.trimstart': [ '1.0.8' ],
17 silly audit   'strip-bom': [ '3.0.0' ],
17 silly audit   'strip-json-comments': [ '3.1.1' ],
17 silly audit   'strip-literal': [ '3.1.0' ],
17 silly audit   'styled-jsx': [ '5.1.6' ],
17 silly audit   'supports-preserve-symlinks-flag': [ '1.0.0' ],
17 silly audit   tailwindcss: [ '4.2.1' ],
17 silly audit   tapable: [ '2.3.3' ],
17 silly audit   terser: [ '5.47.1' ],
17 silly audit   'terser-webpack-plugin': [ '5.6.0' ],
17 silly audit   'tiny-inflate': [ '1.0.3' ],
17 silly audit   tinyglobby: [ '0.2.16' ],
17 silly audit   fdir: [ '6.5.0' ],
17 silly audit   'to-regex-range': [ '5.0.1' ],
17 silly audit   'ts-api-utils': [ '2.5.0' ],
17 silly audit   tsconfck: [ '3.1.6' ],
17 silly audit   'tsconfig-paths': [ '3.15.0' ],
17 silly audit   tsx: [ '4.22.1' ],
17 silly audit   'turbo-stream': [ '3.2.0' ],
17 silly audit   'type-check': [ '0.4.0' ],
17 silly audit   'typed-array-buffer': [ '1.0.3' ],
17 silly audit   'typed-array-byte-length': [ '1.0.3' ],
17 silly audit   'typed-array-byte-offset': [ '1.0.4' ],
17 silly audit   'typed-array-length': [ '1.0.7' ],
17 silly audit   typescript: [ '5.9.3' ],
17 silly audit   'typescript-eslint': [ '8.59.3' ],
17 silly audit   'unbox-primitive': [ '1.1.0' ],
17 silly audit   undici: [ '7.24.8' ],
17 silly audit   'undici-types': [ '6.21.0' ],
17 silly audit   unenv: [ '2.0.0-rc.24' ],
17 silly audit   'unicode-trie': [ '2.0.0' ],
17 silly audit   unpic: [ '4.2.2' ],
17 silly audit   'unrs-resolver': [ '1.11.1' ],
17 silly audit   'update-browserslist-db': [ '1.2.3' ],
17 silly audit   'uri-js': [ '4.4.1' ],
17 silly audit   vinext: [ '0.0.50' ],
17 silly audit   vite: [ '8.0.13' ],
17 silly audit   'vite-plugin-commonjs': [ '0.10.4' ],
17 silly audit   'vite-plugin-dynamic-import': [ '1.6.0' ],
17 silly audit   'vite-tsconfig-paths': [ '6.1.1' ],
17 silly audit   vitefu: [ '1.1.3' ],
17 silly audit   watchpack: [ '2.5.1' ],
17 silly audit   'web-vitals': [ '4.2.4' ],
17 silly audit   webpack: [ '5.106.2' ],
17 silly audit   'webpack-sources': [ '3.4.1' ],
17 silly audit   which: [ '2.0.2' ],
17 silly audit   'which-boxed-primitive': [ '1.1.1' ],
17 silly audit   'which-builtin-type': [ '1.2.1' ],
17 silly audit   'which-collection': [ '1.0.2' ],
17 silly audit   'which-typed-array': [ '1.1.20' ],
17 silly audit   'word-wrap': [ '1.2.5' ],
17 silly audit   workerd: [ '1.20260515.1' ],
17 silly audit   wrangler: [ '4.92.0' ],
17 silly audit   ws: [ '8.18.0' ],
17 silly audit   yallist: [ '3.1.1' ],
17 silly audit   'yocto-queue': [ '0.1.0' ],
17 silly audit   'yoga-layout': [ '3.2.1' ],
17 silly audit   youch: [ '4.1.0-beta.10' ],
17 silly audit   'youch-core': [ '0.3.3' ],
17 silly audit   zod: [ '4.4.3' ],
17 silly audit   'zod-validation-error': [ '4.0.2' ]
17 silly audit }
18 verbose audit error FetchError: request to https://registry.npmjs.org/-/npm/v1/security/advisories/bulk failed, reason: 
18 verbose audit error     at ClientRequest.<anonymous> (C:\Program Files\nodejs\node_modules\npm\node_modules\minipass-fetch\lib\index.js:130:14)
18 verbose audit error     at ClientRequest.emit (node:events:508:28)
18 verbose audit error     at emitErrorEvent (node:_http_client:108:11)
18 verbose audit error     at _destroy (node:_http_client:963:9)
18 verbose audit error     at onSocketNT (node:_http_client:983:5)
18 verbose audit error     at process.processTicksAndRejections (node:internal/process/task_queues:91:21) {
18 verbose audit error   code: 'EACCES',
18 verbose audit error   errno: 'EACCES',
18 verbose audit error   type: 'system'
18 verbose audit error }
19 silly audit error undefined
20 silly audit report null
21 silly REMOVE node_modules/react-loading-skeleton
22 verbose cwd C:\wang\mobile-order
23 verbose os Windows_NT 10.0.26200
24 verbose node v24.14.1
25 verbose npm  v11.11.0
26 verbose exit 0
27 info ok
