0 verbose cli C:\Program Files\nodejs\node.exe C:\Program Files\nodejs\node_modules\npm\bin\npm-cli.js
1 info using npm@11.11.0
2 info using node@v24.14.1
3 silly config load:file:C:\Program Files\nodejs\node_modules\npm\npmrc
4 silly config load:file:C:\wang\mobile-order\.npmrc
5 silly config load:file:C:\Users\study\.npmrc
6 silly config load:file:C:\Users\study\AppData\Roaming\npm\etc\npmrc
7 verbose title npm install @types/qrcode
8 verbose argv "install" "--save-dev" "@types/qrcode"
9 verbose logfile logs-max:10 dir:C:\wang\.npm-cache\_logs\2026-08-03T07_37_01_048Z-
10 verbose logfile C:\wang\.npm-cache\_logs\2026-08-03T07_37_01_048Z-debug-0.log
11 silly logfile done cleaning log files
12 silly packumentCache heap:4496293888 maxSize:1124073472 maxEntrySize:562036736
13 silly idealTree buildDeps
14 silly fetch manifest @types/qrcode@*
15 silly packumentCache full:https://registry.npmjs.org/@types%2fqrcode cache-miss
16 http fetch GET 200 https://registry.npmjs.org/@types%2fqrcode 233ms (cache miss)
17 silly packumentCache full:https://registry.npmjs.org/@types%2fqrcode set size:undefined disposed:false
18 silly placeDep ROOT @types/qrcode@1.5.6 OK for: site-creator-vinext-starter@0.1.0 want: *
19 silly reify moves {}
20 silly audit bulk request {
20 silly audit   '@alloc/quick-lru': [ '5.2.0' ],
20 silly audit   '@babel/code-frame': [ '7.29.0' ],
20 silly audit   '@babel/compat-data': [ '7.29.3' ],
20 silly audit   '@babel/core': [ '7.29.0' ],
20 silly audit   '@babel/generator': [ '7.29.1' ],
20 silly audit   '@babel/helper-compilation-targets': [ '7.28.6' ],
20 silly audit   '@babel/helper-globals': [ '7.28.0' ],
20 silly audit   '@babel/helper-module-imports': [ '7.28.6' ],
20 silly audit   '@babel/helper-module-transforms': [ '7.28.6' ],
20 silly audit   '@babel/helper-string-parser': [ '7.27.1' ],
20 silly audit   '@babel/helper-validator-identifier': [ '7.28.5' ],
20 silly audit   '@babel/helper-validator-option': [ '7.27.1' ],
20 silly audit   '@babel/helpers': [ '7.29.2' ],
20 silly audit   '@babel/parser': [ '7.29.3' ],
20 silly audit   '@babel/template': [ '7.28.6' ],
20 silly audit   '@babel/traverse': [ '7.29.0' ],
20 silly audit   '@babel/types': [ '7.29.0' ],
20 silly audit   '@cloudflare/kv-asset-handler': [ '0.5.0' ],
20 silly audit   '@cloudflare/unenv-preset': [ '2.16.1' ],
20 silly audit   '@cloudflare/vite-plugin': [ '1.37.1' ],
20 silly audit   '@cloudflare/workerd-darwin-64': [ '1.20260515.1' ],
20 silly audit   '@cloudflare/workerd-darwin-arm64': [ '1.20260515.1' ],
20 silly audit   '@cloudflare/workerd-linux-64': [ '1.20260515.1' ],
20 silly audit   '@cloudflare/workerd-linux-arm64': [ '1.20260515.1' ],
20 silly audit   '@cloudflare/workerd-windows-64': [ '1.20260515.1' ],
20 silly audit   '@cspotcode/source-map-support': [ '0.8.1' ],
20 silly audit   '@jridgewell/trace-mapping': [ '0.3.9', '0.3.31' ],
20 silly audit   '@drizzle-team/brocli': [ '0.10.2' ],
20 silly audit   '@emnapi/core': [ '1.10.0', '1.8.1' ],
20 silly audit   '@emnapi/runtime': [ '1.10.0', '1.8.1' ],
20 silly audit   '@emnapi/wasi-threads': [ '1.2.1', '1.1.0' ],
20 silly audit   '@esbuild-kit/core-utils': [ '3.3.2' ],
20 silly audit   '@esbuild/android-arm': [ '0.18.20', '0.28.0', '0.25.12', '0.27.3' ],
20 silly audit   '@esbuild/android-arm64': [ '0.18.20', '0.28.0', '0.25.12', '0.27.3' ],
20 silly audit   '@esbuild/android-x64': [ '0.18.20', '0.28.0', '0.25.12', '0.27.3' ],
20 silly audit   '@esbuild/darwin-arm64': [ '0.18.20', '0.28.0', '0.25.12', '0.27.3' ],
20 silly audit   '@esbuild/darwin-x64': [ '0.18.20', '0.28.0', '0.25.12', '0.27.3' ],
20 silly audit   '@esbuild/freebsd-arm64': [ '0.18.20', '0.28.0', '0.25.12', '0.27.3' ],
20 silly audit   '@esbuild/freebsd-x64': [ '0.18.20', '0.28.0', '0.25.12', '0.27.3' ],
20 silly audit   '@esbuild/linux-arm': [ '0.18.20', '0.28.0', '0.25.12', '0.27.3' ],
20 silly audit   '@esbuild/linux-arm64': [ '0.18.20', '0.28.0', '0.25.12', '0.27.3' ],
20 silly audit   '@esbuild/linux-ia32': [ '0.18.20', '0.28.0', '0.25.12', '0.27.3' ],
20 silly audit   '@esbuild/linux-loong64': [ '0.18.20', '0.28.0', '0.25.12', '0.27.3' ],
20 silly audit   '@esbuild/linux-mips64el': [ '0.18.20', '0.28.0', '0.25.12', '0.27.3' ],
20 silly audit   '@esbuild/linux-ppc64': [ '0.18.20', '0.28.0', '0.25.12', '0.27.3' ],
20 silly audit   '@esbuild/linux-riscv64': [ '0.18.20', '0.28.0', '0.25.12', '0.27.3' ],
20 silly audit   '@esbuild/linux-s390x': [ '0.18.20', '0.28.0', '0.25.12', '0.27.3' ],
20 silly audit   '@esbuild/linux-x64': [ '0.18.20', '0.28.0', '0.25.12', '0.27.3' ],
20 silly audit   '@esbuild/netbsd-x64': [ '0.18.20', '0.28.0', '0.25.12', '0.27.3' ],
20 silly audit   '@esbuild/openbsd-x64': [ '0.18.20', '0.28.0', '0.25.12', '0.27.3' ],
20 silly audit   '@esbuild/sunos-x64': [ '0.18.20', '0.28.0', '0.25.12', '0.27.3' ],
20 silly audit   '@esbuild/win32-arm64': [ '0.18.20', '0.28.0', '0.25.12', '0.27.3' ],
20 silly audit   '@esbuild/win32-ia32': [ '0.18.20', '0.28.0', '0.25.12', '0.27.3' ],
20 silly audit   '@esbuild/win32-x64': [ '0.18.20', '0.28.0', '0.25.12', '0.27.3' ],
20 silly audit   esbuild: [ '0.18.20', '0.25.12', '0.28.0', '0.27.3' ],
20 silly audit   '@esbuild-kit/esm-loader': [ '2.6.5' ],
20 silly audit   '@esbuild/aix-ppc64': [ '0.28.0', '0.25.12', '0.27.3' ],
20 silly audit   '@esbuild/netbsd-arm64': [ '0.28.0', '0.25.12', '0.27.3' ],
20 silly audit   '@esbuild/openbsd-arm64': [ '0.28.0', '0.25.12', '0.27.3' ],
20 silly audit   '@esbuild/openharmony-arm64': [ '0.28.0', '0.25.12', '0.27.3' ],
20 silly audit   '@eslint-community/eslint-utils': [ '4.9.1' ],
20 silly audit   'eslint-visitor-keys': [ '3.4.3', '5.0.1', '4.2.1' ],
20 silly audit   '@eslint-community/regexpp': [ '4.12.2' ],
20 silly audit   '@eslint/config-array': [ '0.21.2' ],
20 silly audit   '@eslint/config-helpers': [ '0.4.2' ],
20 silly audit   '@eslint/core': [ '0.17.0' ],
20 silly audit   '@eslint/eslintrc': [ '3.3.5' ],
20 silly audit   '@eslint/js': [ '9.39.4' ],
20 silly audit   '@eslint/object-schema': [ '2.1.7' ],
20 silly audit   '@eslint/plugin-kit': [ '0.4.1' ],
20 silly audit   '@humanfs/core': [ '0.19.2' ],
20 silly audit   '@humanfs/node': [ '0.16.8' ],
20 silly audit   '@humanfs/types': [ '0.15.0' ],
20 silly audit   '@humanwhocodes/module-importer': [ '1.0.1' ],
20 silly audit   '@humanwhocodes/retry': [ '0.4.3' ],
20 silly audit   '@img/colour': [ '1.1.0' ],
20 silly audit   '@img/sharp-darwin-arm64': [ '0.34.5' ],
20 silly audit   '@img/sharp-darwin-x64': [ '0.34.5' ],
20 silly audit   '@img/sharp-libvips-darwin-arm64': [ '1.2.4' ],
20 silly audit   '@img/sharp-libvips-darwin-x64': [ '1.2.4' ],
20 silly audit   '@img/sharp-libvips-linux-arm': [ '1.2.4' ],
20 silly audit   '@img/sharp-libvips-linux-arm64': [ '1.2.4' ],
20 silly audit   '@img/sharp-libvips-linux-ppc64': [ '1.2.4' ],
20 silly audit   '@img/sharp-libvips-linux-riscv64': [ '1.2.4' ],
20 silly audit   '@img/sharp-libvips-linux-s390x': [ '1.2.4' ],
20 silly audit   '@img/sharp-libvips-linux-x64': [ '1.2.4' ],
20 silly audit   '@img/sharp-libvips-linuxmusl-arm64': [ '1.2.4' ],
20 silly audit   '@img/sharp-libvips-linuxmusl-x64': [ '1.2.4' ],
20 silly audit   '@img/sharp-linux-arm': [ '0.34.5' ],
20 silly audit   '@img/sharp-linux-arm64': [ '0.34.5' ],
20 silly audit   '@img/sharp-linux-ppc64': [ '0.34.5' ],
20 silly audit   '@img/sharp-linux-riscv64': [ '0.34.5' ],
20 silly audit   '@img/sharp-linux-s390x': [ '0.34.5' ],
20 silly audit   '@img/sharp-linux-x64': [ '0.34.5' ],
20 silly audit   '@img/sharp-linuxmusl-arm64': [ '0.34.5' ],
20 silly audit   '@img/sharp-linuxmusl-x64': [ '0.34.5' ],
20 silly audit   '@img/sharp-wasm32': [ '0.34.5' ],
20 silly audit   '@img/sharp-win32-arm64': [ '0.34.5' ],
20 silly audit   '@img/sharp-win32-ia32': [ '0.34.5' ],
20 silly audit   '@img/sharp-win32-x64': [ '0.34.5' ],
20 silly audit   '@jridgewell/gen-mapping': [ '0.3.13' ],
20 silly audit   '@jridgewell/remapping': [ '2.3.5' ],
20 silly audit   '@jridgewell/resolve-uri': [ '3.1.2' ],
20 silly audit   '@jridgewell/source-map': [ '0.3.11' ],
20 silly audit   '@jridgewell/sourcemap-codec': [ '1.5.5' ],
20 silly audit   '@napi-rs/wasm-runtime': [ '0.2.12', '1.1.4', '1.1.1' ],
20 silly audit   '@next/env': [ '16.2.6' ],
20 silly audit   '@next/eslint-plugin-next': [ '16.2.6' ],
20 silly audit   '@next/swc-darwin-arm64': [ '16.2.6' ],
20 silly audit   '@next/swc-darwin-x64': [ '16.2.6' ],
20 silly audit   '@next/swc-linux-arm64-gnu': [ '16.2.6' ],
20 silly audit   '@next/swc-linux-arm64-musl': [ '16.2.6' ],
20 silly audit   '@next/swc-linux-x64-gnu': [ '16.2.6' ],
20 silly audit   '@next/swc-linux-x64-musl': [ '16.2.6' ],
20 silly audit   '@next/swc-win32-arm64-msvc': [ '16.2.6' ],
20 silly audit   '@next/swc-win32-x64-msvc': [ '16.2.6' ],
20 silly audit   '@nodelib/fs.scandir': [ '2.1.5' ],
20 silly audit   '@nodelib/fs.stat': [ '2.0.5' ],
20 silly audit   '@nodelib/fs.walk': [ '1.2.8' ],
20 silly audit   '@nolyfill/is-core-module': [ '1.0.39' ],
20 silly audit   '@oxc-project/types': [ '0.130.0' ],
20 silly audit   '@poppinss/colors': [ '4.1.6' ],
20 silly audit   '@poppinss/dumper': [ '0.6.5' ],
20 silly audit   'supports-color': [ '10.2.2', '8.1.1', '7.2.0' ],
20 silly audit   '@poppinss/exception': [ '1.2.3' ],
20 silly audit   '@resvg/resvg-wasm': [ '2.4.0' ],
20 silly audit   '@rolldown/binding-android-arm64': [ '1.0.1' ],
20 silly audit   '@rolldown/binding-darwin-arm64': [ '1.0.1' ],
20 silly audit   '@rolldown/binding-darwin-x64': [ '1.0.1' ],
20 silly audit   '@rolldown/binding-freebsd-x64': [ '1.0.1' ],
20 silly audit   '@rolldown/binding-linux-arm-gnueabihf': [ '1.0.1' ],
20 silly audit   '@rolldown/binding-linux-arm64-gnu': [ '1.0.1' ],
20 silly audit   '@rolldown/binding-linux-arm64-musl': [ '1.0.1' ],
20 silly audit   '@rolldown/binding-linux-ppc64-gnu': [ '1.0.1' ],
20 silly audit   '@rolldown/binding-linux-s390x-gnu': [ '1.0.1' ],
20 silly audit   '@rolldown/binding-linux-x64-gnu': [ '1.0.1' ],
20 silly audit   '@rolldown/binding-linux-x64-musl': [ '1.0.1' ],
20 silly audit   '@rolldown/binding-openharmony-arm64': [ '1.0.1' ],
20 silly audit   '@rolldown/binding-wasm32-wasi': [ '1.0.1' ],
20 silly audit   '@rolldown/binding-win32-arm64-msvc': [ '1.0.1' ],
20 silly audit   '@rolldown/binding-win32-x64-msvc': [ '1.0.1' ],
20 silly audit   '@rolldown/pluginutils': [ '1.0.1', '1.0.0-rc.18' ],
20 silly audit   '@rtsao/scc': [ '1.1.0' ],
20 silly audit   '@shuding/opentype.js': [ '1.4.0-beta.0' ],
20 silly audit   '@sindresorhus/is': [ '7.2.0' ],
20 silly audit   '@speed-highlight/core': [ '1.2.15' ],
20 silly audit   '@swc/helpers': [ '0.5.15' ],
20 silly audit   '@tailwindcss/node': [ '4.2.1' ],
20 silly audit   '@tailwindcss/oxide': [ '4.2.1' ],
20 silly audit   '@tailwindcss/oxide-android-arm64': [ '4.2.1' ],
20 silly audit   '@tailwindcss/oxide-darwin-arm64': [ '4.2.1' ],
20 silly audit   '@tailwindcss/oxide-darwin-x64': [ '4.2.1' ],
20 silly audit   '@tailwindcss/oxide-freebsd-x64': [ '4.2.1' ],
20 silly audit   '@tailwindcss/oxide-linux-arm-gnueabihf': [ '4.2.1' ],
20 silly audit   '@tailwindcss/oxide-linux-arm64-gnu': [ '4.2.1' ],
20 silly audit   '@tailwindcss/oxide-linux-arm64-musl': [ '4.2.1' ],
20 silly audit   '@tailwindcss/oxide-linux-x64-gnu': [ '4.2.1' ],
20 silly audit   '@tailwindcss/oxide-linux-x64-musl': [ '4.2.1' ],
20 silly audit   '@tailwindcss/oxide-wasm32-wasi': [ '4.2.1' ],
20 silly audit   '@tybys/wasm-util': [ '0.10.1', '0.10.2' ],
20 silly audit   tslib: [ '2.8.1' ],
20 silly audit   '@tailwindcss/oxide-win32-arm64-msvc': [ '4.2.1' ],
20 silly audit   '@tailwindcss/oxide-win32-x64-msvc': [ '4.2.1' ],
20 silly audit   '@tailwindcss/postcss': [ '4.2.1' ],
20 silly audit   '@types/eslint': [ '9.6.1' ],
20 silly audit   '@types/eslint-scope': [ '3.7.7' ],
20 silly audit   '@types/estree': [ '1.0.9' ],
20 silly audit   '@types/json-schema': [ '7.0.15' ],
20 silly audit   '@types/json5': [ '0.0.29' ],
20 silly audit   '@types/node': [ '22.19.19' ],
20 silly audit   '@types/react': [ '19.2.14' ],
20 silly audit   '@types/react-dom': [ '19.2.3' ],
20 silly audit   '@typescript-eslint/eslint-plugin': [ '8.59.3' ],
20 silly audit   ignore: [ '7.0.5', '5.3.2' ],
20 silly audit   '@typescript-eslint/parser': [ '8.59.3' ],
20 silly audit   '@typescript-eslint/project-service': [ '8.59.3' ],
20 silly audit   '@typescript-eslint/scope-manager': [ '8.59.3' ],
20 silly audit   '@typescript-eslint/tsconfig-utils': [ '8.59.3' ],
20 silly audit   '@typescript-eslint/type-utils': [ '8.59.3' ],
20 silly audit   '@typescript-eslint/types': [ '8.59.3' ],
20 silly audit   '@typescript-eslint/typescript-estree': [ '8.59.3' ],
20 silly audit   'balanced-match': [ '4.0.4', '1.0.2' ],
20 silly audit   'brace-expansion': [ '5.0.6', '1.1.14' ],
20 silly audit   minimatch: [ '10.2.5', '3.1.5' ],
20 silly audit   semver: [ '7.8.0', '6.3.1' ],
20 silly audit   '@typescript-eslint/utils': [ '8.59.3' ],
20 silly audit   '@typescript-eslint/visitor-keys': [ '8.59.3' ],
20 silly audit   '@unpic/core': [ '1.0.3' ],
20 silly audit   '@unpic/react': [ '1.0.2' ],
20 silly audit   '@unrs/resolver-binding-android-arm-eabi': [ '1.11.1' ],
20 silly audit   '@unrs/resolver-binding-android-arm64': [ '1.11.1' ],
20 silly audit   '@unrs/resolver-binding-darwin-arm64': [ '1.11.1' ],
20 silly audit   '@unrs/resolver-binding-darwin-x64': [ '1.11.1' ],
20 silly audit   '@unrs/resolver-binding-freebsd-x64': [ '1.11.1' ],
20 silly audit   '@unrs/resolver-binding-linux-arm-gnueabihf': [ '1.11.1' ],
20 silly audit   '@unrs/resolver-binding-linux-arm-musleabihf': [ '1.11.1' ],
20 silly audit   '@unrs/resolver-binding-linux-arm64-gnu': [ '1.11.1' ],
20 silly audit   '@unrs/resolver-binding-linux-arm64-musl': [ '1.11.1' ],
20 silly audit   '@unrs/resolver-binding-linux-ppc64-gnu': [ '1.11.1' ],
20 silly audit   '@unrs/resolver-binding-linux-riscv64-gnu': [ '1.11.1' ],
20 silly audit   '@unrs/resolver-binding-linux-riscv64-musl': [ '1.11.1' ],
20 silly audit   '@unrs/resolver-binding-linux-s390x-gnu': [ '1.11.1' ],
20 silly audit   '@unrs/resolver-binding-linux-x64-gnu': [ '1.11.1' ],
20 silly audit   '@unrs/resolver-binding-linux-x64-musl': [ '1.11.1' ],
20 silly audit   '@unrs/resolver-binding-wasm32-wasi': [ '1.11.1' ],
20 silly audit   '@unrs/resolver-binding-win32-arm64-msvc': [ '1.11.1' ],
20 silly audit   '@unrs/resolver-binding-win32-ia32-msvc': [ '1.11.1' ],
20 silly audit   '@unrs/resolver-binding-win32-x64-msvc': [ '1.11.1' ],
20 silly audit   '@vercel/og': [ '0.8.6' ],
20 silly audit   '@vitejs/plugin-react': [ '6.0.2' ],
20 silly audit   '@vitejs/plugin-rsc': [ '0.5.26' ],
20 silly audit   '@webassemblyjs/ast': [ '1.14.1' ],
20 silly audit   '@webassemblyjs/floating-point-hex-parser': [ '1.13.2' ],
20 silly audit   '@webassemblyjs/helper-api-error': [ '1.13.2' ],
20 silly audit   '@webassemblyjs/helper-buffer': [ '1.14.1' ],
20 silly audit   '@webassemblyjs/helper-numbers': [ '1.13.2' ],
20 silly audit   '@webassemblyjs/helper-wasm-bytecode': [ '1.13.2' ],
20 silly audit   '@webassemblyjs/helper-wasm-section': [ '1.14.1' ],
20 silly audit   '@webassemblyjs/ieee754': [ '1.13.2' ],
20 silly audit   '@webassemblyjs/leb128': [ '1.13.2' ],
20 silly audit   '@webassemblyjs/utf8': [ '1.13.2' ],
20 silly audit   '@webassemblyjs/wasm-edit': [ '1.14.1' ],
20 silly audit   '@webassemblyjs/wasm-gen': [ '1.14.1' ],
20 silly audit   '@webassemblyjs/wasm-opt': [ '1.14.1' ],
20 silly audit   '@webassemblyjs/wasm-parser': [ '1.14.1' ],
20 silly audit   '@webassemblyjs/wast-printer': [ '1.14.1' ],
20 silly audit   '@xtuc/ieee754': [ '1.2.0' ],
20 silly audit   '@xtuc/long': [ '4.2.2' ],
20 silly audit   acorn: [ '8.16.0' ],
20 silly audit   'acorn-import-phases': [ '1.0.4' ],
20 silly audit   'acorn-jsx': [ '5.3.2' ],
20 silly audit   'acorn-loose': [ '8.5.2' ],
20 silly audit   ajv: [ '6.15.0', '8.20.0' ],
20 silly audit   'ajv-formats': [ '2.1.1' ],
20 silly audit   'json-schema-traverse': [ '1.0.0', '0.4.1' ],
20 silly audit   'ansi-regex': [ '5.0.1' ],
20 silly audit   'ansi-styles': [ '4.3.0' ],
20 silly audit   argparse: [ '2.0.1' ],
20 silly audit   'aria-query': [ '5.3.2' ],
20 silly audit   'array-buffer-byte-length': [ '1.0.2' ],
20 silly audit   'array-includes': [ '3.1.9' ],
20 silly audit   'array.prototype.findlast': [ '1.2.5' ],
20 silly audit   'array.prototype.findlastindex': [ '1.2.6' ],
20 silly audit   'array.prototype.flat': [ '1.3.3' ],
20 silly audit   'array.prototype.flatmap': [ '1.3.3' ],
20 silly audit   'array.prototype.tosorted': [ '1.1.4' ],
20 silly audit   'arraybuffer.prototype.slice': [ '1.0.4' ],
20 silly audit   'ast-types-flow': [ '0.0.8' ],
20 silly audit   'async-function': [ '1.0.0' ],
20 silly audit   'available-typed-arrays': [ '1.0.7' ],
20 silly audit   'axe-core': [ '4.11.4' ],
20 silly audit   'axobject-query': [ '4.1.0' ],
20 silly audit   'base64-js': [ '0.0.8' ],
20 silly audit   'baseline-browser-mapping': [ '2.10.30' ],
20 silly audit   'blake3-wasm': [ '2.1.5' ],
20 silly audit   braces: [ '3.0.3' ],
20 silly audit   browserslist: [ '4.28.2' ],
20 silly audit   'buffer-from': [ '1.1.2' ],
20 silly audit   'call-bind': [ '1.0.9' ],
20 silly audit   'call-bind-apply-helpers': [ '1.0.2' ],
20 silly audit   'call-bound': [ '1.0.4' ],
20 silly audit   callsites: [ '3.1.0' ],
20 silly audit   camelcase: [ '5.3.1' ],
20 silly audit   camelize: [ '1.0.1' ],
20 silly audit   'caniuse-lite': [ '1.0.30001793' ],
20 silly audit   chalk: [ '4.1.2' ],
20 silly audit   'chrome-trace-event': [ '1.0.4' ],
20 silly audit   'client-only': [ '0.0.1' ],
20 silly audit   cliui: [ '6.0.0' ],
20 silly audit   'color-convert': [ '2.0.1' ],
20 silly audit   'color-name': [ '1.1.4' ],
20 silly audit   commander: [ '2.20.3' ],
20 silly audit   'concat-map': [ '0.0.1' ],
20 silly audit   'convert-source-map': [ '2.0.0' ],
20 silly audit   cookie: [ '1.1.1' ],
20 silly audit   'cross-spawn': [ '7.0.6' ],
20 silly audit   'css-background-parser': [ '0.1.0' ],
20 silly audit   'css-box-shadow': [ '1.0.0-3' ],
20 silly audit   'css-color-keywords': [ '1.0.0' ],
20 silly audit   'css-gradient-parser': [ '0.0.16' ],
20 silly audit   'css-to-react-native': [ '3.2.0' ],
20 silly audit   csstype: [ '3.2.3' ],
20 silly audit   'damerau-levenshtein': [ '1.0.8' ],
20 silly audit   'data-view-buffer': [ '1.0.2' ],
20 silly audit   'data-view-byte-length': [ '1.0.2' ],
20 silly audit   'data-view-byte-offset': [ '1.0.1' ],
20 silly audit   debug: [ '4.4.3', '3.2.7' ],
20 silly audit   decamelize: [ '1.2.0' ],
20 silly audit   'deep-is': [ '0.1.4' ],
20 silly audit   'define-data-property': [ '1.1.4' ],
20 silly audit   'define-properties': [ '1.2.1' ],
20 silly audit   'detect-libc': [ '2.1.2' ],
20 silly audit   dijkstrajs: [ '1.0.3' ],
20 silly audit   doctrine: [ '2.1.0' ],
20 silly audit   'drizzle-kit': [ '0.31.10' ],
20 silly audit   'drizzle-orm': [ '0.45.2' ],
20 silly audit   'dunder-proto': [ '1.0.1' ],
20 silly audit   'electron-to-chromium': [ '1.5.358' ],
20 silly audit   'emoji-regex': [ '9.2.2', '8.0.0' ],
20 silly audit   'emoji-regex-xs': [ '2.0.1' ],
20 silly audit   'enhanced-resolve': [ '5.21.3' ],
20 silly audit   'error-stack-parser-es': [ '1.0.5' ],
20 silly audit   'es-abstract': [ '1.24.2' ],
20 silly audit   'es-define-property': [ '1.0.1' ],
20 silly audit   'es-errors': [ '1.3.0' ],
20 silly audit   'es-iterator-helpers': [ '1.3.2' ],
20 silly audit   'es-module-lexer': [ '2.1.0', '1.7.0' ],
20 silly audit   'es-object-atoms': [ '1.1.1' ],
20 silly audit   'es-set-tostringtag': [ '2.1.0' ],
20 silly audit   'es-shim-unscopables': [ '1.1.0' ],
20 silly audit   'es-to-primitive': [ '1.3.0' ],
20 silly audit   escalade: [ '3.2.0' ],
20 silly audit   'escape-html': [ '1.0.3' ],
20 silly audit   'escape-string-regexp': [ '4.0.0' ],
20 silly audit   eslint: [ '9.39.4' ],
20 silly audit   'eslint-config-next': [ '16.2.6' ],
20 silly audit   globals: [ '16.4.0', '14.0.0' ],
20 silly audit   'eslint-import-resolver-node': [ '0.3.10' ],
20 silly audit   'eslint-import-resolver-typescript': [ '3.10.1' ],
20 silly audit   'eslint-module-utils': [ '2.12.1' ],
20 silly audit   'eslint-plugin-import': [ '2.32.0' ],
20 silly audit   'eslint-plugin-jsx-a11y': [ '6.10.2' ],
20 silly audit   'eslint-plugin-react': [ '7.37.5' ],
20 silly audit   'eslint-plugin-react-hooks': [ '7.1.1' ],
20 silly audit   'eslint-scope': [ '8.4.0', '5.1.1' ],
20 silly audit   espree: [ '10.4.0' ],
20 silly audit   esquery: [ '1.7.0' ],
20 silly audit   esrecurse: [ '4.3.0' ],
20 silly audit   estraverse: [ '5.3.0', '4.3.0' ],
20 silly audit   'estree-walker': [ '3.0.3' ],
20 silly audit   esutils: [ '2.0.3' ],
20 silly audit   events: [ '3.3.0' ],
20 silly audit   'fast-deep-equal': [ '3.1.3' ],
20 silly audit   'fast-glob': [ '3.3.1', '3.3.3' ],
20 silly audit   'glob-parent': [ '5.1.2', '6.0.2' ],
20 silly audit   'fast-json-stable-stringify': [ '2.1.0' ],
20 silly audit   'fast-levenshtein': [ '2.0.6' ],
20 silly audit   'fast-uri': [ '3.1.2' ],
20 silly audit   fastq: [ '1.20.1' ],
20 silly audit   fflate: [ '0.7.4' ],
20 silly audit   'file-entry-cache': [ '8.0.0' ],
20 silly audit   'fill-range': [ '7.1.1' ],
20 silly audit   'find-up': [ '5.0.0', '4.1.0' ],
20 silly audit   'flat-cache': [ '4.0.1' ],
20 silly audit   flatted: [ '3.4.2' ],
20 silly audit   'for-each': [ '0.3.5' ],
20 silly audit   fsevents: [ '2.3.3' ],
20 silly audit   'function-bind': [ '1.1.2' ],
20 silly audit   'function.prototype.name': [ '1.1.8' ],
20 silly audit   'functions-have-names': [ '1.2.3' ],
20 silly audit   'generator-function': [ '2.0.1' ],
20 silly audit   gensync: [ '1.0.0-beta.2' ],
20 silly audit   'get-caller-file': [ '2.0.5' ],
20 silly audit   'get-intrinsic': [ '1.3.0' ],
20 silly audit   'get-proto': [ '1.0.1' ],
20 silly audit   'get-symbol-description': [ '1.1.0' ],
20 silly audit   'get-tsconfig': [ '4.14.0' ],
20 silly audit   'glob-to-regexp': [ '0.4.1' ],
20 silly audit   globalthis: [ '1.0.4' ],
20 silly audit   globrex: [ '0.1.2' ],
20 silly audit   gopd: [ '1.2.0' ],
20 silly audit   'graceful-fs': [ '4.2.11' ],
20 silly audit   'has-bigints': [ '1.1.0' ],
20 silly audit   'has-flag': [ '4.0.0' ],
20 silly audit   'has-property-descriptors': [ '1.0.2' ],
20 silly audit   'has-proto': [ '1.2.0' ],
20 silly audit   'has-symbols': [ '1.1.0' ],
20 silly audit   'has-tostringtag': [ '1.0.2' ],
20 silly audit   hasown: [ '2.0.3' ],
20 silly audit   'hermes-estree': [ '0.25.1' ],
20 silly audit   'hermes-parser': [ '0.25.1' ],
20 silly audit   'hex-rgb': [ '4.3.0' ],
20 silly audit   'image-size': [ '2.0.2' ],
20 silly audit   'import-fresh': [ '3.3.1' ],
20 silly audit   imurmurhash: [ '0.1.4' ],
20 silly audit   'internal-slot': [ '1.1.0' ],
20 silly audit   'ipaddr.js': [ '2.4.0' ],
20 silly audit   'is-array-buffer': [ '3.0.5' ],
20 silly audit   'is-async-function': [ '2.1.1' ],
20 silly audit   'is-bigint': [ '1.1.0' ],
20 silly audit   'is-boolean-object': [ '1.2.2' ],
20 silly audit   'is-bun-module': [ '2.0.0' ],
20 silly audit   'is-callable': [ '1.2.7' ],
20 silly audit   'is-core-module': [ '2.16.2' ],
20 silly audit   'is-data-view': [ '1.0.2' ],
20 silly audit   'is-date-object': [ '1.1.0' ],
20 silly audit   'is-extglob': [ '2.1.1' ],
20 silly audit   'is-finalizationregistry': [ '1.1.1' ],
20 silly audit   'is-fullwidth-code-point': [ '3.0.0' ],
20 silly audit   'is-generator-function': [ '1.1.2' ],
20 silly audit   'is-glob': [ '4.0.3' ],
20 silly audit   'is-map': [ '2.0.3' ],
20 silly audit   'is-negative-zero': [ '2.0.3' ],
20 silly audit   'is-number': [ '7.0.0' ],
20 silly audit   'is-number-object': [ '1.1.1' ],
20 silly audit   'is-regex': [ '1.2.1' ],
20 silly audit   'is-set': [ '2.0.3' ],
20 silly audit   'is-shared-array-buffer': [ '1.0.4' ],
20 silly audit   'is-string': [ '1.1.1' ],
20 silly audit   'is-symbol': [ '1.1.1' ],
20 silly audit   'is-typed-array': [ '1.1.15' ],
20 silly audit   'is-weakmap': [ '2.0.2' ],
20 silly audit   'is-weakref': [ '1.1.1' ],
20 silly audit   'is-weakset': [ '2.0.4' ],
20 silly audit   isarray: [ '2.0.5' ],
20 silly audit   isexe: [ '2.0.0' ],
20 silly audit   'iterator.prototype': [ '1.1.5' ],
20 silly audit   'jest-worker': [ '27.5.1' ],
20 silly audit   jiti: [ '2.7.0' ],
20 silly audit   'js-tokens': [ '4.0.0', '9.0.1' ],
20 silly audit   'js-yaml': [ '4.1.1' ],
20 silly audit   jsesc: [ '3.1.0' ],
20 silly audit   'json-buffer': [ '3.0.1' ],
20 silly audit   'json-stable-stringify-without-jsonify': [ '1.0.1' ],
20 silly audit   json5: [ '2.2.3', '1.0.2' ],
20 silly audit   'jsx-ast-utils': [ '3.3.5' ],
20 silly audit   keyv: [ '4.5.4' ],
20 silly audit   kleur: [ '4.1.5' ],
20 silly audit   'language-subtag-registry': [ '0.3.23' ],
20 silly audit   'language-tags': [ '1.0.9' ],
20 silly audit   levn: [ '0.4.1' ],
20 silly audit   lightningcss: [ '1.31.1', '1.32.0' ],
20 silly audit   'lightningcss-android-arm64': [ '1.31.1', '1.32.0' ],
20 silly audit   'lightningcss-darwin-arm64': [ '1.31.1', '1.32.0' ],
20 silly audit   'lightningcss-darwin-x64': [ '1.31.1', '1.32.0' ],
20 silly audit   'lightningcss-freebsd-x64': [ '1.31.1', '1.32.0' ],
20 silly audit   'lightningcss-linux-arm-gnueabihf': [ '1.31.1', '1.32.0' ],
20 silly audit   'lightningcss-linux-arm64-gnu': [ '1.31.1', '1.32.0' ],
20 silly audit   'lightningcss-linux-arm64-musl': [ '1.31.1', '1.32.0' ],
20 silly audit   'lightningcss-linux-x64-gnu': [ '1.31.1', '1.32.0' ],
20 silly audit   'lightningcss-linux-x64-musl': [ '1.31.1', '1.32.0' ],
20 silly audit   'lightningcss-win32-arm64-msvc': [ '1.31.1', '1.32.0' ],
20 silly audit   'lightningcss-win32-x64-msvc': [ '1.31.1', '1.32.0' ],
20 silly audit   linebreak: [ '1.1.0' ],
20 silly audit   'loader-runner': [ '4.3.2' ],
20 silly audit   'locate-path': [ '6.0.0', '5.0.0' ],
20 silly audit   'lodash.merge': [ '4.6.2' ],
20 silly audit   'loose-envify': [ '1.4.0' ],
20 silly audit   'lru-cache': [ '5.1.1' ],
20 silly audit   'magic-string': [ '0.30.21' ],
20 silly audit   'math-intrinsics': [ '1.1.0' ],
20 silly audit   'merge-stream': [ '2.0.0' ],
20 silly audit   merge2: [ '1.4.1' ],
20 silly audit   micromatch: [ '4.0.8' ],
20 silly audit   'mime-db': [ '1.54.0' ],
20 silly audit   miniflare: [ '4.20260515.0' ],
20 silly audit   minimist: [ '1.2.8' ],
20 silly audit   ms: [ '2.1.3' ],
20 silly audit   nanoid: [ '3.3.12' ],
20 silly audit   'napi-postinstall': [ '0.3.4' ],
20 silly audit   'natural-compare': [ '1.4.0' ],
20 silly audit   'neo-async': [ '2.6.2' ],
20 silly audit   next: [ '16.2.6' ],
20 silly audit   postcss: [ '8.4.31', '8.5.14' ],
20 silly audit   'node-exports-info': [ '1.6.0' ],
20 silly audit   'node-releases': [ '2.0.44' ],
20 silly audit   'object-assign': [ '4.1.1' ],
20 silly audit   'object-inspect': [ '1.13.4' ],
20 silly audit   'object-keys': [ '1.1.1' ],
20 silly audit   'object.assign': [ '4.1.7' ],
20 silly audit   'object.entries': [ '1.1.9' ],
20 silly audit   'object.fromentries': [ '2.0.8' ],
20 silly audit   'object.groupby': [ '1.0.3' ],
20 silly audit   'object.values': [ '1.2.1' ],
20 silly audit   optionator: [ '0.9.4' ],
20 silly audit   'own-keys': [ '1.0.1' ],
20 silly audit   'p-limit': [ '3.1.0', '2.3.0' ],
20 silly audit   'p-locate': [ '5.0.0', '4.1.0' ],
20 silly audit   'p-try': [ '2.2.0' ],
20 silly audit   pako: [ '0.2.9' ],
20 silly audit   'parent-module': [ '1.0.1' ],
20 silly audit   'parse-css-color': [ '0.2.1' ],
20 silly audit   'path-exists': [ '4.0.0' ],
20 silly audit   'path-key': [ '3.1.1' ],
20 silly audit   'path-parse': [ '1.0.7' ],
20 silly audit   'path-to-regexp': [ '6.3.0' ],
20 silly audit   pathe: [ '2.0.3' ],
20 silly audit   picocolors: [ '1.1.1' ],
20 silly audit   picomatch: [ '2.3.2', '4.0.4' ],
20 silly audit   pngjs: [ '5.0.0' ],
20 silly audit   'possible-typed-array-names': [ '1.1.0' ],
20 silly audit   'postcss-value-parser': [ '4.2.0' ],
20 silly audit   'prelude-ls': [ '1.2.1' ],
20 silly audit   'prop-types': [ '15.8.1' ],
20 silly audit   punycode: [ '2.3.1' ],
20 silly audit   qrcode: [ '1.5.4' ],
20 silly audit   'queue-microtask': [ '1.2.3' ],
20 silly audit   react: [ '19.2.6' ],
20 silly audit   'react-dom': [ '19.2.6' ],
20 silly audit   'react-is': [ '16.13.1' ],
20 silly audit   'react-server-dom-webpack': [ '19.2.6' ],
20 silly audit   'reflect.getprototypeof': [ '1.0.10' ],
20 silly audit   'regexp.prototype.flags': [ '1.5.4' ],
20 silly audit   'require-directory': [ '2.1.1' ],
20 silly audit   'require-from-string': [ '2.0.2' ],
20 silly audit   'require-main-filename': [ '2.0.0' ],
20 silly audit   resolve: [ '2.0.0-next.7' ],
20 silly audit   'resolve-from': [ '4.0.0' ],
20 silly audit   'resolve-pkg-maps': [ '1.0.0' ],
20 silly audit   reusify: [ '1.1.0' ],
20 silly audit   rolldown: [ '1.0.1' ],
20 silly audit   'run-parallel': [ '1.2.0' ],
20 silly audit   'safe-array-concat': [ '1.1.4' ],
20 silly audit   'safe-push-apply': [ '1.0.0' ],
20 silly audit   'safe-regex-test': [ '1.1.0' ],
20 silly audit   satori: [ '0.16.0' ],
20 silly audit   scheduler: [ '0.27.0' ],
20 silly audit   'schema-utils': [ '4.3.3' ],
20 silly audit   'ajv-keywords': [ '5.1.0' ],
20 silly audit   'set-blocking': [ '2.0.0' ],
20 silly audit   'set-function-length': [ '1.2.2' ],
20 silly audit   'set-function-name': [ '2.0.2' ],
20 silly audit   'set-proto': [ '1.0.0' ],
20 silly audit   sharp: [ '0.34.5' ],
20 silly audit   'shebang-command': [ '2.0.0' ],
20 silly audit   'shebang-regex': [ '3.0.0' ],
20 silly audit   'side-channel': [ '1.1.0' ],
20 silly audit   'side-channel-list': [ '1.0.1' ],
20 silly audit   'side-channel-map': [ '1.0.1' ],
20 silly audit   'side-channel-weakmap': [ '1.0.2' ],
20 silly audit   'source-map': [ '0.6.1' ],
20 silly audit   'source-map-js': [ '1.2.1' ],
20 silly audit   'source-map-support': [ '0.5.21' ],
20 silly audit   srvx: [ '0.11.15' ],
20 silly audit   'stable-hash': [ '0.0.5' ],
20 silly audit   'stop-iteration-iterator': [ '1.1.0' ],
20 silly audit   'string-width': [ '4.2.3' ],
20 silly audit   'string.prototype.codepointat': [ '0.2.1' ],
20 silly audit   'string.prototype.includes': [ '2.0.1' ],
20 silly audit   'string.prototype.matchall': [ '4.0.12' ],
20 silly audit   'string.prototype.repeat': [ '1.0.0' ],
20 silly audit   'string.prototype.trim': [ '1.2.10' ],
20 silly audit   'string.prototype.trimend': [ '1.0.9' ],
20 silly audit   'string.prototype.trimstart': [ '1.0.8' ],
20 silly audit   'strip-ansi': [ '6.0.1' ],
20 silly audit   'strip-bom': [ '3.0.0' ],
20 silly audit   'strip-json-comments': [ '3.1.1' ],
20 silly audit   'strip-literal': [ '3.1.0' ],
20 silly audit   'styled-jsx': [ '5.1.6' ],
20 silly audit   'supports-preserve-symlinks-flag': [ '1.0.0' ],
20 silly audit   tailwindcss: [ '4.2.1' ],
20 silly audit   tapable: [ '2.3.3' ],
20 silly audit   terser: [ '5.47.1' ],
20 silly audit   'terser-webpack-plugin': [ '5.6.0' ],
20 silly audit   'tiny-inflate': [ '1.0.3' ],
20 silly audit   tinyglobby: [ '0.2.16' ],
20 silly audit   fdir: [ '6.5.0' ],
20 silly audit   'to-regex-range': [ '5.0.1' ],
20 silly audit   'ts-api-utils': [ '2.5.0' ],
20 silly audit   tsconfck: [ '3.1.6' ],
20 silly audit   'tsconfig-paths': [ '3.15.0' ],
20 silly audit   tsx: [ '4.22.1' ],
20 silly audit   'turbo-stream': [ '3.2.0' ],
20 silly audit   'type-check': [ '0.4.0' ],
20 silly audit   'typed-array-buffer': [ '1.0.3' ],
20 silly audit   'typed-array-byte-length': [ '1.0.3' ],
20 silly audit   'typed-array-byte-offset': [ '1.0.4' ],
20 silly audit   'typed-array-length': [ '1.0.7' ],
20 silly audit   typescript: [ '5.9.3' ],
20 silly audit   'typescript-eslint': [ '8.59.3' ],
20 silly audit   'unbox-primitive': [ '1.1.0' ],
20 silly audit   undici: [ '7.24.8' ],
20 silly audit   'undici-types': [ '6.21.0' ],
20 silly audit   unenv: [ '2.0.0-rc.24' ],
20 silly audit   'unicode-trie': [ '2.0.0' ],
20 silly audit   unpic: [ '4.2.2' ],
20 silly audit   'unrs-resolver': [ '1.11.1' ],
20 silly audit   'update-browserslist-db': [ '1.2.3' ],
20 silly audit   'uri-js': [ '4.4.1' ],
20 silly audit   vinext: [ '0.0.50' ],
20 silly audit   vite: [ '8.0.13' ],
20 silly audit   'vite-plugin-commonjs': [ '0.10.4' ],
20 silly audit   'vite-plugin-dynamic-import': [ '1.6.0' ],
20 silly audit   'vite-tsconfig-paths': [ '6.1.1' ],
20 silly audit   vitefu: [ '1.1.3' ],
20 silly audit   watchpack: [ '2.5.1' ],
20 silly audit   'web-vitals': [ '4.2.4' ],
20 silly audit   webpack: [ '5.106.2' ],
20 silly audit   'webpack-sources': [ '3.4.1' ],
20 silly audit   which: [ '2.0.2' ],
20 silly audit   'which-boxed-primitive': [ '1.1.1' ],
20 silly audit   'which-builtin-type': [ '1.2.1' ],
20 silly audit   'which-collection': [ '1.0.2' ],
20 silly audit   'which-module': [ '2.0.1' ],
20 silly audit   'which-typed-array': [ '1.1.20' ],
20 silly audit   'word-wrap': [ '1.2.5' ],
20 silly audit   workerd: [ '1.20260515.1' ],
20 silly audit   wrangler: [ '4.92.0' ],
20 silly audit   'wrap-ansi': [ '6.2.0' ],
20 silly audit   ws: [ '8.18.0' ],
20 silly audit   y18n: [ '4.0.3' ],
20 silly audit   yallist: [ '3.1.1' ],
20 silly audit   yargs: [ '15.4.1' ],
20 silly audit   'yargs-parser': [ '18.1.3' ],
20 silly audit   'yocto-queue': [ '0.1.0' ],
20 silly audit   'yoga-layout': [ '3.2.1' ],
20 silly audit   youch: [ '4.1.0-beta.10' ],
20 silly audit   'youch-core': [ '0.3.3' ],
20 silly audit   zod: [ '4.4.3' ],
20 silly audit   'zod-validation-error': [ '4.0.2' ],
20 silly audit   '@types/qrcode': [ '1.5.6' ]
20 silly audit }
21 http cache @types/qrcode@https://registry.npmjs.org/@types/qrcode/-/qrcode-1.5.6.tgz 0ms (cache hit)
22 silly tarball no local data for @types/qrcode@https://registry.npmjs.org/@types/qrcode/-/qrcode-1.5.6.tgz. Extracting by manifest.
23 http fetch GET 200 https://registry.npmjs.org/@types/qrcode/-/qrcode-1.5.6.tgz 192ms (cache miss)
24 http fetch POST 200 https://registry.npmjs.org/-/npm/v1/security/advisories/bulk 335ms
25 silly audit report {
25 silly audit report   '@babel/core': [
25 silly audit report     {
25 silly audit report       id: 1123528,
25 silly audit report       url: 'https://github.com/advisories/GHSA-4x5r-pxfx-6jf8',
25 silly audit report       title: '@babel/core: Arbitrary File Read via sourceMappingURL Comment',
25 silly audit report       severity: 'low',
25 silly audit report       vulnerable_versions: '<=7.29.0',
25 silly audit report       cwe: [Array],
25 silly audit report       cvss: [Object]
25 silly audit report     }
25 silly audit report   ],
25 silly audit report   esbuild: [
25 silly audit report     {
25 silly audit report       id: 1102341,
25 silly audit report       url: 'https://github.com/advisories/GHSA-67mh-4wv8-2f99',
25 silly audit report       title: 'esbuild enables any website to send any requests to the development server and read the response',
25 silly audit report       severity: 'moderate',
25 silly audit report       vulnerable_versions: '<=0.24.2',
25 silly audit report       cwe: [Array],
25 silly audit report       cvss: [Object]
25 silly audit report     },
25 silly audit report     {
25 silly audit report       id: 1120680,
25 silly audit report       url: 'https://github.com/advisories/GHSA-g7r4-m6w7-qqqr',
25 silly audit report       title: 'esbuild allows arbitrary file read when running the development server on Windows',
25 silly audit report       severity: 'low',
25 silly audit report       vulnerable_versions: '>=0.27.3 <0.28.1',
25 silly audit report       cwe: [Array],
25 silly audit report       cvss: [Object]
25 silly audit report     }
25 silly audit report   ],
25 silly audit report   'brace-expansion': [
25 silly audit report     {
25 silly audit report       id: 1130588,
25 silly audit report       url: 'https://github.com/advisories/GHSA-mh99-v99m-4gvg',
25 silly audit report       title: 'brace-expansion: DoS via unbounded expansion length causing an out-of-memory process crash',
25 silly audit report       severity: 'high',
25 silly audit report       vulnerable_versions: '<1.1.17',
25 silly audit report       cwe: [Array],
25 silly audit report       cvss: [Object]
25 silly audit report     },
25 silly audit report     {
25 silly audit report       id: 1130591,
25 silly audit report       url: 'https://github.com/advisories/GHSA-mh99-v99m-4gvg',
25 silly audit report       title: 'brace-expansion: DoS via unbounded expansion length causing an out-of-memory process crash',
25 silly audit report       severity: 'high',
25 silly audit report       vulnerable_versions: '>=4.0.0 <5.0.8',
25 silly audit report       cwe: [Array],
25 silly audit report       cvss: [Object]
25 silly audit report     },
25 silly audit report     {
25 silly audit report       id: 1123897,
25 silly audit report       url: 'https://github.com/advisories/GHSA-3jxr-9vmj-r5cp',
25 silly audit report       title: 'brace-expansion: DoS via exponential-time expansion of consecutive non-expanding {} groups',
25 silly audit report       severity: 'high',
25 silly audit report       vulnerable_versions: '<1.1.16',
25 silly audit report       cwe: [Array],
25 silly audit report       cvss: [Object]
25 silly audit report     },
25 silly audit report     {
25 silly audit report       id: 1123898,
25 silly audit report       url: 'https://github.com/advisories/GHSA-3jxr-9vmj-r5cp',
25 silly audit report       title: 'brace-expansion: DoS via exponential-time expansion of consecutive non-expanding {} groups',
25 silly audit report       severity: 'high',
25 silly audit report       vulnerable_versions: '>=3.0.0 <5.0.7',
25 silly audit report       cwe: [Array],
25 silly audit report       cvss: [Object]
25 silly audit report     }
25 silly audit report   ],
25 silly audit report   'fast-uri': [
25 silly audit report     {
25 silly audit report       id: 1130178,
25 silly audit report       url: 'https://github.com/advisories/GHSA-4c8g-83qw-93j6',
25 silly audit report       title: 'fast-uri vulnerable to host confusion via failed IDN canonicalization',
25 silly audit report       severity: 'high',
25 silly audit report       vulnerable_versions: '>=3.0.0 <3.1.3',
25 silly audit report       cwe: [Array],
25 silly audit report       cvss: [Object]
25 silly audit report     },
25 silly audit report     {
25 silly audit report       id: 1124064,
25 silly audit report       url: 'https://github.com/advisories/GHSA-v2hh-gcrm-f6hx',
25 silly audit report       title: 'fast-uri vulnerable to host confusion via literal backslash authority delimiter',
25 silly audit report       severity: 'high',
25 silly audit report       vulnerable_versions: '>=3.0.0 <=3.1.3',
25 silly audit report       cwe: [Array],
25 silly audit report       cvss: [Object]
25 silly audit report     }
25 silly audit report   ],
25 silly audit report   'js-yaml': [
25 silly audit report     {
25 silly audit report       id: 1121860,
25 silly audit report       url: 'https://github.com/advisories/GHSA-h67p-54hq-rp68',
25 silly audit report       title: 'JS-YAML: Quadratic-complexity DoS in merge key handling via repeated aliases',
25 silly audit report       severity: 'moderate',
25 silly audit report       vulnerable_versions: '>=4.0.0 <=4.1.1',
25 silly audit report       cwe: [Array],
25 silly audit report       cvss: [Object]
25 silly audit report     },
25 silly audit report     {
25 silly audit report       id: 1123911,
25 silly audit report       url: 'https://github.com/advisories/GHSA-52cp-r559-cp3m',
25 silly audit report       title: 'js-yaml: YAML merge-key chains can force quadratic CPU consumption',
25 silly audit report       severity: 'high',
25 silly audit report       vulnerable_versions: '>=4.0.0 <4.3.0',
25 silly audit report       cwe: [Array],
25 silly audit report       cvss: [Object]
25 silly audit report     }
25 silly audit report   ],
25 silly audit report   next: [
25 silly audit report     {
25 silly audit report       id: 1124184,
25 silly audit report       url: 'https://github.com/advisories/GHSA-89xv-2m56-2m9x',
25 silly audit report       title: 'Next.js: Server-Side Request Forgery in Server Actions on custom servers',
25 silly audit report       severity: 'high',
25 silly audit report       vulnerable_versions: '>=16.0.0 <16.2.11',
25 silly audit report       cwe: [Array],
25 silly audit report       cvss: [Object]
25 silly audit report     },
25 silly audit report     {
25 silly audit report       id: 1124186,
25 silly audit report       url: 'https://github.com/advisories/GHSA-68g3-v927-f742',
25 silly audit report       title: 'Next.js: Cache confusion of response bodies for requests with bodies',
25 silly audit report       severity: 'moderate',
25 silly audit report       vulnerable_versions: '>=16.0.0 <16.2.11',
25 silly audit report       cwe: [Array],
25 silly audit report       cvss: [Object]
25 silly audit report     },
25 silly audit report     {
25 silly audit report       id: 1124170,
25 silly audit report       url: 'https://github.com/advisories/GHSA-6gpp-xcg3-4w24',
25 silly audit report       title: 'Next.js: Middleware / Proxy bypass in App Router applications using Turbopack and single locale',
25 silly audit report       severity: 'high',
25 silly audit report       vulnerable_versions: '>=16.0.0 <16.2.11',
25 silly audit report       cwe: [Array],
25 silly audit report       cvss: [Object]
25 silly audit report     },
25 silly audit report     {
25 silly audit report       id: 1124171,
25 silly audit report       url: 'https://github.com/advisories/GHSA-m99w-x7hq-7vfj',
25 silly audit report       title: 'Next.js: Denial of Service in App Router using Server Actions',
25 silly audit report       severity: 'high',
25 silly audit report       vulnerable_versions: '>=16.0.0 <16.2.11',
25 silly audit report       cwe: [Array],
25 silly audit report       cvss: [Object]
25 silly audit report     },
25 silly audit report     {
25 silly audit report       id: 1124188,
25 silly audit report       url: 'https://github.com/advisories/GHSA-4633-3j49-mh5q',
25 silly audit report       title: 'Next.js: Cache confusion of response bodies for requests with bodies containing invalid UTF-8 byte sequences',
25 silly audit report       severity: 'moderate',
25 silly audit report       vulnerable_versions: '>=16.0.0 <16.2.11',
25 silly audit report       cwe: [Array],
25 silly audit report       cvss: [Object]
25 silly audit report     },
25 silly audit report     {
25 silly audit report       id: 1124190,
25 silly audit report       url: 'https://github.com/advisories/GHSA-4c39-4ccg-62r3',
25 silly audit report       title: 'Next.js: Unbounded Server Action payload in Edge runtime',
25 silly audit report       severity: 'moderate',
25 silly audit report       vulnerable_versions: '>=16.0.0 <16.2.11',
25 silly audit report       cwe: [Array],
25 silly audit report       cvss: [Object]
25 silly audit report     },
25 silly audit report     {
25 silly audit report       id: 1124192,
25 silly audit report       url: 'https://github.com/advisories/GHSA-p9j2-gv94-2wf4',
25 silly audit report       title: 'Next.js: Server-Side Request Forgery in rewrites via attacker-controlled destination hostname',
25 silly audit report       severity: 'high',
25 silly audit report       vulnerable_versions: '>=16.0.0 <16.2.11',
25 silly audit report       cwe: [Array],
25 silly audit report       cvss: [Object]
25 silly audit report     },
25 silly audit report     {
25 silly audit report       id: 1124194,
25 silly audit report       url: 'https://github.com/advisories/GHSA-q8wf-6r8g-63ch',
25 silly audit report       title: 'Next.js: Denial of Service in the Image Optimization API using SVGs',
25 silly audit report       severity: 'moderate',
25 silly audit report       vulnerable_versions: '>=16.0.0 <16.2.11',
25 silly audit report       cwe: [Array],
25 silly audit report       cvss: [Object]
25 silly audit report     },
25 silly audit report     {
25 silly audit report       id: 1124196,
25 silly audit report       url: 'https://github.com/advisories/GHSA-955p-x3mx-jcvp',
25 silly audit report       title: 'Next.js: Unauthenticated disclosure of internal Server Function endpoints',
25 silly audit report       severity: 'moderate',
25 silly audit report       vulnerable_versions: '>=16.0.0 <16.2.11',
25 silly audit report       cwe: [Array],
25 silly audit report       cvss: [Object]
25 silly audit report     }
25 silly audit report   ],
25 silly audit report   postcss: [
25 silly audit report     {
25 silly audit report       id: 1117015,
25 silly audit report       url: 'https://github.com/advisories/GHSA-qx2v-qp2m-jg93',
25 silly audit report       title: 'PostCSS has XSS via Unescaped </style> in its CSS Stringify Output',
25 silly audit report       severity: 'moderate',
25 silly audit report       vulnerable_versions: '<8.5.10',
25 silly audit report       cwe: [Array],
25 silly audit report       cvss: [Object]
25 silly audit report     },
25 silly audit report     {
25 silly audit report       id: 1124252,
25 silly audit report       url: 'https://github.com/advisories/GHSA-6g55-p6wh-862q',
25 silly audit report       title: 'PostCSS: Arbitrary file read and information disclosure via attacker-controlled sourceMappingURL in CSS comments',
25 silly audit report       severity: 'high',
25 silly audit report       vulnerable_versions: '<=8.5.11',
25 silly audit report       cwe: [Array],
25 silly audit report       cvss: [Object]
25 silly audit report     },
25 silly audit report     {
25 silly audit report       id: 1124288,
25 silly audit report       url: 'https://github.com/advisories/GHSA-r28c-9q8g-f849',
25 silly audit report       title: 'PostCSS: Path Traversal in Previous Source Map Auto-Loading (sourceMappingURL) leads to Arbitrary .map File Disclosure',
25 silly audit report       severity: 'high',
25 silly audit report       vulnerable_versions: '<=8.5.17',
25 silly audit report       cwe: [Array],
25 silly audit report       cvss: [Object]
25 silly audit report     }
25 silly audit report   ],
25 silly audit report   'react-server-dom-webpack': [
25 silly audit report     {
25 silly audit report       id: 1124314,
25 silly audit report       url: 'https://github.com/advisories/GHSA-wx67-qw84-cm4g',
25 silly audit report       title: 'react-server-dom: Denial of Service in Server Functions',
25 silly audit report       severity: 'high',
25 silly audit report       vulnerable_versions: '>=19.2.0 <19.2.8',
25 silly audit report       cwe: [Array],
25 silly audit report       cvss: [Object]
25 silly audit report     }
25 silly audit report   ],
25 silly audit report   sharp: [
25 silly audit report     {
25 silly audit report       id: 1124066,
25 silly audit report       url: 'https://github.com/advisories/GHSA-f88m-g3jw-g9cj',
25 silly audit report       title: 'sharp inherited vulnerabilities in libvips: CVE-2026-33327, CVE-2026-33328, CVE-2026-35590, CVE-2026-35591',
25 silly audit report       severity: 'high',
25 silly audit report       vulnerable_versions: '<0.35.0',
25 silly audit report       cwe: [Array],
25 silly audit report       cvss: [Object]
25 silly audit report     }
25 silly audit report   ],
25 silly audit report   undici: [
25 silly audit report     {
25 silly audit report       id: 1121187,
25 silly audit report       url: 'https://github.com/advisories/GHSA-vmh5-mc38-953g',
25 silly audit report       title: 'undici vulnerable to TLS certificate validation bypass via dropped requestTls in SOCKS5 ProxyAgent',
25 silly audit report       severity: 'high',
25 silly audit report       vulnerable_versions: '>=7.23.0 <7.28.0',
25 silly audit report       cwe: [Array],
25 silly audit report       cvss: [Object]
25 silly audit report     },
25 silly audit report     {
25 silly audit report       id: 1121241,
25 silly audit report       url: 'https://github.com/advisories/GHSA-p88m-4jfj-68fv',
25 silly audit report       title: 'undici vulnerable to HTTP header injection via Set-Cookie percent-decoding',
25 silly audit report       severity: 'moderate',
25 silly audit report       vulnerable_versions: '>=7.0.0 <7.28.0',
25 silly audit report       cwe: [Array],
25 silly audit report       cvss: [Object]
25 silly audit report     },
25 silly audit report     {
25 silly audit report       id: 1121244,
25 silly audit report       url: 'https://github.com/advisories/GHSA-vxpw-j846-p89q',
25 silly audit report       title: 'undici WebSocket client vulnerable to denial of service via fragment count bypass',
25 silly audit report       severity: 'high',
25 silly audit report       vulnerable_versions: '>=7.0.0 <7.28.0',
25 silly audit report       cwe: [Array],
25 silly audit report       cvss: [Object]
25 silly audit report     },
25 silly audit report     {
25 silly audit report       id: 1121247,
25 silly audit report       url: 'https://github.com/advisories/GHSA-hm92-r4w5-c3mj',
25 silly audit report       title: 'undici vulnerable to cross-origin request routing via SOCKS5 proxy pool reuse',
25 silly audit report       severity: 'high',
25 silly audit report       vulnerable_versions: '>=7.23.0 <7.28.0',
25 silly audit report       cwe: [Array],
25 silly audit report       cvss: [Object]
25 silly audit report     },
25 silly audit report     {
25 silly audit report       id: 1121249,
25 silly audit report       url: 'https://github.com/advisories/GHSA-35p6-xmwp-9g52',
25 silly audit report       title: 'undici vulnerable to HTTP response queue poisoning via keep-alive socket reuse',
25 silly audit report       severity: 'low',
25 silly audit report       vulnerable_versions: '>=7.0.0 <7.28.0',
25 silly audit report       cwe: [Array],
25 silly audit report       cvss: [Object]
25 silly audit report     },
25 silly audit report     {
25 silly audit report       id: 1121254,
25 silly audit report       url: 'https://github.com/advisories/GHSA-g8m3-5g58-fq7m',
25 silly audit report       title: 'undici vulnerable to Set-Cookie SameSite attribute downgrade via permissive substring matching',
25 silly audit report       severity: 'low',
25 silly audit report       vulnerable_versions: '>=7.0.0 <7.28.0',
25 silly audit report       cwe: [Array],
25 silly audit report       cvss: [Object]
25 silly audit report     },
25 silly audit report     {
25 silly audit report       id: 1121428,
25 silly audit report       url: 'https://github.com/advisories/GHSA-pr7r-676h-xcf6',
25 silly audit report       title: 'undici vulnerable to cross-user information disclosure via shared cache whitespace bypass',
25 silly audit report       severity: 'moderate',
25 silly audit report       vulnerable_versions: '>=7.0.0 <7.28.0',
25 silly audit report       cwe: [Array],
25 silly audit report       cvss: [Object]
25 silly audit report     }
25 silly audit report   ],
25 silly audit report   vite: [
25 silly audit report     {
25 silly audit report       id: 1120786,
25 silly audit report       url: 'https://github.com/advisories/GHSA-v6wh-96g9-6wx3',
25 silly audit report       title: 'launch-editor: NTLMv2 hash disclosure via UNC path handling on Windows',
25 silly audit report       severity: 'moderate',
25 silly audit report       vulnerable_versions: '>=8.0.0 <=8.0.15',
25 silly audit report       cwe: [Array],
25 silly audit report       cvss: [Object]
25 silly audit report     },
25 silly audit report     {
25 silly audit report       id: 1123527,
25 silly audit report       url: 'https://github.com/advisories/GHSA-fx2h-pf6j-xcff',
25 silly audit report       title: 'vite: `server.fs.deny` bypass on Windows alternate paths',
25 silly audit report       severity: 'high',
25 silly audit report       vulnerable_versions: '>=8.0.0 <=8.0.15',
25 silly audit report       cwe: [Array],
25 silly audit report       cvss: [Object]
25 silly audit report     }
25 silly audit report   ],
25 silly audit report   ws: [
25 silly audit report     {
25 silly audit report       id: 1119108,
25 silly audit report       url: 'https://github.com/advisories/GHSA-58qx-3vcg-4xpx',
25 silly audit report       title: 'ws: Uninitialized memory disclosure',
25 silly audit report       severity: 'moderate',
25 silly audit report       vulnerable_versions: '>=8.0.0 <8.20.1',
25 silly audit report       cwe: [Array],
25 silly audit report       cvss: [Object]
25 silly audit report     },
25 silly audit report     {
25 silly audit report       id: 1123259,
25 silly audit report       url: 'https://github.com/advisories/GHSA-96hv-2xvq-fx4p',
25 silly audit report       title: 'ws: Memory exhaustion DoS from tiny fragments and data chunks',
25 silly audit report       severity: 'high',
25 silly audit report       vulnerable_versions: '>=8.0.0 <8.21.0',
25 silly audit report       cwe: [Array],
25 silly audit report       cvss: [Object]
25 silly audit report     }
25 silly audit report   ]
25 silly audit report }
26 silly packumentCache corgi:https://registry.npmjs.org/@babel%2fcore cache-miss
27 silly packumentCache corgi:https://registry.npmjs.org/esbuild cache-miss
28 silly packumentCache corgi:https://registry.npmjs.org/brace-expansion cache-miss
29 silly packumentCache corgi:https://registry.npmjs.org/fast-uri cache-miss
30 silly packumentCache corgi:https://registry.npmjs.org/js-yaml cache-miss
31 silly packumentCache corgi:https://registry.npmjs.org/next cache-miss
32 silly packumentCache corgi:https://registry.npmjs.org/postcss cache-miss
33 silly packumentCache corgi:https://registry.npmjs.org/react-server-dom-webpack cache-miss
34 silly packumentCache corgi:https://registry.npmjs.org/sharp cache-miss
35 silly packumentCache corgi:https://registry.npmjs.org/undici cache-miss
36 silly packumentCache corgi:https://registry.npmjs.org/vite cache-miss
37 silly packumentCache corgi:https://registry.npmjs.org/ws cache-miss
38 http cache https://registry.npmjs.org/@babel%2fcore 112ms (cache hit)
39 silly packumentCache corgi:https://registry.npmjs.org/@babel%2fcore set size:422446 disposed:false
40 http cache https://registry.npmjs.org/js-yaml 115ms (cache hit)
41 silly packumentCache corgi:https://registry.npmjs.org/js-yaml set size:70542 disposed:false
42 http cache https://registry.npmjs.org/esbuild 119ms (cache hit)
43 silly packumentCache corgi:https://registry.npmjs.org/esbuild set size:887361 disposed:false
44 http cache https://registry.npmjs.org/react-server-dom-webpack 124ms (cache hit)
45 silly packumentCache corgi:https://registry.npmjs.org/react-server-dom-webpack set size:2497641 disposed:false
46 http cache https://registry.npmjs.org/brace-expansion 143ms (cache hit)
47 silly packumentCache corgi:https://registry.npmjs.org/brace-expansion set size:34964 disposed:false
48 http cache https://registry.npmjs.org/undici 142ms (cache hit)
49 silly packumentCache corgi:https://registry.npmjs.org/undici set size:454080 disposed:false
50 http cache https://registry.npmjs.org/fast-uri 156ms (cache hit)
51 silly packumentCache corgi:https://registry.npmjs.org/fast-uri set size:30599 disposed:false
52 http cache https://registry.npmjs.org/postcss 155ms (cache hit)
53 silly packumentCache corgi:https://registry.npmjs.org/postcss set size:354683 disposed:false
54 http cache https://registry.npmjs.org/next 189ms (cache hit)
55 silly packumentCache corgi:https://registry.npmjs.org/next set size:25415748 disposed:false
56 http cache https://registry.npmjs.org/sharp 616ms (cache hit)
57 silly packumentCache corgi:https://registry.npmjs.org/sharp set size:291503 disposed:false
58 http cache https://registry.npmjs.org/ws 620ms (cache hit)
59 silly packumentCache corgi:https://registry.npmjs.org/ws set size:205716 disposed:false
60 http cache https://registry.npmjs.org/vite 627ms (cache hit)
61 silly packumentCache corgi:https://registry.npmjs.org/vite set size:2291880 disposed:false
62 silly packumentCache corgi:https://registry.npmjs.org/@babel%2fhelper-module-transforms cache-miss
63 silly packumentCache corgi:https://registry.npmjs.org/eslint-plugin-react-hooks cache-miss
64 http cache https://registry.npmjs.org/@babel%2fhelper-module-transforms 9ms (cache hit)
65 silly packumentCache corgi:https://registry.npmjs.org/@babel%2fhelper-module-transforms set size:187739 disposed:false
66 http cache https://registry.npmjs.org/eslint-plugin-react-hooks 24ms (cache hit)
67 silly packumentCache corgi:https://registry.npmjs.org/eslint-plugin-react-hooks set size:4331165 disposed:false
68 silly packumentCache corgi:https://registry.npmjs.org/@esbuild-kit%2fcore-utils cache-miss
69 http cache https://registry.npmjs.org/@esbuild-kit%2fcore-utils 12ms (cache hit)
70 silly packumentCache corgi:https://registry.npmjs.org/@esbuild-kit%2fcore-utils set size:50200 disposed:false
71 silly packumentCache corgi:https://registry.npmjs.org/tsx cache-miss
72 silly packumentCache corgi:https://registry.npmjs.org/wrangler cache-miss
73 http cache https://registry.npmjs.org/tsx 26ms (cache hit)
74 silly packumentCache corgi:https://registry.npmjs.org/tsx set size:133144 disposed:false
75 http cache https://registry.npmjs.org/wrangler 57ms (cache hit)
76 silly packumentCache corgi:https://registry.npmjs.org/wrangler set size:16144738 disposed:false
77 silly packumentCache corgi:https://registry.npmjs.org/minimatch cache-miss
78 http cache https://registry.npmjs.org/minimatch 4ms (cache hit)
79 silly packumentCache corgi:https://registry.npmjs.org/minimatch set size:169442 disposed:false
80 silly packumentCache corgi:https://registry.npmjs.org/ajv cache-miss
81 http cache https://registry.npmjs.org/ajv 5ms (cache hit)
82 silly packumentCache corgi:https://registry.npmjs.org/ajv set size:467559 disposed:false
83 silly packumentCache corgi:https://registry.npmjs.org/@eslint%2feslintrc cache-miss
84 http cache https://registry.npmjs.org/@eslint%2feslintrc 4ms (cache hit)
85 silly packumentCache corgi:https://registry.npmjs.org/@eslint%2feslintrc set size:84432 disposed:false
86 silly packumentCache corgi:https://registry.npmjs.org/@unpic%2freact cache-miss
87 http cache https://registry.npmjs.org/@unpic%2freact 20ms (cache hit)
88 silly packumentCache corgi:https://registry.npmjs.org/@unpic%2freact set size:83169 disposed:false
89 silly packumentCache corgi:https://registry.npmjs.org/@tailwindcss%2fpostcss cache-miss
90 http cache https://registry.npmjs.org/@tailwindcss%2fpostcss 15ms (cache hit)
91 silly packumentCache corgi:https://registry.npmjs.org/@tailwindcss%2fpostcss set size:1000263 disposed:false
92 silly packumentCache corgi:https://registry.npmjs.org/@vitejs%2fplugin-rsc cache-miss
93 silly packumentCache corgi:https://registry.npmjs.org/vinext cache-miss
94 http cache https://registry.npmjs.org/vinext 13ms (cache hit)
95 silly packumentCache corgi:https://registry.npmjs.org/vinext set size:99424 disposed:false
96 http cache https://registry.npmjs.org/@vitejs%2fplugin-rsc 21ms (cache hit)
97 silly packumentCache corgi:https://registry.npmjs.org/@vitejs%2fplugin-rsc set size:87001 disposed:false
98 silly packumentCache corgi:https://registry.npmjs.org/miniflare cache-miss
99 http cache https://registry.npmjs.org/miniflare 37ms (cache hit)
100 silly packumentCache corgi:https://registry.npmjs.org/miniflare set size:3195429 disposed:false
101 silly packumentCache corgi:https://registry.npmjs.org/@cloudflare%2fvite-plugin cache-miss
102 silly packumentCache corgi:https://registry.npmjs.org/@vitejs%2fplugin-react cache-miss
103 silly packumentCache corgi:https://registry.npmjs.org/vite-tsconfig-paths cache-miss
104 silly packumentCache corgi:https://registry.npmjs.org/vitefu cache-miss
105 http cache https://registry.npmjs.org/@vitejs%2fplugin-react 21ms (cache hit)
106 silly packumentCache corgi:https://registry.npmjs.org/@vitejs%2fplugin-react set size:117751 disposed:false
107 http cache https://registry.npmjs.org/vitefu 23ms (cache hit)
108 silly packumentCache corgi:https://registry.npmjs.org/vitefu set size:22407 disposed:false
109 http cache https://registry.npmjs.org/@cloudflare%2fvite-plugin 30ms (cache hit)
110 silly packumentCache corgi:https://registry.npmjs.org/@cloudflare%2fvite-plugin set size:1050669 disposed:false
111 http cache https://registry.npmjs.org/vite-tsconfig-paths 39ms (cache hit)
112 silly packumentCache corgi:https://registry.npmjs.org/vite-tsconfig-paths set size:138136 disposed:false
113 silly packumentCache corgi:https://registry.npmjs.org/@esbuild-kit%2fesm-loader cache-miss
114 http cache https://registry.npmjs.org/@esbuild-kit%2fesm-loader 5ms (cache hit)
115 silly packumentCache corgi:https://registry.npmjs.org/@esbuild-kit%2fesm-loader set size:48382 disposed:false
116 silly packumentCache corgi:https://registry.npmjs.org/drizzle-kit cache-miss
117 http cache https://registry.npmjs.org/drizzle-kit 6ms (cache hit)
118 silly packumentCache corgi:https://registry.npmjs.org/drizzle-kit set size:1236112 disposed:false
119 silly ADD node_modules/@types/qrcode
120 verbose cwd C:\wang\mobile-order
121 verbose os Windows_NT 10.0.26200
122 verbose node v24.14.1
123 verbose npm  v11.11.0
124 verbose exit 0
125 info ok
