0 verbose cli C:\Program Files\nodejs\node.exe C:\Program Files\nodejs\node_modules\npm\bin\npm-cli.js
1 info using npm@11.11.0
2 info using node@v24.14.1
3 silly config load:file:C:\Program Files\nodejs\node_modules\npm\npmrc
4 silly config load:file:C:\wang\mobile-order\.npmrc
5 silly config load:file:C:\Users\study\.npmrc
6 silly config load:file:C:\Users\study\AppData\Roaming\npm\etc\npmrc
7 verbose title npm install qrcode
8 verbose argv "install" "qrcode"
9 verbose logfile logs-max:10 dir:C:\wang\.npm-cache\_logs\2026-08-03T07_36_56_423Z-
10 verbose logfile C:\wang\.npm-cache\_logs\2026-08-03T07_36_56_423Z-debug-0.log
11 silly logfile done cleaning log files
12 silly packumentCache heap:4496293888 maxSize:1124073472 maxEntrySize:562036736
13 silly idealTree buildDeps
14 silly fetch manifest qrcode@*
15 silly packumentCache full:https://registry.npmjs.org/qrcode cache-miss
16 verbose shrinkwrap failed to load node_modules/.package-lock.json out of date, updated: node_modules
17 http fetch GET 200 https://registry.npmjs.org/qrcode 270ms (cache miss)
18 silly packumentCache full:https://registry.npmjs.org/qrcode set size:undefined disposed:false
19 silly placeDep ROOT qrcode@1.5.4 OK for: site-creator-vinext-starter@0.1.0 want: *
20 silly fetch manifest pngjs@^5.0.0
21 silly packumentCache full:https://registry.npmjs.org/pngjs cache-miss
22 silly fetch manifest yargs@^15.3.1
23 silly packumentCache full:https://registry.npmjs.org/yargs cache-miss
24 silly fetch manifest dijkstrajs@^1.0.1
25 silly packumentCache full:https://registry.npmjs.org/dijkstrajs cache-miss
26 http fetch GET 200 https://registry.npmjs.org/dijkstrajs 61ms (cache miss)
27 silly packumentCache full:https://registry.npmjs.org/dijkstrajs set size:undefined disposed:false
28 http fetch GET 200 https://registry.npmjs.org/pngjs 64ms (cache miss)
29 silly packumentCache full:https://registry.npmjs.org/pngjs set size:undefined disposed:false
30 http fetch GET 200 https://registry.npmjs.org/yargs 82ms (cache miss)
31 silly packumentCache full:https://registry.npmjs.org/yargs set size:undefined disposed:false
32 silly placeDep ROOT dijkstrajs@1.0.3 OK for: qrcode@1.5.4 want: ^1.0.1
33 silly placeDep ROOT pngjs@5.0.0 OK for: qrcode@1.5.4 want: ^5.0.0
34 silly placeDep ROOT yargs@15.4.1 OK for: qrcode@1.5.4 want: ^15.3.1
35 silly fetch manifest y18n@^4.0.0
36 silly packumentCache full:https://registry.npmjs.org/y18n cache-miss
37 silly fetch manifest cliui@^6.0.0
38 silly packumentCache full:https://registry.npmjs.org/cliui cache-miss
39 silly fetch manifest find-up@^4.1.0
40 silly packumentCache full:https://registry.npmjs.org/find-up cache-miss
41 silly fetch manifest decamelize@^1.2.0
42 silly packumentCache full:https://registry.npmjs.org/decamelize cache-miss
43 silly fetch manifest set-blocking@^2.0.0
44 silly packumentCache full:https://registry.npmjs.org/set-blocking cache-miss
45 silly fetch manifest string-width@^4.2.0
46 silly packumentCache full:https://registry.npmjs.org/string-width cache-miss
47 silly fetch manifest which-module@^2.0.0
48 silly packumentCache full:https://registry.npmjs.org/which-module cache-miss
49 silly fetch manifest yargs-parser@^18.1.2
50 silly packumentCache full:https://registry.npmjs.org/yargs-parser cache-miss
51 silly fetch manifest get-caller-file@^2.0.1
52 silly packumentCache full:https://registry.npmjs.org/get-caller-file cache-miss
53 silly fetch manifest require-directory@^2.1.1
54 silly packumentCache full:https://registry.npmjs.org/require-directory cache-miss
55 silly fetch manifest require-main-filename@^2.0.0
56 silly packumentCache full:https://registry.npmjs.org/require-main-filename cache-miss
57 http fetch GET 200 https://registry.npmjs.org/find-up 59ms (cache miss)
58 silly packumentCache full:https://registry.npmjs.org/find-up set size:undefined disposed:false
59 http fetch GET 200 https://registry.npmjs.org/y18n 60ms (cache miss)
60 silly packumentCache full:https://registry.npmjs.org/y18n set size:undefined disposed:false
61 http fetch GET 200 https://registry.npmjs.org/cliui 63ms (cache miss)
62 silly packumentCache full:https://registry.npmjs.org/cliui set size:undefined disposed:false
63 http fetch GET 200 https://registry.npmjs.org/set-blocking 134ms (cache miss)
64 silly packumentCache full:https://registry.npmjs.org/set-blocking set size:undefined disposed:false
65 http fetch GET 200 https://registry.npmjs.org/get-caller-file 134ms (cache miss)
66 silly packumentCache full:https://registry.npmjs.org/get-caller-file set size:undefined disposed:false
67 http fetch GET 200 https://registry.npmjs.org/decamelize 137ms (cache miss)
68 silly packumentCache full:https://registry.npmjs.org/decamelize set size:undefined disposed:false
69 http fetch GET 200 https://registry.npmjs.org/require-directory 137ms (cache miss)
70 silly packumentCache full:https://registry.npmjs.org/require-directory set size:undefined disposed:false
71 http fetch GET 200 https://registry.npmjs.org/require-main-filename 137ms (cache miss)
72 silly packumentCache full:https://registry.npmjs.org/require-main-filename set size:undefined disposed:false
73 http fetch GET 200 https://registry.npmjs.org/which-module 140ms (cache miss)
74 silly packumentCache full:https://registry.npmjs.org/which-module set size:undefined disposed:false
75 http fetch GET 200 https://registry.npmjs.org/string-width 142ms (cache miss)
76 silly packumentCache full:https://registry.npmjs.org/string-width set size:undefined disposed:false
77 http fetch GET 200 https://registry.npmjs.org/yargs-parser 144ms (cache miss)
78 silly packumentCache full:https://registry.npmjs.org/yargs-parser set size:undefined disposed:false
79 silly placeDep ROOT cliui@6.0.0 OK for: yargs@15.4.1 want: ^6.0.0
80 silly placeDep ROOT decamelize@1.2.0 OK for: yargs@15.4.1 want: ^1.2.0
81 silly placeDep node_modules/yargs find-up@4.1.0 OK for: yargs@15.4.1 want: ^4.1.0
82 silly placeDep ROOT get-caller-file@2.0.5 OK for: yargs@15.4.1 want: ^2.0.1
83 silly placeDep ROOT require-directory@2.1.1 OK for: yargs@15.4.1 want: ^2.1.1
84 silly placeDep ROOT require-main-filename@2.0.0 OK for: yargs@15.4.1 want: ^2.0.0
85 silly placeDep ROOT set-blocking@2.0.0 OK for: yargs@15.4.1 want: ^2.0.0
86 silly placeDep ROOT string-width@4.2.3 OK for: yargs@15.4.1 want: ^4.2.0
87 silly placeDep ROOT which-module@2.0.1 OK for: yargs@15.4.1 want: ^2.0.0
88 silly placeDep ROOT y18n@4.0.3 OK for: yargs@15.4.1 want: ^4.0.0
89 silly placeDep ROOT yargs-parser@18.1.3 OK for: yargs@15.4.1 want: ^18.1.2
90 silly fetch manifest wrap-ansi@^6.2.0
91 silly packumentCache full:https://registry.npmjs.org/wrap-ansi cache-miss
92 silly fetch manifest strip-ansi@^6.0.0
93 silly packumentCache full:https://registry.npmjs.org/strip-ansi cache-miss
94 silly fetch manifest locate-path@^5.0.0
95 silly packumentCache full:https://registry.npmjs.org/locate-path cache-miss
96 silly fetch manifest strip-ansi@^6.0.1
97 silly packumentCache full:https://registry.npmjs.org/strip-ansi cache-miss
98 silly fetch manifest emoji-regex@^8.0.0
99 silly packumentCache full:https://registry.npmjs.org/emoji-regex cache-miss
100 silly fetch manifest is-fullwidth-code-point@^3.0.0
101 silly packumentCache full:https://registry.npmjs.org/is-fullwidth-code-point cache-miss
102 silly fetch manifest camelcase@^5.0.0
103 silly packumentCache full:https://registry.npmjs.org/camelcase cache-miss
104 http fetch GET 200 https://registry.npmjs.org/strip-ansi 59ms (cache miss)
105 silly packumentCache full:https://registry.npmjs.org/strip-ansi set size:undefined disposed:false
106 http fetch GET 200 https://registry.npmjs.org/camelcase 59ms (cache miss)
107 silly packumentCache full:https://registry.npmjs.org/camelcase set size:undefined disposed:false
108 http fetch GET 200 https://registry.npmjs.org/wrap-ansi 62ms (cache miss)
109 silly packumentCache full:https://registry.npmjs.org/wrap-ansi set size:undefined disposed:false
110 http fetch GET 200 https://registry.npmjs.org/strip-ansi 62ms (cache miss)
111 silly packumentCache full:https://registry.npmjs.org/strip-ansi set size:undefined disposed:false
112 http fetch GET 200 https://registry.npmjs.org/is-fullwidth-code-point 63ms (cache miss)
113 silly packumentCache full:https://registry.npmjs.org/is-fullwidth-code-point set size:undefined disposed:false
114 http fetch GET 200 https://registry.npmjs.org/locate-path 63ms (cache miss)
115 silly packumentCache full:https://registry.npmjs.org/locate-path set size:undefined disposed:false
116 http fetch GET 200 https://registry.npmjs.org/emoji-regex 64ms (cache miss)
117 silly packumentCache full:https://registry.npmjs.org/emoji-regex set size:undefined disposed:false
118 silly placeDep ROOT strip-ansi@6.0.1 OK for: cliui@6.0.0 want: ^6.0.0
119 silly placeDep ROOT wrap-ansi@6.2.0 OK for: cliui@6.0.0 want: ^6.2.0
120 silly fetch manifest ansi-regex@^5.0.1
121 silly packumentCache full:https://registry.npmjs.org/ansi-regex cache-miss
122 http fetch GET 200 https://registry.npmjs.org/ansi-regex 46ms (cache miss)
123 silly packumentCache full:https://registry.npmjs.org/ansi-regex set size:undefined disposed:false
124 silly placeDep node_modules/string-width emoji-regex@8.0.0 OK for: string-width@4.2.3 want: ^8.0.0
125 silly placeDep ROOT is-fullwidth-code-point@3.0.0 OK for: string-width@4.2.3 want: ^3.0.0
126 silly placeDep ROOT ansi-regex@5.0.1 OK for: strip-ansi@6.0.1 want: ^5.0.1
127 silly placeDep ROOT camelcase@5.3.1 OK for: yargs-parser@18.1.3 want: ^5.0.0
128 silly placeDep node_modules/yargs locate-path@5.0.0 OK for: find-up@4.1.0 want: ^5.0.0
129 silly fetch manifest p-locate@^4.1.0
130 silly packumentCache full:https://registry.npmjs.org/p-locate cache-miss
131 http fetch GET 200 https://registry.npmjs.org/p-locate 79ms (cache miss)
132 silly packumentCache full:https://registry.npmjs.org/p-locate set size:undefined disposed:false
133 silly placeDep node_modules/yargs p-locate@4.1.0 OK for: locate-path@5.0.0 want: ^4.1.0
134 silly fetch manifest p-limit@^2.2.0
135 silly packumentCache full:https://registry.npmjs.org/p-limit cache-miss
136 http fetch GET 200 https://registry.npmjs.org/p-limit 130ms (cache miss)
137 silly packumentCache full:https://registry.npmjs.org/p-limit set size:undefined disposed:false
138 silly placeDep node_modules/yargs p-limit@2.3.0 OK for: p-locate@4.1.0 want: ^2.2.0
139 silly fetch manifest p-try@^2.0.0
140 silly packumentCache full:https://registry.npmjs.org/p-try cache-miss
141 http fetch GET 200 https://registry.npmjs.org/p-try 107ms (cache miss)
142 silly packumentCache full:https://registry.npmjs.org/p-try set size:undefined disposed:false
143 silly placeDep ROOT p-try@2.2.0 OK for: p-limit@2.3.0 want: ^2.0.0
144 silly reify moves {}
145 silly audit bulk request {
145 silly audit   '@alloc/quick-lru': [ '5.2.0' ],
145 silly audit   '@babel/code-frame': [ '7.29.0' ],
145 silly audit   '@babel/compat-data': [ '7.29.3' ],
145 silly audit   '@babel/core': [ '7.29.0' ],
145 silly audit   '@babel/generator': [ '7.29.1' ],
145 silly audit   '@babel/helper-compilation-targets': [ '7.28.6' ],
145 silly audit   '@babel/helper-globals': [ '7.28.0' ],
145 silly audit   '@babel/helper-module-imports': [ '7.28.6' ],
145 silly audit   '@babel/helper-module-transforms': [ '7.28.6' ],
145 silly audit   '@babel/helper-string-parser': [ '7.27.1' ],
145 silly audit   '@babel/helper-validator-identifier': [ '7.28.5' ],
145 silly audit   '@babel/helper-validator-option': [ '7.27.1' ],
145 silly audit   '@babel/helpers': [ '7.29.2' ],
145 silly audit   '@babel/parser': [ '7.29.3' ],
145 silly audit   '@babel/template': [ '7.28.6' ],
145 silly audit   '@babel/traverse': [ '7.29.0' ],
145 silly audit   '@babel/types': [ '7.29.0' ],
145 silly audit   '@cloudflare/kv-asset-handler': [ '0.5.0' ],
145 silly audit   '@cloudflare/unenv-preset': [ '2.16.1' ],
145 silly audit   '@cloudflare/vite-plugin': [ '1.37.1' ],
145 silly audit   '@cloudflare/workerd-darwin-64': [ '1.20260515.1' ],
145 silly audit   '@cloudflare/workerd-darwin-arm64': [ '1.20260515.1' ],
145 silly audit   '@cloudflare/workerd-linux-64': [ '1.20260515.1' ],
145 silly audit   '@cloudflare/workerd-linux-arm64': [ '1.20260515.1' ],
145 silly audit   '@cloudflare/workerd-windows-64': [ '1.20260515.1' ],
145 silly audit   '@cspotcode/source-map-support': [ '0.8.1' ],
145 silly audit   '@jridgewell/trace-mapping': [ '0.3.9', '0.3.31' ],
145 silly audit   '@drizzle-team/brocli': [ '0.10.2' ],
145 silly audit   '@emnapi/core': [ '1.10.0', '1.8.1' ],
145 silly audit   '@emnapi/runtime': [ '1.10.0', '1.8.1' ],
145 silly audit   '@emnapi/wasi-threads': [ '1.2.1', '1.1.0' ],
145 silly audit   '@esbuild-kit/core-utils': [ '3.3.2' ],
145 silly audit   '@esbuild/android-arm': [ '0.18.20', '0.28.0', '0.25.12', '0.27.3' ],
145 silly audit   '@esbuild/android-arm64': [ '0.18.20', '0.28.0', '0.25.12', '0.27.3' ],
145 silly audit   '@esbuild/android-x64': [ '0.18.20', '0.28.0', '0.25.12', '0.27.3' ],
145 silly audit   '@esbuild/darwin-arm64': [ '0.18.20', '0.28.0', '0.25.12', '0.27.3' ],
145 silly audit   '@esbuild/darwin-x64': [ '0.18.20', '0.28.0', '0.25.12', '0.27.3' ],
145 silly audit   '@esbuild/freebsd-arm64': [ '0.18.20', '0.28.0', '0.25.12', '0.27.3' ],
145 silly audit   '@esbuild/freebsd-x64': [ '0.18.20', '0.28.0', '0.25.12', '0.27.3' ],
145 silly audit   '@esbuild/linux-arm': [ '0.18.20', '0.28.0', '0.25.12', '0.27.3' ],
145 silly audit   '@esbuild/linux-arm64': [ '0.18.20', '0.28.0', '0.25.12', '0.27.3' ],
145 silly audit   '@esbuild/linux-ia32': [ '0.18.20', '0.28.0', '0.25.12', '0.27.3' ],
145 silly audit   '@esbuild/linux-loong64': [ '0.18.20', '0.28.0', '0.25.12', '0.27.3' ],
145 silly audit   '@esbuild/linux-mips64el': [ '0.18.20', '0.28.0', '0.25.12', '0.27.3' ],
145 silly audit   '@esbuild/linux-ppc64': [ '0.18.20', '0.28.0', '0.25.12', '0.27.3' ],
145 silly audit   '@esbuild/linux-riscv64': [ '0.18.20', '0.28.0', '0.25.12', '0.27.3' ],
145 silly audit   '@esbuild/linux-s390x': [ '0.18.20', '0.28.0', '0.25.12', '0.27.3' ],
145 silly audit   '@esbuild/linux-x64': [ '0.18.20', '0.28.0', '0.25.12', '0.27.3' ],
145 silly audit   '@esbuild/netbsd-x64': [ '0.18.20', '0.28.0', '0.25.12', '0.27.3' ],
145 silly audit   '@esbuild/openbsd-x64': [ '0.18.20', '0.28.0', '0.25.12', '0.27.3' ],
145 silly audit   '@esbuild/sunos-x64': [ '0.18.20', '0.28.0', '0.25.12', '0.27.3' ],
145 silly audit   '@esbuild/win32-arm64': [ '0.18.20', '0.28.0', '0.25.12', '0.27.3' ],
145 silly audit   '@esbuild/win32-ia32': [ '0.18.20', '0.28.0', '0.25.12', '0.27.3' ],
145 silly audit   '@esbuild/win32-x64': [ '0.18.20', '0.28.0', '0.25.12', '0.27.3' ],
145 silly audit   esbuild: [ '0.18.20', '0.25.12', '0.28.0', '0.27.3' ],
145 silly audit   '@esbuild-kit/esm-loader': [ '2.6.5' ],
145 silly audit   '@esbuild/aix-ppc64': [ '0.28.0', '0.25.12', '0.27.3' ],
145 silly audit   '@esbuild/netbsd-arm64': [ '0.28.0', '0.25.12', '0.27.3' ],
145 silly audit   '@esbuild/openbsd-arm64': [ '0.28.0', '0.25.12', '0.27.3' ],
145 silly audit   '@esbuild/openharmony-arm64': [ '0.28.0', '0.25.12', '0.27.3' ],
145 silly audit   '@eslint-community/eslint-utils': [ '4.9.1' ],
145 silly audit   'eslint-visitor-keys': [ '3.4.3', '5.0.1', '4.2.1' ],
145 silly audit   '@eslint-community/regexpp': [ '4.12.2' ],
145 silly audit   '@eslint/config-array': [ '0.21.2' ],
145 silly audit   '@eslint/config-helpers': [ '0.4.2' ],
145 silly audit   '@eslint/core': [ '0.17.0' ],
145 silly audit   '@eslint/eslintrc': [ '3.3.5' ],
145 silly audit   '@eslint/js': [ '9.39.4' ],
145 silly audit   '@eslint/object-schema': [ '2.1.7' ],
145 silly audit   '@eslint/plugin-kit': [ '0.4.1' ],
145 silly audit   '@humanfs/core': [ '0.19.2' ],
145 silly audit   '@humanfs/node': [ '0.16.8' ],
145 silly audit   '@humanfs/types': [ '0.15.0' ],
145 silly audit   '@humanwhocodes/module-importer': [ '1.0.1' ],
145 silly audit   '@humanwhocodes/retry': [ '0.4.3' ],
145 silly audit   '@img/colour': [ '1.1.0' ],
145 silly audit   '@img/sharp-darwin-arm64': [ '0.34.5' ],
145 silly audit   '@img/sharp-darwin-x64': [ '0.34.5' ],
145 silly audit   '@img/sharp-libvips-darwin-arm64': [ '1.2.4' ],
145 silly audit   '@img/sharp-libvips-darwin-x64': [ '1.2.4' ],
145 silly audit   '@img/sharp-libvips-linux-arm': [ '1.2.4' ],
145 silly audit   '@img/sharp-libvips-linux-arm64': [ '1.2.4' ],
145 silly audit   '@img/sharp-libvips-linux-ppc64': [ '1.2.4' ],
145 silly audit   '@img/sharp-libvips-linux-riscv64': [ '1.2.4' ],
145 silly audit   '@img/sharp-libvips-linux-s390x': [ '1.2.4' ],
145 silly audit   '@img/sharp-libvips-linux-x64': [ '1.2.4' ],
145 silly audit   '@img/sharp-libvips-linuxmusl-arm64': [ '1.2.4' ],
145 silly audit   '@img/sharp-libvips-linuxmusl-x64': [ '1.2.4' ],
145 silly audit   '@img/sharp-linux-arm': [ '0.34.5' ],
145 silly audit   '@img/sharp-linux-arm64': [ '0.34.5' ],
145 silly audit   '@img/sharp-linux-ppc64': [ '0.34.5' ],
145 silly audit   '@img/sharp-linux-riscv64': [ '0.34.5' ],
145 silly audit   '@img/sharp-linux-s390x': [ '0.34.5' ],
145 silly audit   '@img/sharp-linux-x64': [ '0.34.5' ],
145 silly audit   '@img/sharp-linuxmusl-arm64': [ '0.34.5' ],
145 silly audit   '@img/sharp-linuxmusl-x64': [ '0.34.5' ],
145 silly audit   '@img/sharp-wasm32': [ '0.34.5' ],
145 silly audit   '@img/sharp-win32-arm64': [ '0.34.5' ],
145 silly audit   '@img/sharp-win32-ia32': [ '0.34.5' ],
145 silly audit   '@img/sharp-win32-x64': [ '0.34.5' ],
145 silly audit   '@jridgewell/gen-mapping': [ '0.3.13' ],
145 silly audit   '@jridgewell/remapping': [ '2.3.5' ],
145 silly audit   '@jridgewell/resolve-uri': [ '3.1.2' ],
145 silly audit   '@jridgewell/source-map': [ '0.3.11' ],
145 silly audit   '@jridgewell/sourcemap-codec': [ '1.5.5' ],
145 silly audit   '@napi-rs/wasm-runtime': [ '0.2.12', '1.1.4', '1.1.1' ],
145 silly audit   '@next/env': [ '16.2.6' ],
145 silly audit   '@next/eslint-plugin-next': [ '16.2.6' ],
145 silly audit   '@next/swc-darwin-arm64': [ '16.2.6' ],
145 silly audit   '@next/swc-darwin-x64': [ '16.2.6' ],
145 silly audit   '@next/swc-linux-arm64-gnu': [ '16.2.6' ],
145 silly audit   '@next/swc-linux-arm64-musl': [ '16.2.6' ],
145 silly audit   '@next/swc-linux-x64-gnu': [ '16.2.6' ],
145 silly audit   '@next/swc-linux-x64-musl': [ '16.2.6' ],
145 silly audit   '@next/swc-win32-arm64-msvc': [ '16.2.6' ],
145 silly audit   '@next/swc-win32-x64-msvc': [ '16.2.6' ],
145 silly audit   '@nodelib/fs.scandir': [ '2.1.5' ],
145 silly audit   '@nodelib/fs.stat': [ '2.0.5' ],
145 silly audit   '@nodelib/fs.walk': [ '1.2.8' ],
145 silly audit   '@nolyfill/is-core-module': [ '1.0.39' ],
145 silly audit   '@oxc-project/types': [ '0.130.0' ],
145 silly audit   '@poppinss/colors': [ '4.1.6' ],
145 silly audit   '@poppinss/dumper': [ '0.6.5' ],
145 silly audit   'supports-color': [ '10.2.2', '8.1.1', '7.2.0' ],
145 silly audit   '@poppinss/exception': [ '1.2.3' ],
145 silly audit   '@resvg/resvg-wasm': [ '2.4.0' ],
145 silly audit   '@rolldown/binding-android-arm64': [ '1.0.1' ],
145 silly audit   '@rolldown/binding-darwin-arm64': [ '1.0.1' ],
145 silly audit   '@rolldown/binding-darwin-x64': [ '1.0.1' ],
145 silly audit   '@rolldown/binding-freebsd-x64': [ '1.0.1' ],
145 silly audit   '@rolldown/binding-linux-arm-gnueabihf': [ '1.0.1' ],
145 silly audit   '@rolldown/binding-linux-arm64-gnu': [ '1.0.1' ],
145 silly audit   '@rolldown/binding-linux-arm64-musl': [ '1.0.1' ],
145 silly audit   '@rolldown/binding-linux-ppc64-gnu': [ '1.0.1' ],
145 silly audit   '@rolldown/binding-linux-s390x-gnu': [ '1.0.1' ],
145 silly audit   '@rolldown/binding-linux-x64-gnu': [ '1.0.1' ],
145 silly audit   '@rolldown/binding-linux-x64-musl': [ '1.0.1' ],
145 silly audit   '@rolldown/binding-openharmony-arm64': [ '1.0.1' ],
145 silly audit   '@rolldown/binding-wasm32-wasi': [ '1.0.1' ],
145 silly audit   '@rolldown/binding-win32-arm64-msvc': [ '1.0.1' ],
145 silly audit   '@rolldown/binding-win32-x64-msvc': [ '1.0.1' ],
145 silly audit   '@rolldown/pluginutils': [ '1.0.1', '1.0.0-rc.18' ],
145 silly audit   '@rtsao/scc': [ '1.1.0' ],
145 silly audit   '@shuding/opentype.js': [ '1.4.0-beta.0' ],
145 silly audit   '@sindresorhus/is': [ '7.2.0' ],
145 silly audit   '@speed-highlight/core': [ '1.2.15' ],
145 silly audit   '@swc/helpers': [ '0.5.15' ],
145 silly audit   '@tailwindcss/node': [ '4.2.1' ],
145 silly audit   '@tailwindcss/oxide': [ '4.2.1' ],
145 silly audit   '@tailwindcss/oxide-android-arm64': [ '4.2.1' ],
145 silly audit   '@tailwindcss/oxide-darwin-arm64': [ '4.2.1' ],
145 silly audit   '@tailwindcss/oxide-darwin-x64': [ '4.2.1' ],
145 silly audit   '@tailwindcss/oxide-freebsd-x64': [ '4.2.1' ],
145 silly audit   '@tailwindcss/oxide-linux-arm-gnueabihf': [ '4.2.1' ],
145 silly audit   '@tailwindcss/oxide-linux-arm64-gnu': [ '4.2.1' ],
145 silly audit   '@tailwindcss/oxide-linux-arm64-musl': [ '4.2.1' ],
145 silly audit   '@tailwindcss/oxide-linux-x64-gnu': [ '4.2.1' ],
145 silly audit   '@tailwindcss/oxide-linux-x64-musl': [ '4.2.1' ],
145 silly audit   '@tailwindcss/oxide-wasm32-wasi': [ '4.2.1' ],
145 silly audit   '@tybys/wasm-util': [ '0.10.1', '0.10.2' ],
145 silly audit   tslib: [ '2.8.1' ],
145 silly audit   '@tailwindcss/oxide-win32-arm64-msvc': [ '4.2.1' ],
145 silly audit   '@tailwindcss/oxide-win32-x64-msvc': [ '4.2.1' ],
145 silly audit   '@tailwindcss/postcss': [ '4.2.1' ],
145 silly audit   '@types/eslint': [ '9.6.1' ],
145 silly audit   '@types/eslint-scope': [ '3.7.7' ],
145 silly audit   '@types/estree': [ '1.0.9' ],
145 silly audit   '@types/json-schema': [ '7.0.15' ],
145 silly audit   '@types/json5': [ '0.0.29' ],
145 silly audit   '@types/node': [ '22.19.19' ],
145 silly audit   '@types/react': [ '19.2.14' ],
145 silly audit   '@types/react-dom': [ '19.2.3' ],
145 silly audit   '@typescript-eslint/eslint-plugin': [ '8.59.3' ],
145 silly audit   ignore: [ '7.0.5', '5.3.2' ],
145 silly audit   '@typescript-eslint/parser': [ '8.59.3' ],
145 silly audit   '@typescript-eslint/project-service': [ '8.59.3' ],
145 silly audit   '@typescript-eslint/scope-manager': [ '8.59.3' ],
145 silly audit   '@typescript-eslint/tsconfig-utils': [ '8.59.3' ],
145 silly audit   '@typescript-eslint/type-utils': [ '8.59.3' ],
145 silly audit   '@typescript-eslint/types': [ '8.59.3' ],
145 silly audit   '@typescript-eslint/typescript-estree': [ '8.59.3' ],
145 silly audit   'balanced-match': [ '4.0.4', '1.0.2' ],
145 silly audit   'brace-expansion': [ '5.0.6', '1.1.14' ],
145 silly audit   minimatch: [ '10.2.5', '3.1.5' ],
145 silly audit   semver: [ '7.8.0', '6.3.1' ],
145 silly audit   '@typescript-eslint/utils': [ '8.59.3' ],
145 silly audit   '@typescript-eslint/visitor-keys': [ '8.59.3' ],
145 silly audit   '@unpic/core': [ '1.0.3' ],
145 silly audit   '@unpic/react': [ '1.0.2' ],
145 silly audit   '@unrs/resolver-binding-android-arm-eabi': [ '1.11.1' ],
145 silly audit   '@unrs/resolver-binding-android-arm64': [ '1.11.1' ],
145 silly audit   '@unrs/resolver-binding-darwin-arm64': [ '1.11.1' ],
145 silly audit   '@unrs/resolver-binding-darwin-x64': [ '1.11.1' ],
145 silly audit   '@unrs/resolver-binding-freebsd-x64': [ '1.11.1' ],
145 silly audit   '@unrs/resolver-binding-linux-arm-gnueabihf': [ '1.11.1' ],
145 silly audit   '@unrs/resolver-binding-linux-arm-musleabihf': [ '1.11.1' ],
145 silly audit   '@unrs/resolver-binding-linux-arm64-gnu': [ '1.11.1' ],
145 silly audit   '@unrs/resolver-binding-linux-arm64-musl': [ '1.11.1' ],
145 silly audit   '@unrs/resolver-binding-linux-ppc64-gnu': [ '1.11.1' ],
145 silly audit   '@unrs/resolver-binding-linux-riscv64-gnu': [ '1.11.1' ],
145 silly audit   '@unrs/resolver-binding-linux-riscv64-musl': [ '1.11.1' ],
145 silly audit   '@unrs/resolver-binding-linux-s390x-gnu': [ '1.11.1' ],
145 silly audit   '@unrs/resolver-binding-linux-x64-gnu': [ '1.11.1' ],
145 silly audit   '@unrs/resolver-binding-linux-x64-musl': [ '1.11.1' ],
145 silly audit   '@unrs/resolver-binding-wasm32-wasi': [ '1.11.1' ],
145 silly audit   '@unrs/resolver-binding-win32-arm64-msvc': [ '1.11.1' ],
145 silly audit   '@unrs/resolver-binding-win32-ia32-msvc': [ '1.11.1' ],
145 silly audit   '@unrs/resolver-binding-win32-x64-msvc': [ '1.11.1' ],
145 silly audit   '@vercel/og': [ '0.8.6' ],
145 silly audit   '@vitejs/plugin-react': [ '6.0.2' ],
145 silly audit   '@vitejs/plugin-rsc': [ '0.5.26' ],
145 silly audit   '@webassemblyjs/ast': [ '1.14.1' ],
145 silly audit   '@webassemblyjs/floating-point-hex-parser': [ '1.13.2' ],
145 silly audit   '@webassemblyjs/helper-api-error': [ '1.13.2' ],
145 silly audit   '@webassemblyjs/helper-buffer': [ '1.14.1' ],
145 silly audit   '@webassemblyjs/helper-numbers': [ '1.13.2' ],
145 silly audit   '@webassemblyjs/helper-wasm-bytecode': [ '1.13.2' ],
145 silly audit   '@webassemblyjs/helper-wasm-section': [ '1.14.1' ],
145 silly audit   '@webassemblyjs/ieee754': [ '1.13.2' ],
145 silly audit   '@webassemblyjs/leb128': [ '1.13.2' ],
145 silly audit   '@webassemblyjs/utf8': [ '1.13.2' ],
145 silly audit   '@webassemblyjs/wasm-edit': [ '1.14.1' ],
145 silly audit   '@webassemblyjs/wasm-gen': [ '1.14.1' ],
145 silly audit   '@webassemblyjs/wasm-opt': [ '1.14.1' ],
145 silly audit   '@webassemblyjs/wasm-parser': [ '1.14.1' ],
145 silly audit   '@webassemblyjs/wast-printer': [ '1.14.1' ],
145 silly audit   '@xtuc/ieee754': [ '1.2.0' ],
145 silly audit   '@xtuc/long': [ '4.2.2' ],
145 silly audit   acorn: [ '8.16.0' ],
145 silly audit   'acorn-import-phases': [ '1.0.4' ],
145 silly audit   'acorn-jsx': [ '5.3.2' ],
145 silly audit   'acorn-loose': [ '8.5.2' ],
145 silly audit   ajv: [ '6.15.0', '8.20.0' ],
145 silly audit   'ajv-formats': [ '2.1.1' ],
145 silly audit   'json-schema-traverse': [ '1.0.0', '0.4.1' ],
145 silly audit   'ansi-styles': [ '4.3.0' ],
145 silly audit   argparse: [ '2.0.1' ],
145 silly audit   'aria-query': [ '5.3.2' ],
145 silly audit   'array-buffer-byte-length': [ '1.0.2' ],
145 silly audit   'array-includes': [ '3.1.9' ],
145 silly audit   'array.prototype.findlast': [ '1.2.5' ],
145 silly audit   'array.prototype.findlastindex': [ '1.2.6' ],
145 silly audit   'array.prototype.flat': [ '1.3.3' ],
145 silly audit   'array.prototype.flatmap': [ '1.3.3' ],
145 silly audit   'array.prototype.tosorted': [ '1.1.4' ],
145 silly audit   'arraybuffer.prototype.slice': [ '1.0.4' ],
145 silly audit   'ast-types-flow': [ '0.0.8' ],
145 silly audit   'async-function': [ '1.0.0' ],
145 silly audit   'available-typed-arrays': [ '1.0.7' ],
145 silly audit   'axe-core': [ '4.11.4' ],
145 silly audit   'axobject-query': [ '4.1.0' ],
145 silly audit   'base64-js': [ '0.0.8' ],
145 silly audit   'baseline-browser-mapping': [ '2.10.30' ],
145 silly audit   'blake3-wasm': [ '2.1.5' ],
145 silly audit   braces: [ '3.0.3' ],
145 silly audit   browserslist: [ '4.28.2' ],
145 silly audit   'buffer-from': [ '1.1.2' ],
145 silly audit   'call-bind': [ '1.0.9' ],
145 silly audit   'call-bind-apply-helpers': [ '1.0.2' ],
145 silly audit   'call-bound': [ '1.0.4' ],
145 silly audit   callsites: [ '3.1.0' ],
145 silly audit   camelize: [ '1.0.1' ],
145 silly audit   'caniuse-lite': [ '1.0.30001793' ],
145 silly audit   chalk: [ '4.1.2' ],
145 silly audit   'chrome-trace-event': [ '1.0.4' ],
145 silly audit   'client-only': [ '0.0.1' ],
145 silly audit   'color-convert': [ '2.0.1' ],
145 silly audit   'color-name': [ '1.1.4' ],
145 silly audit   commander: [ '2.20.3' ],
145 silly audit   'concat-map': [ '0.0.1' ],
145 silly audit   'convert-source-map': [ '2.0.0' ],
145 silly audit   cookie: [ '1.1.1' ],
145 silly audit   'cross-spawn': [ '7.0.6' ],
145 silly audit   'css-background-parser': [ '0.1.0' ],
145 silly audit   'css-box-shadow': [ '1.0.0-3' ],
145 silly audit   'css-color-keywords': [ '1.0.0' ],
145 silly audit   'css-gradient-parser': [ '0.0.16' ],
145 silly audit   'css-to-react-native': [ '3.2.0' ],
145 silly audit   csstype: [ '3.2.3' ],
145 silly audit   'damerau-levenshtein': [ '1.0.8' ],
145 silly audit   'data-view-buffer': [ '1.0.2' ],
145 silly audit   'data-view-byte-length': [ '1.0.2' ],
145 silly audit   'data-view-byte-offset': [ '1.0.1' ],
145 silly audit   debug: [ '4.4.3', '3.2.7' ],
145 silly audit   'deep-is': [ '0.1.4' ],
145 silly audit   'define-data-property': [ '1.1.4' ],
145 silly audit   'define-properties': [ '1.2.1' ],
145 silly audit   'detect-libc': [ '2.1.2' ],
145 silly audit   doctrine: [ '2.1.0' ],
145 silly audit   'drizzle-kit': [ '0.31.10' ],
145 silly audit   'drizzle-orm': [ '0.45.2' ],
145 silly audit   'dunder-proto': [ '1.0.1' ],
145 silly audit   'electron-to-chromium': [ '1.5.358' ],
145 silly audit   'emoji-regex': [ '9.2.2', '8.0.0' ],
145 silly audit   'emoji-regex-xs': [ '2.0.1' ],
145 silly audit   'enhanced-resolve': [ '5.21.3' ],
145 silly audit   'error-stack-parser-es': [ '1.0.5' ],
145 silly audit   'es-abstract': [ '1.24.2' ],
145 silly audit   'es-define-property': [ '1.0.1' ],
145 silly audit   'es-errors': [ '1.3.0' ],
145 silly audit   'es-iterator-helpers': [ '1.3.2' ],
145 silly audit   'es-module-lexer': [ '2.1.0', '1.7.0' ],
145 silly audit   'es-object-atoms': [ '1.1.1' ],
145 silly audit   'es-set-tostringtag': [ '2.1.0' ],
145 silly audit   'es-shim-unscopables': [ '1.1.0' ],
145 silly audit   'es-to-primitive': [ '1.3.0' ],
145 silly audit   escalade: [ '3.2.0' ],
145 silly audit   'escape-html': [ '1.0.3' ],
145 silly audit   'escape-string-regexp': [ '4.0.0' ],
145 silly audit   eslint: [ '9.39.4' ],
145 silly audit   'eslint-config-next': [ '16.2.6' ],
145 silly audit   globals: [ '16.4.0', '14.0.0' ],
145 silly audit   'eslint-import-resolver-node': [ '0.3.10' ],
145 silly audit   'eslint-import-resolver-typescript': [ '3.10.1' ],
145 silly audit   'eslint-module-utils': [ '2.12.1' ],
145 silly audit   'eslint-plugin-import': [ '2.32.0' ],
145 silly audit   'eslint-plugin-jsx-a11y': [ '6.10.2' ],
145 silly audit   'eslint-plugin-react': [ '7.37.5' ],
145 silly audit   'eslint-plugin-react-hooks': [ '7.1.1' ],
145 silly audit   'eslint-scope': [ '8.4.0', '5.1.1' ],
145 silly audit   espree: [ '10.4.0' ],
145 silly audit   esquery: [ '1.7.0' ],
145 silly audit   esrecurse: [ '4.3.0' ],
145 silly audit   estraverse: [ '5.3.0', '4.3.0' ],
145 silly audit   'estree-walker': [ '3.0.3' ],
145 silly audit   esutils: [ '2.0.3' ],
145 silly audit   events: [ '3.3.0' ],
145 silly audit   'fast-deep-equal': [ '3.1.3' ],
145 silly audit   'fast-glob': [ '3.3.1', '3.3.3' ],
145 silly audit   'glob-parent': [ '5.1.2', '6.0.2' ],
145 silly audit   'fast-json-stable-stringify': [ '2.1.0' ],
145 silly audit   'fast-levenshtein': [ '2.0.6' ],
145 silly audit   'fast-uri': [ '3.1.2' ],
145 silly audit   fastq: [ '1.20.1' ],
145 silly audit   fflate: [ '0.7.4' ],
145 silly audit   'file-entry-cache': [ '8.0.0' ],
145 silly audit   'fill-range': [ '7.1.1' ],
145 silly audit   'find-up': [ '5.0.0', '4.1.0' ],
145 silly audit   'flat-cache': [ '4.0.1' ],
145 silly audit   flatted: [ '3.4.2' ],
145 silly audit   'for-each': [ '0.3.5' ],
145 silly audit   fsevents: [ '2.3.3' ],
145 silly audit   'function-bind': [ '1.1.2' ],
145 silly audit   'function.prototype.name': [ '1.1.8' ],
145 silly audit   'functions-have-names': [ '1.2.3' ],
145 silly audit   'generator-function': [ '2.0.1' ],
145 silly audit   gensync: [ '1.0.0-beta.2' ],
145 silly audit   'get-intrinsic': [ '1.3.0' ],
145 silly audit   'get-proto': [ '1.0.1' ],
145 silly audit   'get-symbol-description': [ '1.1.0' ],
145 silly audit   'get-tsconfig': [ '4.14.0' ],
145 silly audit   'glob-to-regexp': [ '0.4.1' ],
145 silly audit   globalthis: [ '1.0.4' ],
145 silly audit   globrex: [ '0.1.2' ],
145 silly audit   gopd: [ '1.2.0' ],
145 silly audit   'graceful-fs': [ '4.2.11' ],
145 silly audit   'has-bigints': [ '1.1.0' ],
145 silly audit   'has-flag': [ '4.0.0' ],
145 silly audit   'has-property-descriptors': [ '1.0.2' ],
145 silly audit   'has-proto': [ '1.2.0' ],
145 silly audit   'has-symbols': [ '1.1.0' ],
145 silly audit   'has-tostringtag': [ '1.0.2' ],
145 silly audit   hasown: [ '2.0.3' ],
145 silly audit   'hermes-estree': [ '0.25.1' ],
145 silly audit   'hermes-parser': [ '0.25.1' ],
145 silly audit   'hex-rgb': [ '4.3.0' ],
145 silly audit   'image-size': [ '2.0.2' ],
145 silly audit   'import-fresh': [ '3.3.1' ],
145 silly audit   imurmurhash: [ '0.1.4' ],
145 silly audit   'internal-slot': [ '1.1.0' ],
145 silly audit   'ipaddr.js': [ '2.4.0' ],
145 silly audit   'is-array-buffer': [ '3.0.5' ],
145 silly audit   'is-async-function': [ '2.1.1' ],
145 silly audit   'is-bigint': [ '1.1.0' ],
145 silly audit   'is-boolean-object': [ '1.2.2' ],
145 silly audit   'is-bun-module': [ '2.0.0' ],
145 silly audit   'is-callable': [ '1.2.7' ],
145 silly audit   'is-core-module': [ '2.16.2' ],
145 silly audit   'is-data-view': [ '1.0.2' ],
145 silly audit   'is-date-object': [ '1.1.0' ],
145 silly audit   'is-extglob': [ '2.1.1' ],
145 silly audit   'is-finalizationregistry': [ '1.1.1' ],
145 silly audit   'is-generator-function': [ '1.1.2' ],
145 silly audit   'is-glob': [ '4.0.3' ],
145 silly audit   'is-map': [ '2.0.3' ],
145 silly audit   'is-negative-zero': [ '2.0.3' ],
145 silly audit   'is-number': [ '7.0.0' ],
145 silly audit   'is-number-object': [ '1.1.1' ],
145 silly audit   'is-regex': [ '1.2.1' ],
145 silly audit   'is-set': [ '2.0.3' ],
145 silly audit   'is-shared-array-buffer': [ '1.0.4' ],
145 silly audit   'is-string': [ '1.1.1' ],
145 silly audit   'is-symbol': [ '1.1.1' ],
145 silly audit   'is-typed-array': [ '1.1.15' ],
145 silly audit   'is-weakmap': [ '2.0.2' ],
145 silly audit   'is-weakref': [ '1.1.1' ],
145 silly audit   'is-weakset': [ '2.0.4' ],
145 silly audit   isarray: [ '2.0.5' ],
145 silly audit   isexe: [ '2.0.0' ],
145 silly audit   'iterator.prototype': [ '1.1.5' ],
145 silly audit   'jest-worker': [ '27.5.1' ],
145 silly audit   jiti: [ '2.7.0' ],
145 silly audit   'js-tokens': [ '4.0.0', '9.0.1' ],
145 silly audit   'js-yaml': [ '4.1.1' ],
145 silly audit   jsesc: [ '3.1.0' ],
145 silly audit   'json-buffer': [ '3.0.1' ],
145 silly audit   'json-stable-stringify-without-jsonify': [ '1.0.1' ],
145 silly audit   json5: [ '2.2.3', '1.0.2' ],
145 silly audit   'jsx-ast-utils': [ '3.3.5' ],
145 silly audit   keyv: [ '4.5.4' ],
145 silly audit   kleur: [ '4.1.5' ],
145 silly audit   'language-subtag-registry': [ '0.3.23' ],
145 silly audit   'language-tags': [ '1.0.9' ],
145 silly audit   levn: [ '0.4.1' ],
145 silly audit   lightningcss: [ '1.31.1', '1.32.0' ],
145 silly audit   'lightningcss-android-arm64': [ '1.31.1', '1.32.0' ],
145 silly audit   'lightningcss-darwin-arm64': [ '1.31.1', '1.32.0' ],
145 silly audit   'lightningcss-darwin-x64': [ '1.31.1', '1.32.0' ],
145 silly audit   'lightningcss-freebsd-x64': [ '1.31.1', '1.32.0' ],
145 silly audit   'lightningcss-linux-arm-gnueabihf': [ '1.31.1', '1.32.0' ],
145 silly audit   'lightningcss-linux-arm64-gnu': [ '1.31.1', '1.32.0' ],
145 silly audit   'lightningcss-linux-arm64-musl': [ '1.31.1', '1.32.0' ],
145 silly audit   'lightningcss-linux-x64-gnu': [ '1.31.1', '1.32.0' ],
145 silly audit   'lightningcss-linux-x64-musl': [ '1.31.1', '1.32.0' ],
145 silly audit   'lightningcss-win32-arm64-msvc': [ '1.31.1', '1.32.0' ],
145 silly audit   'lightningcss-win32-x64-msvc': [ '1.31.1', '1.32.0' ],
145 silly audit   linebreak: [ '1.1.0' ],
145 silly audit   'loader-runner': [ '4.3.2' ],
145 silly audit   'locate-path': [ '6.0.0', '5.0.0' ],
145 silly audit   'lodash.merge': [ '4.6.2' ],
145 silly audit   'loose-envify': [ '1.4.0' ],
145 silly audit   'lru-cache': [ '5.1.1' ],
145 silly audit   'magic-string': [ '0.30.21' ],
145 silly audit   'math-intrinsics': [ '1.1.0' ],
145 silly audit   'merge-stream': [ '2.0.0' ],
145 silly audit   merge2: [ '1.4.1' ],
145 silly audit   micromatch: [ '4.0.8' ],
145 silly audit   'mime-db': [ '1.54.0' ],
145 silly audit   miniflare: [ '4.20260515.0' ],
145 silly audit   minimist: [ '1.2.8' ],
145 silly audit   ms: [ '2.1.3' ],
145 silly audit   nanoid: [ '3.3.12' ],
145 silly audit   'napi-postinstall': [ '0.3.4' ],
145 silly audit   'natural-compare': [ '1.4.0' ],
145 silly audit   'neo-async': [ '2.6.2' ],
145 silly audit   next: [ '16.2.6' ],
145 silly audit   postcss: [ '8.4.31', '8.5.14' ],
145 silly audit   'node-exports-info': [ '1.6.0' ],
145 silly audit   'node-releases': [ '2.0.44' ],
145 silly audit   'object-assign': [ '4.1.1' ],
145 silly audit   'object-inspect': [ '1.13.4' ],
145 silly audit   'object-keys': [ '1.1.1' ],
145 silly audit   'object.assign': [ '4.1.7' ],
145 silly audit   'object.entries': [ '1.1.9' ],
145 silly audit   'object.fromentries': [ '2.0.8' ],
145 silly audit   'object.groupby': [ '1.0.3' ],
145 silly audit   'object.values': [ '1.2.1' ],
145 silly audit   optionator: [ '0.9.4' ],
145 silly audit   'own-keys': [ '1.0.1' ],
145 silly audit   'p-limit': [ '3.1.0', '2.3.0' ],
145 silly audit   'p-locate': [ '5.0.0', '4.1.0' ],
145 silly audit   pako: [ '0.2.9' ],
145 silly audit   'parent-module': [ '1.0.1' ],
145 silly audit   'parse-css-color': [ '0.2.1' ],
145 silly audit   'path-exists': [ '4.0.0' ],
145 silly audit   'path-key': [ '3.1.1' ],
145 silly audit   'path-parse': [ '1.0.7' ],
145 silly audit   'path-to-regexp': [ '6.3.0' ],
145 silly audit   pathe: [ '2.0.3' ],
145 silly audit   picocolors: [ '1.1.1' ],
145 silly audit   picomatch: [ '2.3.2', '4.0.4' ],
145 silly audit   'possible-typed-array-names': [ '1.1.0' ],
145 silly audit   'postcss-value-parser': [ '4.2.0' ],
145 silly audit   'prelude-ls': [ '1.2.1' ],
145 silly audit   'prop-types': [ '15.8.1' ],
145 silly audit   punycode: [ '2.3.1' ],
145 silly audit   'queue-microtask': [ '1.2.3' ],
145 silly audit   react: [ '19.2.6' ],
145 silly audit   'react-dom': [ '19.2.6' ],
145 silly audit   'react-is': [ '16.13.1' ],
145 silly audit   'react-server-dom-webpack': [ '19.2.6' ],
145 silly audit   'reflect.getprototypeof': [ '1.0.10' ],
145 silly audit   'regexp.prototype.flags': [ '1.5.4' ],
145 silly audit   'require-from-string': [ '2.0.2' ],
145 silly audit   resolve: [ '2.0.0-next.7' ],
145 silly audit   'resolve-from': [ '4.0.0' ],
145 silly audit   'resolve-pkg-maps': [ '1.0.0' ],
145 silly audit   reusify: [ '1.1.0' ],
145 silly audit   rolldown: [ '1.0.1' ],
145 silly audit   'run-parallel': [ '1.2.0' ],
145 silly audit   'safe-array-concat': [ '1.1.4' ],
145 silly audit   'safe-push-apply': [ '1.0.0' ],
145 silly audit   'safe-regex-test': [ '1.1.0' ],
145 silly audit   satori: [ '0.16.0' ],
145 silly audit   scheduler: [ '0.27.0' ],
145 silly audit   'schema-utils': [ '4.3.3' ],
145 silly audit   'ajv-keywords': [ '5.1.0' ],
145 silly audit   'set-function-length': [ '1.2.2' ],
145 silly audit   'set-function-name': [ '2.0.2' ],
145 silly audit   'set-proto': [ '1.0.0' ],
145 silly audit   sharp: [ '0.34.5' ],
145 silly audit   'shebang-command': [ '2.0.0' ],
145 silly audit   'shebang-regex': [ '3.0.0' ],
145 silly audit   'side-channel': [ '1.1.0' ],
145 silly audit   'side-channel-list': [ '1.0.1' ],
145 silly audit   'side-channel-map': [ '1.0.1' ],
145 silly audit   'side-channel-weakmap': [ '1.0.2' ],
145 silly audit   'source-map': [ '0.6.1' ],
145 silly audit   'source-map-js': [ '1.2.1' ],
145 silly audit   'source-map-support': [ '0.5.21' ],
145 silly audit   srvx: [ '0.11.15' ],
145 silly audit   'stable-hash': [ '0.0.5' ],
145 silly audit   'stop-iteration-iterator': [ '1.1.0' ],
145 silly audit   'string.prototype.codepointat': [ '0.2.1' ],
145 silly audit   'string.prototype.includes': [ '2.0.1' ],
145 silly audit   'string.prototype.matchall': [ '4.0.12' ],
145 silly audit   'string.prototype.repeat': [ '1.0.0' ],
145 silly audit   'string.prototype.trim': [ '1.2.10' ],
145 silly audit   'string.prototype.trimend': [ '1.0.9' ],
145 silly audit   'string.prototype.trimstart': [ '1.0.8' ],
145 silly audit   'strip-bom': [ '3.0.0' ],
145 silly audit   'strip-json-comments': [ '3.1.1' ],
145 silly audit   'strip-literal': [ '3.1.0' ],
145 silly audit   'styled-jsx': [ '5.1.6' ],
145 silly audit   'supports-preserve-symlinks-flag': [ '1.0.0' ],
145 silly audit   tailwindcss: [ '4.2.1' ],
145 silly audit   tapable: [ '2.3.3' ],
145 silly audit   terser: [ '5.47.1' ],
145 silly audit   'terser-webpack-plugin': [ '5.6.0' ],
145 silly audit   'tiny-inflate': [ '1.0.3' ],
145 silly audit   tinyglobby: [ '0.2.16' ],
145 silly audit   fdir: [ '6.5.0' ],
145 silly audit   'to-regex-range': [ '5.0.1' ],
145 silly audit   'ts-api-utils': [ '2.5.0' ],
145 silly audit   tsconfck: [ '3.1.6' ],
145 silly audit   'tsconfig-paths': [ '3.15.0' ],
145 silly audit   tsx: [ '4.22.1' ],
145 silly audit   'turbo-stream': [ '3.2.0' ],
145 silly audit   'type-check': [ '0.4.0' ],
145 silly audit   'typed-array-buffer': [ '1.0.3' ],
145 silly audit   'typed-array-byte-length': [ '1.0.3' ],
145 silly audit   'typed-array-byte-offset': [ '1.0.4' ],
145 silly audit   'typed-array-length': [ '1.0.7' ],
145 silly audit   typescript: [ '5.9.3' ],
145 silly audit   'typescript-eslint': [ '8.59.3' ],
145 silly audit   'unbox-primitive': [ '1.1.0' ],
145 silly audit   undici: [ '7.24.8' ],
145 silly audit   'undici-types': [ '6.21.0' ],
145 silly audit   unenv: [ '2.0.0-rc.24' ],
145 silly audit   'unicode-trie': [ '2.0.0' ],
145 silly audit   unpic: [ '4.2.2' ],
145 silly audit   'unrs-resolver': [ '1.11.1' ],
145 silly audit   'update-browserslist-db': [ '1.2.3' ],
145 silly audit   'uri-js': [ '4.4.1' ],
145 silly audit   vinext: [ '0.0.50' ],
145 silly audit   vite: [ '8.0.13' ],
145 silly audit   'vite-plugin-commonjs': [ '0.10.4' ],
145 silly audit   'vite-plugin-dynamic-import': [ '1.6.0' ],
145 silly audit   'vite-tsconfig-paths': [ '6.1.1' ],
145 silly audit   vitefu: [ '1.1.3' ],
145 silly audit   watchpack: [ '2.5.1' ],
145 silly audit   'web-vitals': [ '4.2.4' ],
145 silly audit   webpack: [ '5.106.2' ],
145 silly audit   'webpack-sources': [ '3.4.1' ],
145 silly audit   which: [ '2.0.2' ],
145 silly audit   'which-boxed-primitive': [ '1.1.1' ],
145 silly audit   'which-builtin-type': [ '1.2.1' ],
145 silly audit   'which-collection': [ '1.0.2' ],
145 silly audit   'which-typed-array': [ '1.1.20' ],
145 silly audit   'word-wrap': [ '1.2.5' ],
145 silly audit   workerd: [ '1.20260515.1' ],
145 silly audit   wrangler: [ '4.92.0' ],
145 silly audit   ws: [ '8.18.0' ],
145 silly audit   yallist: [ '3.1.1' ],
145 silly audit   'yocto-queue': [ '0.1.0' ],
145 silly audit   'yoga-layout': [ '3.2.1' ],
145 silly audit   youch: [ '4.1.0-beta.10' ],
145 silly audit   'youch-core': [ '0.3.3' ],
145 silly audit   zod: [ '4.4.3' ],
145 silly audit   'zod-validation-error': [ '4.0.2' ],
145 silly audit   qrcode: [ '1.5.4' ],
145 silly audit   dijkstrajs: [ '1.0.3' ],
145 silly audit   pngjs: [ '5.0.0' ],
145 silly audit   yargs: [ '15.4.1' ],
145 silly audit   cliui: [ '6.0.0' ],
145 silly audit   decamelize: [ '1.2.0' ],
145 silly audit   'get-caller-file': [ '2.0.5' ],
145 silly audit   'require-directory': [ '2.1.1' ],
145 silly audit   'require-main-filename': [ '2.0.0' ],
145 silly audit   'set-blocking': [ '2.0.0' ],
145 silly audit   'string-width': [ '4.2.3' ],
145 silly audit   'which-module': [ '2.0.1' ],
145 silly audit   y18n: [ '4.0.3' ],
145 silly audit   'yargs-parser': [ '18.1.3' ],
145 silly audit   'strip-ansi': [ '6.0.1' ],
145 silly audit   'wrap-ansi': [ '6.2.0' ],
145 silly audit   'is-fullwidth-code-point': [ '3.0.0' ],
145 silly audit   'ansi-regex': [ '5.0.1' ],
145 silly audit   camelcase: [ '5.3.1' ],
145 silly audit   'p-try': [ '2.2.0' ]
145 silly audit }
146 http cache p-try@https://registry.npmjs.org/p-try/-/p-try-2.2.0.tgz 0ms (cache hit)
147 http cache camelcase@https://registry.npmjs.org/camelcase/-/camelcase-5.3.1.tgz 0ms (cache hit)
148 http cache ansi-regex@https://registry.npmjs.org/ansi-regex/-/ansi-regex-5.0.1.tgz 0ms (cache hit)
149 http cache is-fullwidth-code-point@https://registry.npmjs.org/is-fullwidth-code-point/-/is-fullwidth-code-point-3.0.0.tgz 0ms (cache hit)
150 http cache strip-ansi@https://registry.npmjs.org/strip-ansi/-/strip-ansi-6.0.1.tgz 0ms (cache hit)
151 http cache yargs-parser@https://registry.npmjs.org/yargs-parser/-/yargs-parser-18.1.3.tgz 0ms (cache hit)
152 http cache wrap-ansi@https://registry.npmjs.org/wrap-ansi/-/wrap-ansi-6.2.0.tgz 0ms (cache hit)
153 http cache y18n@https://registry.npmjs.org/y18n/-/y18n-4.0.3.tgz 0ms (cache hit)
154 http cache which-module@https://registry.npmjs.org/which-module/-/which-module-2.0.1.tgz 0ms (cache hit)
155 http cache string-width@https://registry.npmjs.org/string-width/-/string-width-4.2.3.tgz 0ms (cache hit)
156 http cache set-blocking@https://registry.npmjs.org/set-blocking/-/set-blocking-2.0.0.tgz 0ms (cache hit)
157 http cache require-main-filename@https://registry.npmjs.org/require-main-filename/-/require-main-filename-2.0.0.tgz 0ms (cache hit)
158 http cache get-caller-file@https://registry.npmjs.org/get-caller-file/-/get-caller-file-2.0.5.tgz 0ms (cache hit)
159 http cache decamelize@https://registry.npmjs.org/decamelize/-/decamelize-1.2.0.tgz 0ms (cache hit)
160 http cache require-directory@https://registry.npmjs.org/require-directory/-/require-directory-2.1.1.tgz 0ms (cache hit)
161 http cache cliui@https://registry.npmjs.org/cliui/-/cliui-6.0.0.tgz 0ms (cache hit)
162 http cache yargs@https://registry.npmjs.org/yargs/-/yargs-15.4.1.tgz 0ms (cache hit)
163 http cache dijkstrajs@https://registry.npmjs.org/dijkstrajs/-/dijkstrajs-1.0.3.tgz 0ms (cache hit)
164 http cache qrcode@https://registry.npmjs.org/qrcode/-/qrcode-1.5.4.tgz 0ms (cache hit)
165 http cache pngjs@https://registry.npmjs.org/pngjs/-/pngjs-5.0.0.tgz 0ms (cache hit)
166 http cache emoji-regex@https://registry.npmjs.org/emoji-regex/-/emoji-regex-8.0.0.tgz 0ms (cache hit)
167 http cache p-limit@https://registry.npmjs.org/p-limit/-/p-limit-2.3.0.tgz 0ms (cache hit)
168 silly tarball no local data for p-try@https://registry.npmjs.org/p-try/-/p-try-2.2.0.tgz. Extracting by manifest.
169 silly tarball no local data for camelcase@https://registry.npmjs.org/camelcase/-/camelcase-5.3.1.tgz. Extracting by manifest.
170 silly tarball no local data for ansi-regex@https://registry.npmjs.org/ansi-regex/-/ansi-regex-5.0.1.tgz. Extracting by manifest.
171 silly tarball no local data for is-fullwidth-code-point@https://registry.npmjs.org/is-fullwidth-code-point/-/is-fullwidth-code-point-3.0.0.tgz. Extracting by manifest.
172 silly tarball no local data for strip-ansi@https://registry.npmjs.org/strip-ansi/-/strip-ansi-6.0.1.tgz. Extracting by manifest.
173 silly tarball no local data for yargs-parser@https://registry.npmjs.org/yargs-parser/-/yargs-parser-18.1.3.tgz. Extracting by manifest.
174 silly tarball no local data for wrap-ansi@https://registry.npmjs.org/wrap-ansi/-/wrap-ansi-6.2.0.tgz. Extracting by manifest.
175 silly tarball no local data for y18n@https://registry.npmjs.org/y18n/-/y18n-4.0.3.tgz. Extracting by manifest.
176 silly tarball no local data for which-module@https://registry.npmjs.org/which-module/-/which-module-2.0.1.tgz. Extracting by manifest.
177 silly tarball no local data for string-width@https://registry.npmjs.org/string-width/-/string-width-4.2.3.tgz. Extracting by manifest.
178 silly tarball no local data for set-blocking@https://registry.npmjs.org/set-blocking/-/set-blocking-2.0.0.tgz. Extracting by manifest.
179 silly tarball no local data for require-main-filename@https://registry.npmjs.org/require-main-filename/-/require-main-filename-2.0.0.tgz. Extracting by manifest.
180 silly tarball no local data for get-caller-file@https://registry.npmjs.org/get-caller-file/-/get-caller-file-2.0.5.tgz. Extracting by manifest.
181 silly tarball no local data for decamelize@https://registry.npmjs.org/decamelize/-/decamelize-1.2.0.tgz. Extracting by manifest.
182 silly tarball no local data for require-directory@https://registry.npmjs.org/require-directory/-/require-directory-2.1.1.tgz. Extracting by manifest.
183 silly tarball no local data for cliui@https://registry.npmjs.org/cliui/-/cliui-6.0.0.tgz. Extracting by manifest.
184 silly tarball no local data for yargs@https://registry.npmjs.org/yargs/-/yargs-15.4.1.tgz. Extracting by manifest.
185 silly tarball no local data for dijkstrajs@https://registry.npmjs.org/dijkstrajs/-/dijkstrajs-1.0.3.tgz. Extracting by manifest.
186 silly tarball no local data for qrcode@https://registry.npmjs.org/qrcode/-/qrcode-1.5.4.tgz. Extracting by manifest.
187 silly tarball no local data for pngjs@https://registry.npmjs.org/pngjs/-/pngjs-5.0.0.tgz. Extracting by manifest.
188 silly tarball no local data for emoji-regex@https://registry.npmjs.org/emoji-regex/-/emoji-regex-8.0.0.tgz. Extracting by manifest.
189 http cache locate-path@https://registry.npmjs.org/locate-path/-/locate-path-5.0.0.tgz 0ms (cache hit)
190 silly tarball no local data for p-limit@https://registry.npmjs.org/p-limit/-/p-limit-2.3.0.tgz. Extracting by manifest.
191 http cache p-locate@https://registry.npmjs.org/p-locate/-/p-locate-4.1.0.tgz 0ms (cache hit)
192 http cache find-up@https://registry.npmjs.org/find-up/-/find-up-4.1.0.tgz 0ms (cache hit)
193 silly tarball no local data for locate-path@https://registry.npmjs.org/locate-path/-/locate-path-5.0.0.tgz. Extracting by manifest.
194 silly tarball no local data for p-locate@https://registry.npmjs.org/p-locate/-/p-locate-4.1.0.tgz. Extracting by manifest.
195 silly tarball no local data for find-up@https://registry.npmjs.org/find-up/-/find-up-4.1.0.tgz. Extracting by manifest.
196 http fetch GET 200 https://registry.npmjs.org/p-try/-/p-try-2.2.0.tgz 101ms (cache miss)
197 http fetch GET 200 https://registry.npmjs.org/string-width/-/string-width-4.2.3.tgz 100ms (cache miss)
198 http fetch GET 200 https://registry.npmjs.org/which-module/-/which-module-2.0.1.tgz 103ms (cache miss)
199 http fetch GET 200 https://registry.npmjs.org/camelcase/-/camelcase-5.3.1.tgz 105ms (cache miss)
200 http fetch GET 200 https://registry.npmjs.org/wrap-ansi/-/wrap-ansi-6.2.0.tgz 168ms (cache miss)
201 http fetch GET 200 https://registry.npmjs.org/ansi-regex/-/ansi-regex-5.0.1.tgz 171ms (cache miss)
202 http fetch GET 200 https://registry.npmjs.org/is-fullwidth-code-point/-/is-fullwidth-code-point-3.0.0.tgz 170ms (cache miss)
203 http fetch GET 200 https://registry.npmjs.org/strip-ansi/-/strip-ansi-6.0.1.tgz 171ms (cache miss)
204 http fetch POST 200 https://registry.npmjs.org/-/npm/v1/security/advisories/bulk 188ms
205 silly audit report {
205 silly audit report   '@babel/core': [
205 silly audit report     {
205 silly audit report       id: 1123528,
205 silly audit report       url: 'https://github.com/advisories/GHSA-4x5r-pxfx-6jf8',
205 silly audit report       title: '@babel/core: Arbitrary File Read via sourceMappingURL Comment',
205 silly audit report       severity: 'low',
205 silly audit report       vulnerable_versions: '<=7.29.0',
205 silly audit report       cwe: [Array],
205 silly audit report       cvss: [Object]
205 silly audit report     }
205 silly audit report   ],
205 silly audit report   esbuild: [
205 silly audit report     {
205 silly audit report       id: 1102341,
205 silly audit report       url: 'https://github.com/advisories/GHSA-67mh-4wv8-2f99',
205 silly audit report       title: 'esbuild enables any website to send any requests to the development server and read the response',
205 silly audit report       severity: 'moderate',
205 silly audit report       vulnerable_versions: '<=0.24.2',
205 silly audit report       cwe: [Array],
205 silly audit report       cvss: [Object]
205 silly audit report     },
205 silly audit report     {
205 silly audit report       id: 1120680,
205 silly audit report       url: 'https://github.com/advisories/GHSA-g7r4-m6w7-qqqr',
205 silly audit report       title: 'esbuild allows arbitrary file read when running the development server on Windows',
205 silly audit report       severity: 'low',
205 silly audit report       vulnerable_versions: '>=0.27.3 <0.28.1',
205 silly audit report       cwe: [Array],
205 silly audit report       cvss: [Object]
205 silly audit report     }
205 silly audit report   ],
205 silly audit report   'brace-expansion': [
205 silly audit report     {
205 silly audit report       id: 1130588,
205 silly audit report       url: 'https://github.com/advisories/GHSA-mh99-v99m-4gvg',
205 silly audit report       title: 'brace-expansion: DoS via unbounded expansion length causing an out-of-memory process crash',
205 silly audit report       severity: 'high',
205 silly audit report       vulnerable_versions: '<1.1.17',
205 silly audit report       cwe: [Array],
205 silly audit report       cvss: [Object]
205 silly audit report     },
205 silly audit report     {
205 silly audit report       id: 1130591,
205 silly audit report       url: 'https://github.com/advisories/GHSA-mh99-v99m-4gvg',
205 silly audit report       title: 'brace-expansion: DoS via unbounded expansion length causing an out-of-memory process crash',
205 silly audit report       severity: 'high',
205 silly audit report       vulnerable_versions: '>=4.0.0 <5.0.8',
205 silly audit report       cwe: [Array],
205 silly audit report       cvss: [Object]
205 silly audit report     },
205 silly audit report     {
205 silly audit report       id: 1123897,
205 silly audit report       url: 'https://github.com/advisories/GHSA-3jxr-9vmj-r5cp',
205 silly audit report       title: 'brace-expansion: DoS via exponential-time expansion of consecutive non-expanding {} groups',
205 silly audit report       severity: 'high',
205 silly audit report       vulnerable_versions: '<1.1.16',
205 silly audit report       cwe: [Array],
205 silly audit report       cvss: [Object]
205 silly audit report     },
205 silly audit report     {
205 silly audit report       id: 1123898,
205 silly audit report       url: 'https://github.com/advisories/GHSA-3jxr-9vmj-r5cp',
205 silly audit report       title: 'brace-expansion: DoS via exponential-time expansion of consecutive non-expanding {} groups',
205 silly audit report       severity: 'high',
205 silly audit report       vulnerable_versions: '>=3.0.0 <5.0.7',
205 silly audit report       cwe: [Array],
205 silly audit report       cvss: [Object]
205 silly audit report     }
205 silly audit report   ],
205 silly audit report   'fast-uri': [
205 silly audit report     {
205 silly audit report       id: 1130178,
205 silly audit report       url: 'https://github.com/advisories/GHSA-4c8g-83qw-93j6',
205 silly audit report       title: 'fast-uri vulnerable to host confusion via failed IDN canonicalization',
205 silly audit report       severity: 'high',
205 silly audit report       vulnerable_versions: '>=3.0.0 <3.1.3',
205 silly audit report       cwe: [Array],
205 silly audit report       cvss: [Object]
205 silly audit report     },
205 silly audit report     {
205 silly audit report       id: 1124064,
205 silly audit report       url: 'https://github.com/advisories/GHSA-v2hh-gcrm-f6hx',
205 silly audit report       title: 'fast-uri vulnerable to host confusion via literal backslash authority delimiter',
205 silly audit report       severity: 'high',
205 silly audit report       vulnerable_versions: '>=3.0.0 <=3.1.3',
205 silly audit report       cwe: [Array],
205 silly audit report       cvss: [Object]
205 silly audit report     }
205 silly audit report   ],
205 silly audit report   'js-yaml': [
205 silly audit report     {
205 silly audit report       id: 1121860,
205 silly audit report       url: 'https://github.com/advisories/GHSA-h67p-54hq-rp68',
205 silly audit report       title: 'JS-YAML: Quadratic-complexity DoS in merge key handling via repeated aliases',
205 silly audit report       severity: 'moderate',
205 silly audit report       vulnerable_versions: '>=4.0.0 <=4.1.1',
205 silly audit report       cwe: [Array],
205 silly audit report       cvss: [Object]
205 silly audit report     },
205 silly audit report     {
205 silly audit report       id: 1123911,
205 silly audit report       url: 'https://github.com/advisories/GHSA-52cp-r559-cp3m',
205 silly audit report       title: 'js-yaml: YAML merge-key chains can force quadratic CPU consumption',
205 silly audit report       severity: 'high',
205 silly audit report       vulnerable_versions: '>=4.0.0 <4.3.0',
205 silly audit report       cwe: [Array],
205 silly audit report       cvss: [Object]
205 silly audit report     }
205 silly audit report   ],
205 silly audit report   next: [
205 silly audit report     {
205 silly audit report       id: 1124184,
205 silly audit report       url: 'https://github.com/advisories/GHSA-89xv-2m56-2m9x',
205 silly audit report       title: 'Next.js: Server-Side Request Forgery in Server Actions on custom servers',
205 silly audit report       severity: 'high',
205 silly audit report       vulnerable_versions: '>=16.0.0 <16.2.11',
205 silly audit report       cwe: [Array],
205 silly audit report       cvss: [Object]
205 silly audit report     },
205 silly audit report     {
205 silly audit report       id: 1124186,
205 silly audit report       url: 'https://github.com/advisories/GHSA-68g3-v927-f742',
205 silly audit report       title: 'Next.js: Cache confusion of response bodies for requests with bodies',
205 silly audit report       severity: 'moderate',
205 silly audit report       vulnerable_versions: '>=16.0.0 <16.2.11',
205 silly audit report       cwe: [Array],
205 silly audit report       cvss: [Object]
205 silly audit report     },
205 silly audit report     {
205 silly audit report       id: 1124170,
205 silly audit report       url: 'https://github.com/advisories/GHSA-6gpp-xcg3-4w24',
205 silly audit report       title: 'Next.js: Middleware / Proxy bypass in App Router applications using Turbopack and single locale',
205 silly audit report       severity: 'high',
205 silly audit report       vulnerable_versions: '>=16.0.0 <16.2.11',
205 silly audit report       cwe: [Array],
205 silly audit report       cvss: [Object]
205 silly audit report     },
205 silly audit report     {
205 silly audit report       id: 1124171,
205 silly audit report       url: 'https://github.com/advisories/GHSA-m99w-x7hq-7vfj',
205 silly audit report       title: 'Next.js: Denial of Service in App Router using Server Actions',
205 silly audit report       severity: 'high',
205 silly audit report       vulnerable_versions: '>=16.0.0 <16.2.11',
205 silly audit report       cwe: [Array],
205 silly audit report       cvss: [Object]
205 silly audit report     },
205 silly audit report     {
205 silly audit report       id: 1124188,
205 silly audit report       url: 'https://github.com/advisories/GHSA-4633-3j49-mh5q',
205 silly audit report       title: 'Next.js: Cache confusion of response bodies for requests with bodies containing invalid UTF-8 byte sequences',
205 silly audit report       severity: 'moderate',
205 silly audit report       vulnerable_versions: '>=16.0.0 <16.2.11',
205 silly audit report       cwe: [Array],
205 silly audit report       cvss: [Object]
205 silly audit report     },
205 silly audit report     {
205 silly audit report       id: 1124190,
205 silly audit report       url: 'https://github.com/advisories/GHSA-4c39-4ccg-62r3',
205 silly audit report       title: 'Next.js: Unbounded Server Action payload in Edge runtime',
205 silly audit report       severity: 'moderate',
205 silly audit report       vulnerable_versions: '>=16.0.0 <16.2.11',
205 silly audit report       cwe: [Array],
205 silly audit report       cvss: [Object]
205 silly audit report     },
205 silly audit report     {
205 silly audit report       id: 1124192,
205 silly audit report       url: 'https://github.com/advisories/GHSA-p9j2-gv94-2wf4',
205 silly audit report       title: 'Next.js: Server-Side Request Forgery in rewrites via attacker-controlled destination hostname',
205 silly audit report       severity: 'high',
205 silly audit report       vulnerable_versions: '>=16.0.0 <16.2.11',
205 silly audit report       cwe: [Array],
205 silly audit report       cvss: [Object]
205 silly audit report     },
205 silly audit report     {
205 silly audit report       id: 1124194,
205 silly audit report       url: 'https://github.com/advisories/GHSA-q8wf-6r8g-63ch',
205 silly audit report       title: 'Next.js: Denial of Service in the Image Optimization API using SVGs',
205 silly audit report       severity: 'moderate',
205 silly audit report       vulnerable_versions: '>=16.0.0 <16.2.11',
205 silly audit report       cwe: [Array],
205 silly audit report       cvss: [Object]
205 silly audit report     },
205 silly audit report     {
205 silly audit report       id: 1124196,
205 silly audit report       url: 'https://github.com/advisories/GHSA-955p-x3mx-jcvp',
205 silly audit report       title: 'Next.js: Unauthenticated disclosure of internal Server Function endpoints',
205 silly audit report       severity: 'moderate',
205 silly audit report       vulnerable_versions: '>=16.0.0 <16.2.11',
205 silly audit report       cwe: [Array],
205 silly audit report       cvss: [Object]
205 silly audit report     }
205 silly audit report   ],
205 silly audit report   postcss: [
205 silly audit report     {
205 silly audit report       id: 1117015,
205 silly audit report       url: 'https://github.com/advisories/GHSA-qx2v-qp2m-jg93',
205 silly audit report       title: 'PostCSS has XSS via Unescaped </style> in its CSS Stringify Output',
205 silly audit report       severity: 'moderate',
205 silly audit report       vulnerable_versions: '<8.5.10',
205 silly audit report       cwe: [Array],
205 silly audit report       cvss: [Object]
205 silly audit report     },
205 silly audit report     {
205 silly audit report       id: 1124252,
205 silly audit report       url: 'https://github.com/advisories/GHSA-6g55-p6wh-862q',
205 silly audit report       title: 'PostCSS: Arbitrary file read and information disclosure via attacker-controlled sourceMappingURL in CSS comments',
205 silly audit report       severity: 'high',
205 silly audit report       vulnerable_versions: '<=8.5.11',
205 silly audit report       cwe: [Array],
205 silly audit report       cvss: [Object]
205 silly audit report     },
205 silly audit report     {
205 silly audit report       id: 1124288,
205 silly audit report       url: 'https://github.com/advisories/GHSA-r28c-9q8g-f849',
205 silly audit report       title: 'PostCSS: Path Traversal in Previous Source Map Auto-Loading (sourceMappingURL) leads to Arbitrary .map File Disclosure',
205 silly audit report       severity: 'high',
205 silly audit report       vulnerable_versions: '<=8.5.17',
205 silly audit report       cwe: [Array],
205 silly audit report       cvss: [Object]
205 silly audit report     }
205 silly audit report   ],
205 silly audit report   'react-server-dom-webpack': [
205 silly audit report     {
205 silly audit report       id: 1124314,
205 silly audit report       url: 'https://github.com/advisories/GHSA-wx67-qw84-cm4g',
205 silly audit report       title: 'react-server-dom: Denial of Service in Server Functions',
205 silly audit report       severity: 'high',
205 silly audit report       vulnerable_versions: '>=19.2.0 <19.2.8',
205 silly audit report       cwe: [Array],
205 silly audit report       cvss: [Object]
205 silly audit report     }
205 silly audit report   ],
205 silly audit report   sharp: [
205 silly audit report     {
205 silly audit report       id: 1124066,
205 silly audit report       url: 'https://github.com/advisories/GHSA-f88m-g3jw-g9cj',
205 silly audit report       title: 'sharp inherited vulnerabilities in libvips: CVE-2026-33327, CVE-2026-33328, CVE-2026-35590, CVE-2026-35591',
205 silly audit report       severity: 'high',
205 silly audit report       vulnerable_versions: '<0.35.0',
205 silly audit report       cwe: [Array],
205 silly audit report       cvss: [Object]
205 silly audit report     }
205 silly audit report   ],
205 silly audit report   undici: [
205 silly audit report     {
205 silly audit report       id: 1121187,
205 silly audit report       url: 'https://github.com/advisories/GHSA-vmh5-mc38-953g',
205 silly audit report       title: 'undici vulnerable to TLS certificate validation bypass via dropped requestTls in SOCKS5 ProxyAgent',
205 silly audit report       severity: 'high',
205 silly audit report       vulnerable_versions: '>=7.23.0 <7.28.0',
205 silly audit report       cwe: [Array],
205 silly audit report       cvss: [Object]
205 silly audit report     },
205 silly audit report     {
205 silly audit report       id: 1121241,
205 silly audit report       url: 'https://github.com/advisories/GHSA-p88m-4jfj-68fv',
205 silly audit report       title: 'undici vulnerable to HTTP header injection via Set-Cookie percent-decoding',
205 silly audit report       severity: 'moderate',
205 silly audit report       vulnerable_versions: '>=7.0.0 <7.28.0',
205 silly audit report       cwe: [Array],
205 silly audit report       cvss: [Object]
205 silly audit report     },
205 silly audit report     {
205 silly audit report       id: 1121244,
205 silly audit report       url: 'https://github.com/advisories/GHSA-vxpw-j846-p89q',
205 silly audit report       title: 'undici WebSocket client vulnerable to denial of service via fragment count bypass',
205 silly audit report       severity: 'high',
205 silly audit report       vulnerable_versions: '>=7.0.0 <7.28.0',
205 silly audit report       cwe: [Array],
205 silly audit report       cvss: [Object]
205 silly audit report     },
205 silly audit report     {
205 silly audit report       id: 1121247,
205 silly audit report       url: 'https://github.com/advisories/GHSA-hm92-r4w5-c3mj',
205 silly audit report       title: 'undici vulnerable to cross-origin request routing via SOCKS5 proxy pool reuse',
205 silly audit report       severity: 'high',
205 silly audit report       vulnerable_versions: '>=7.23.0 <7.28.0',
205 silly audit report       cwe: [Array],
205 silly audit report       cvss: [Object]
205 silly audit report     },
205 silly audit report     {
205 silly audit report       id: 1121249,
205 silly audit report       url: 'https://github.com/advisories/GHSA-35p6-xmwp-9g52',
205 silly audit report       title: 'undici vulnerable to HTTP response queue poisoning via keep-alive socket reuse',
205 silly audit report       severity: 'low',
205 silly audit report       vulnerable_versions: '>=7.0.0 <7.28.0',
205 silly audit report       cwe: [Array],
205 silly audit report       cvss: [Object]
205 silly audit report     },
205 silly audit report     {
205 silly audit report       id: 1121254,
205 silly audit report       url: 'https://github.com/advisories/GHSA-g8m3-5g58-fq7m',
205 silly audit report       title: 'undici vulnerable to Set-Cookie SameSite attribute downgrade via permissive substring matching',
205 silly audit report       severity: 'low',
205 silly audit report       vulnerable_versions: '>=7.0.0 <7.28.0',
205 silly audit report       cwe: [Array],
205 silly audit report       cvss: [Object]
205 silly audit report     },
205 silly audit report     {
205 silly audit report       id: 1121428,
205 silly audit report       url: 'https://github.com/advisories/GHSA-pr7r-676h-xcf6',
205 silly audit report       title: 'undici vulnerable to cross-user information disclosure via shared cache whitespace bypass',
205 silly audit report       severity: 'moderate',
205 silly audit report       vulnerable_versions: '>=7.0.0 <7.28.0',
205 silly audit report       cwe: [Array],
205 silly audit report       cvss: [Object]
205 silly audit report     }
205 silly audit report   ],
205 silly audit report   vite: [
205 silly audit report     {
205 silly audit report       id: 1120786,
205 silly audit report       url: 'https://github.com/advisories/GHSA-v6wh-96g9-6wx3',
205 silly audit report       title: 'launch-editor: NTLMv2 hash disclosure via UNC path handling on Windows',
205 silly audit report       severity: 'moderate',
205 silly audit report       vulnerable_versions: '>=8.0.0 <=8.0.15',
205 silly audit report       cwe: [Array],
205 silly audit report       cvss: [Object]
205 silly audit report     },
205 silly audit report     {
205 silly audit report       id: 1123527,
205 silly audit report       url: 'https://github.com/advisories/GHSA-fx2h-pf6j-xcff',
205 silly audit report       title: 'vite: `server.fs.deny` bypass on Windows alternate paths',
205 silly audit report       severity: 'high',
205 silly audit report       vulnerable_versions: '>=8.0.0 <=8.0.15',
205 silly audit report       cwe: [Array],
205 silly audit report       cvss: [Object]
205 silly audit report     }
205 silly audit report   ],
205 silly audit report   ws: [
205 silly audit report     {
205 silly audit report       id: 1119108,
205 silly audit report       url: 'https://github.com/advisories/GHSA-58qx-3vcg-4xpx',
205 silly audit report       title: 'ws: Uninitialized memory disclosure',
205 silly audit report       severity: 'moderate',
205 silly audit report       vulnerable_versions: '>=8.0.0 <8.20.1',
205 silly audit report       cwe: [Array],
205 silly audit report       cvss: [Object]
205 silly audit report     },
205 silly audit report     {
205 silly audit report       id: 1123259,
205 silly audit report       url: 'https://github.com/advisories/GHSA-96hv-2xvq-fx4p',
205 silly audit report       title: 'ws: Memory exhaustion DoS from tiny fragments and data chunks',
205 silly audit report       severity: 'high',
205 silly audit report       vulnerable_versions: '>=8.0.0 <8.21.0',
205 silly audit report       cwe: [Array],
205 silly audit report       cvss: [Object]
205 silly audit report     }
205 silly audit report   ]
205 silly audit report }
206 silly packumentCache corgi:https://registry.npmjs.org/@babel%2fcore cache-miss
207 silly packumentCache corgi:https://registry.npmjs.org/esbuild cache-miss
208 silly packumentCache corgi:https://registry.npmjs.org/brace-expansion cache-miss
209 silly packumentCache corgi:https://registry.npmjs.org/fast-uri cache-miss
210 silly packumentCache corgi:https://registry.npmjs.org/js-yaml cache-miss
211 silly packumentCache corgi:https://registry.npmjs.org/next cache-miss
212 silly packumentCache corgi:https://registry.npmjs.org/postcss cache-miss
213 silly packumentCache corgi:https://registry.npmjs.org/react-server-dom-webpack cache-miss
214 silly packumentCache corgi:https://registry.npmjs.org/sharp cache-miss
215 silly packumentCache corgi:https://registry.npmjs.org/undici cache-miss
216 silly packumentCache corgi:https://registry.npmjs.org/vite cache-miss
217 silly packumentCache corgi:https://registry.npmjs.org/ws cache-miss
218 http fetch GET 200 https://registry.npmjs.org/y18n/-/y18n-4.0.3.tgz 192ms (cache miss)
219 http fetch GET 200 https://registry.npmjs.org/p-limit/-/p-limit-2.3.0.tgz 193ms (cache miss)
220 http fetch GET 200 https://registry.npmjs.org/decamelize/-/decamelize-1.2.0.tgz 201ms (cache miss)
221 http fetch GET 200 https://registry.npmjs.org/cliui/-/cliui-6.0.0.tgz 203ms (cache miss)
222 http fetch GET 200 https://registry.npmjs.org/set-blocking/-/set-blocking-2.0.0.tgz 209ms (cache miss)
223 http fetch GET 200 https://registry.npmjs.org/p-locate/-/p-locate-4.1.0.tgz 208ms (cache miss)
224 http fetch GET 200 https://registry.npmjs.org/find-up/-/find-up-4.1.0.tgz 210ms (cache miss)
225 http fetch GET 200 https://registry.npmjs.org/locate-path/-/locate-path-5.0.0.tgz 215ms (cache miss)
226 http fetch GET 200 https://registry.npmjs.org/dijkstrajs/-/dijkstrajs-1.0.3.tgz 236ms (cache miss)
227 http fetch GET 200 https://registry.npmjs.org/require-directory/-/require-directory-2.1.1.tgz 241ms (cache miss)
228 http fetch GET 200 https://registry.npmjs.org/require-main-filename/-/require-main-filename-2.0.0.tgz 254ms (cache miss)
229 http fetch GET 200 https://registry.npmjs.org/get-caller-file/-/get-caller-file-2.0.5.tgz 298ms (cache miss)
230 http fetch GET 200 https://registry.npmjs.org/emoji-regex/-/emoji-regex-8.0.0.tgz 300ms (cache miss)
231 http fetch GET 200 https://registry.npmjs.org/yargs-parser/-/yargs-parser-18.1.3.tgz 309ms (cache miss)
232 http fetch GET 200 https://registry.npmjs.org/esbuild 129ms (cache revalidated)
233 silly packumentCache corgi:https://registry.npmjs.org/esbuild set size:887361 disposed:false
234 http fetch GET 200 https://registry.npmjs.org/js-yaml 136ms (cache revalidated)
235 silly packumentCache corgi:https://registry.npmjs.org/js-yaml set size:70542 disposed:false
236 http fetch GET 200 https://registry.npmjs.org/brace-expansion 139ms (cache revalidated)
237 silly packumentCache corgi:https://registry.npmjs.org/brace-expansion set size:34964 disposed:false
238 http fetch GET 200 https://registry.npmjs.org/@babel%2fcore 141ms (cache revalidated)
239 silly packumentCache corgi:https://registry.npmjs.org/@babel%2fcore set size:422446 disposed:false
240 http fetch GET 200 https://registry.npmjs.org/undici 144ms (cache revalidated)
241 silly packumentCache corgi:https://registry.npmjs.org/undici set size:454080 disposed:false
242 http fetch GET 200 https://registry.npmjs.org/react-server-dom-webpack 156ms (cache revalidated)
243 silly packumentCache corgi:https://registry.npmjs.org/react-server-dom-webpack set size:2497641 disposed:false
244 http fetch GET 200 https://registry.npmjs.org/vite 180ms (cache revalidated)
245 silly packumentCache corgi:https://registry.npmjs.org/vite set size:2291880 disposed:false
246 http fetch GET 200 https://registry.npmjs.org/postcss 200ms (cache revalidated)
247 silly packumentCache corgi:https://registry.npmjs.org/postcss set size:354683 disposed:false
248 http fetch GET 200 https://registry.npmjs.org/fast-uri 209ms (cache revalidated)
249 silly packumentCache corgi:https://registry.npmjs.org/fast-uri set size:30599 disposed:false
250 http fetch GET 200 https://registry.npmjs.org/ws 208ms (cache revalidated)
251 silly packumentCache corgi:https://registry.npmjs.org/ws set size:205716 disposed:false
252 http fetch GET 200 https://registry.npmjs.org/sharp 213ms (cache revalidated)
253 silly packumentCache corgi:https://registry.npmjs.org/sharp set size:291503 disposed:false
254 http fetch GET 200 https://registry.npmjs.org/next 256ms (cache revalidated)
255 silly packumentCache corgi:https://registry.npmjs.org/next set size:25415748 disposed:false
256 silly packumentCache corgi:https://registry.npmjs.org/@babel%2fhelper-module-transforms cache-miss
257 silly packumentCache corgi:https://registry.npmjs.org/eslint-plugin-react-hooks cache-miss
258 http fetch GET 200 https://registry.npmjs.org/@babel%2fhelper-module-transforms 46ms (cache revalidated)
259 silly packumentCache corgi:https://registry.npmjs.org/@babel%2fhelper-module-transforms set size:187739 disposed:false
260 http fetch GET 200 https://registry.npmjs.org/eslint-plugin-react-hooks 58ms (cache revalidated)
261 silly packumentCache corgi:https://registry.npmjs.org/eslint-plugin-react-hooks set size:4331165 disposed:false
262 silly packumentCache corgi:https://registry.npmjs.org/@esbuild-kit%2fcore-utils cache-miss
263 http fetch GET 200 https://registry.npmjs.org/qrcode/-/qrcode-1.5.4.tgz 1057ms (cache miss)
264 http fetch GET 200 https://registry.npmjs.org/@esbuild-kit%2fcore-utils 113ms (cache revalidated)
265 silly packumentCache corgi:https://registry.npmjs.org/@esbuild-kit%2fcore-utils set size:50200 disposed:false
266 silly packumentCache corgi:https://registry.npmjs.org/tsx cache-miss
267 silly packumentCache corgi:https://registry.npmjs.org/wrangler cache-miss
268 http fetch GET 200 https://registry.npmjs.org/tsx 41ms (cache revalidated)
269 silly packumentCache corgi:https://registry.npmjs.org/tsx set size:133144 disposed:false
270 http fetch GET 200 https://registry.npmjs.org/yargs/-/yargs-15.4.1.tgz 1141ms (cache miss)
271 http fetch GET 200 https://registry.npmjs.org/wrangler 74ms (cache revalidated)
272 silly packumentCache corgi:https://registry.npmjs.org/wrangler set size:16144738 disposed:false
273 silly packumentCache corgi:https://registry.npmjs.org/minimatch cache-miss
274 http fetch GET 200 https://registry.npmjs.org/minimatch 32ms (cache revalidated)
275 silly packumentCache corgi:https://registry.npmjs.org/minimatch set size:169442 disposed:false
276 http fetch GET 200 https://registry.npmjs.org/pngjs/-/pngjs-5.0.0.tgz 1379ms (cache miss)
277 silly packumentCache corgi:https://registry.npmjs.org/ajv cache-miss
278 http fetch GET 200 https://registry.npmjs.org/ajv 230ms (cache revalidated)
279 silly packumentCache corgi:https://registry.npmjs.org/ajv set size:467559 disposed:false
280 silly packumentCache corgi:https://registry.npmjs.org/@eslint%2feslintrc cache-miss
281 http fetch GET 200 https://registry.npmjs.org/@eslint%2feslintrc 33ms (cache revalidated)
282 silly packumentCache corgi:https://registry.npmjs.org/@eslint%2feslintrc set size:84432 disposed:false
283 silly packumentCache corgi:https://registry.npmjs.org/@unpic%2freact cache-miss
284 http fetch GET 200 https://registry.npmjs.org/@unpic%2freact 48ms (cache revalidated)
285 silly packumentCache corgi:https://registry.npmjs.org/@unpic%2freact set size:83169 disposed:false
286 silly packumentCache corgi:https://registry.npmjs.org/@tailwindcss%2fpostcss cache-miss
287 http fetch GET 200 https://registry.npmjs.org/@tailwindcss%2fpostcss 62ms (cache revalidated)
288 silly packumentCache corgi:https://registry.npmjs.org/@tailwindcss%2fpostcss set size:1000263 disposed:false
289 silly packumentCache corgi:https://registry.npmjs.org/@vitejs%2fplugin-rsc cache-miss
290 silly packumentCache corgi:https://registry.npmjs.org/vinext cache-miss
291 http fetch GET 200 https://registry.npmjs.org/vinext 51ms (cache revalidated)
292 silly packumentCache corgi:https://registry.npmjs.org/vinext set size:99424 disposed:false
293 http fetch GET 200 https://registry.npmjs.org/@vitejs%2fplugin-rsc 64ms (cache revalidated)
294 silly packumentCache corgi:https://registry.npmjs.org/@vitejs%2fplugin-rsc set size:87001 disposed:false
295 silly packumentCache corgi:https://registry.npmjs.org/miniflare cache-miss
296 http fetch GET 200 https://registry.npmjs.org/miniflare 63ms (cache revalidated)
297 silly packumentCache corgi:https://registry.npmjs.org/miniflare set size:3195429 disposed:false
298 silly packumentCache corgi:https://registry.npmjs.org/@cloudflare%2fvite-plugin cache-miss
299 silly packumentCache corgi:https://registry.npmjs.org/@vitejs%2fplugin-react cache-miss
300 silly packumentCache corgi:https://registry.npmjs.org/vite-tsconfig-paths cache-miss
301 silly packumentCache corgi:https://registry.npmjs.org/vitefu cache-miss
302 http fetch GET 200 https://registry.npmjs.org/vitefu 32ms (cache revalidated)
303 silly packumentCache corgi:https://registry.npmjs.org/vitefu set size:22407 disposed:false
304 http fetch GET 200 https://registry.npmjs.org/vite-tsconfig-paths 36ms (cache revalidated)
305 silly packumentCache corgi:https://registry.npmjs.org/vite-tsconfig-paths set size:138136 disposed:false
306 http fetch GET 200 https://registry.npmjs.org/@vitejs%2fplugin-react 50ms (cache revalidated)
307 silly packumentCache corgi:https://registry.npmjs.org/@vitejs%2fplugin-react set size:117751 disposed:false
308 http fetch GET 200 https://registry.npmjs.org/@cloudflare%2fvite-plugin 57ms (cache revalidated)
309 silly packumentCache corgi:https://registry.npmjs.org/@cloudflare%2fvite-plugin set size:1050669 disposed:false
310 silly packumentCache corgi:https://registry.npmjs.org/@esbuild-kit%2fesm-loader cache-miss
311 http fetch GET 200 https://registry.npmjs.org/@esbuild-kit%2fesm-loader 35ms (cache revalidated)
312 silly packumentCache corgi:https://registry.npmjs.org/@esbuild-kit%2fesm-loader set size:48382 disposed:false
313 silly packumentCache corgi:https://registry.npmjs.org/drizzle-kit cache-miss
314 http fetch GET 200 https://registry.npmjs.org/drizzle-kit 28ms (cache revalidated)
315 silly packumentCache corgi:https://registry.npmjs.org/drizzle-kit set size:1236112 disposed:false
316 silly ADD node_modules/p-try
317 silly ADD node_modules/camelcase
318 silly ADD node_modules/ansi-regex
319 silly ADD node_modules/is-fullwidth-code-point
320 silly ADD node_modules/wrap-ansi
321 silly ADD node_modules/strip-ansi
322 silly ADD node_modules/yargs-parser
323 silly ADD node_modules/y18n
324 silly ADD node_modules/which-module
325 silly ADD node_modules/string-width
326 silly ADD node_modules/string-width/node_modules/emoji-regex
327 silly ADD node_modules/set-blocking
328 silly ADD node_modules/require-main-filename
329 silly ADD node_modules/require-directory
330 silly ADD node_modules/get-caller-file
331 silly ADD node_modules/decamelize
332 silly ADD node_modules/cliui
333 silly ADD node_modules/yargs
334 silly ADD node_modules/yargs/node_modules/p-limit
335 silly ADD node_modules/yargs/node_modules/p-locate
336 silly ADD node_modules/yargs/node_modules/locate-path
337 silly ADD node_modules/yargs/node_modules/find-up
338 silly ADD node_modules/pngjs
339 silly ADD node_modules/dijkstrajs
340 silly ADD node_modules/qrcode
341 verbose cwd C:\wang\mobile-order
342 verbose os Windows_NT 10.0.26200
343 verbose node v24.14.1
344 verbose npm  v11.11.0
345 verbose exit 0
346 info ok
