
--- 2026-08-03T08:17:07.596Z debug
🪵  Writing logs to "C:\wang\.wrangler-config\.wrangler\logs\wrangler-2026-08-03_08-17-07_435.log"
---

--- 2026-08-03T08:17:07.596Z debug
.env file not found at "C:\wang\mobile-order\.env". Continuing... For more details, refer to https://developers.cloudflare.com/workers/wrangler/system-environment-variables/
---

--- 2026-08-03T08:17:07.597Z debug
.env file not found at "C:\wang\mobile-order\.env.local". Continuing... For more details, refer to https://developers.cloudflare.com/workers/wrangler/system-environment-variables/
---

--- 2026-08-03T08:17:07.603Z log

 ⛅️ wrangler 4.92.0 (update available 4.118.0)
──────────────────────────────────────────────
---

--- 2026-08-03T08:17:07.610Z debug
Metrics dispatcher: Posting data {"deviceId":"62481879-fe5f-41db-8e59-654eafe8c63e","event":"wrangler command started","timestamp":1785745027610,"properties":{"amplitude_session_id":1785745027607,"amplitude_event_id":0,"wranglerVersion":"4.92.0","wranglerMajorVersion":4,"wranglerMinorVersion":92,"wranglerPatchVersion":0,"osPlatform":"Windows","osVersion":"Windows 11 Home","nodeVersion":24,"packageManager":"npm","isFirstUsage":false,"configFileType":"none","isCI":false,"isPagesCI":false,"isWorkersCI":false,"isInteractive":false,"hasAssets":false,"agent":null,"argsUsed":[],"argsCombination":"","sanitizedCommand":"whoami","sanitizedArgs":{}}}
---

--- 2026-08-03T08:17:07.623Z log
Getting User settings...
---

--- 2026-08-03T08:17:07.632Z debug
-- START CF API REQUEST: GET https://api.cloudflare.com/client/v4/user
---

--- 2026-08-03T08:17:07.632Z debug
QUERY STRING: omitted; set WRANGLER_LOG_SANITIZE=false to include sanitized data
---

--- 2026-08-03T08:17:07.633Z debug
HEADERS: omitted; set WRANGLER_LOG_SANITIZE=false to include sanitized data
---

--- 2026-08-03T08:17:07.633Z debug
INIT: omitted; set WRANGLER_LOG_SANITIZE=false to include sanitized data
---

--- 2026-08-03T08:17:07.633Z debug
-- END CF API REQUEST
---

--- 2026-08-03T08:17:07.929Z debug
-- START CF API RESPONSE: OK 200
---

--- 2026-08-03T08:17:07.930Z debug
HEADERS: omitted; set WRANGLER_LOG_SANITIZE=false to include sanitized data
---

--- 2026-08-03T08:17:07.930Z debug
RESPONSE: omitted; set WRANGLER_LOG_SANITIZE=false to include sanitized data
---

--- 2026-08-03T08:17:07.930Z debug
-- END CF API RESPONSE
---

--- 2026-08-03T08:17:07.931Z debug
-- START CF API REQUEST: GET https://api.cloudflare.com/client/v4/accounts
---

--- 2026-08-03T08:17:07.932Z debug
QUERY STRING: omitted; set WRANGLER_LOG_SANITIZE=false to include sanitized data
---

--- 2026-08-03T08:17:07.932Z debug
HEADERS: omitted; set WRANGLER_LOG_SANITIZE=false to include sanitized data
---

--- 2026-08-03T08:17:07.932Z debug
INIT: omitted; set WRANGLER_LOG_SANITIZE=false to include sanitized data
---

--- 2026-08-03T08:17:07.932Z debug
-- END CF API REQUEST
---

--- 2026-08-03T08:17:07.932Z debug
-- START CF API REQUEST: GET https://api.cloudflare.com/client/v4/memberships
---

--- 2026-08-03T08:17:07.932Z debug
QUERY STRING: omitted; set WRANGLER_LOG_SANITIZE=false to include sanitized data
---

--- 2026-08-03T08:17:07.932Z debug
HEADERS: omitted; set WRANGLER_LOG_SANITIZE=false to include sanitized data
---

--- 2026-08-03T08:17:07.933Z debug
INIT: omitted; set WRANGLER_LOG_SANITIZE=false to include sanitized data
---

--- 2026-08-03T08:17:07.933Z debug
-- END CF API REQUEST
---

--- 2026-08-03T08:17:08.329Z debug
-- START CF API RESPONSE: OK 200
---

--- 2026-08-03T08:17:08.330Z debug
HEADERS: omitted; set WRANGLER_LOG_SANITIZE=false to include sanitized data
---

--- 2026-08-03T08:17:08.330Z debug
RESPONSE: omitted; set WRANGLER_LOG_SANITIZE=false to include sanitized data
---

--- 2026-08-03T08:17:08.330Z debug
-- END CF API RESPONSE
---

--- 2026-08-03T08:17:08.331Z debug
-- START CF API RESPONSE: OK 200
---

--- 2026-08-03T08:17:08.331Z debug
HEADERS: omitted; set WRANGLER_LOG_SANITIZE=false to include sanitized data
---

--- 2026-08-03T08:17:08.331Z debug
RESPONSE: omitted; set WRANGLER_LOG_SANITIZE=false to include sanitized data
---

--- 2026-08-03T08:17:08.331Z debug
-- END CF API RESPONSE
---

--- 2026-08-03T08:17:08.331Z log
👋 You are logged in with an OAuth Token, associated with the email wangyonghuang@firstdevelop.com.
---

--- 2026-08-03T08:17:08.334Z log
┌──────────────────────────────────────────┬──────────────────────────────────┐
│ Account Name                             │ Account ID                       │
├──────────────────────────────────────────┼──────────────────────────────────┤
│ Wangyonghuang@firstdevelop.com's Account │ c8efdeac9c51e5db063ae854270042a9 │
└──────────────────────────────────────────┴──────────────────────────────────┘
---

--- 2026-08-03T08:17:08.334Z log
🔓 Token Permissions:
---

--- 2026-08-03T08:17:08.334Z log
Scope (Access)
---

--- 2026-08-03T08:17:08.335Z log
- account (read)
---

--- 2026-08-03T08:17:08.335Z log
- user (read)
---

--- 2026-08-03T08:17:08.335Z log
- workers (write)
---

--- 2026-08-03T08:17:08.335Z log
- workers_kv (write)
---

--- 2026-08-03T08:17:08.335Z log
- workers_routes (write)
---

--- 2026-08-03T08:17:08.335Z log
- workers_scripts (write)
---

--- 2026-08-03T08:17:08.335Z log
- workers_tail (read)
---

--- 2026-08-03T08:17:08.335Z log
- d1 (write)
---

--- 2026-08-03T08:17:08.335Z log
- pages (write)
---

--- 2026-08-03T08:17:08.335Z log
- zone (read)
---

--- 2026-08-03T08:17:08.335Z log
- ssl_certs (write)
---

--- 2026-08-03T08:17:08.336Z log
- ai (write)
---

--- 2026-08-03T08:17:08.336Z log
- ai-search (write)
---

--- 2026-08-03T08:17:08.336Z log
- ai-search (run)
---

--- 2026-08-03T08:17:08.336Z log
- queues (write)
---

--- 2026-08-03T08:17:08.336Z log
- pipelines (write)
---

--- 2026-08-03T08:17:08.336Z log
- secrets_store (write)
---

--- 2026-08-03T08:17:08.336Z log
- artifacts (write)
---

--- 2026-08-03T08:17:08.336Z log
- flagship (write)
---

--- 2026-08-03T08:17:08.336Z log
- containers (write)
---

--- 2026-08-03T08:17:08.336Z log
- cloudchamber (write)
---

--- 2026-08-03T08:17:08.336Z log
- connectivity (admin)
---

--- 2026-08-03T08:17:08.336Z log
- email_routing (write)
---

--- 2026-08-03T08:17:08.336Z log
- email_sending (write)
---

--- 2026-08-03T08:17:08.337Z log
- browser (write)
---

--- 2026-08-03T08:17:08.337Z log
- offline_access 
---

--- 2026-08-03T08:17:08.338Z debug
Metrics dispatcher: Posting data {"deviceId":"62481879-fe5f-41db-8e59-654eafe8c63e","event":"view accounts","timestamp":1785745028338,"properties":{"amplitude_session_id":1785745028337,"amplitude_event_id":0,"wranglerVersion":"4.92.0","wranglerMajorVersion":4,"wranglerMinorVersion":92,"wranglerPatchVersion":0,"osPlatform":"Windows","osVersion":"Windows 11 Home","nodeVersion":24,"packageManager":"npm","isFirstUsage":false,"configFileType":"none","isCI":false,"isPagesCI":false,"isWorkersCI":false,"isInteractive":false,"hasAssets":false,"agent":null,"category":"Workers","os":"win32:x64"}}
---

--- 2026-08-03T08:17:08.340Z debug
Metrics dispatcher: Posting data {"deviceId":"62481879-fe5f-41db-8e59-654eafe8c63e","event":"wrangler command completed","timestamp":1785745028340,"properties":{"amplitude_session_id":1785745027607,"amplitude_event_id":1,"wranglerVersion":"4.92.0","wranglerMajorVersion":4,"wranglerMinorVersion":92,"wranglerPatchVersion":0,"osPlatform":"Windows","osVersion":"Windows 11 Home","nodeVersion":24,"packageManager":"npm","isFirstUsage":false,"configFileType":"none","isCI":false,"isPagesCI":false,"isWorkersCI":false,"isInteractive":false,"hasAssets":false,"agent":null,"argsUsed":[],"argsCombination":"","sanitizedCommand":"whoami","sanitizedArgs":{},"durationMs":741}}
---
