
--- 2026-08-03T09:26:45.027Z debug
🪵  Writing logs to "C:\wang\.wrangler-config\.wrangler\logs\wrangler-2026-08-03_09-26-44_876.log"
---

--- 2026-08-03T09:26:45.026Z debug
.env file not found at "C:\wang\mobile-order\.env". Continuing... For more details, refer to https://developers.cloudflare.com/workers/wrangler/system-environment-variables/
---

--- 2026-08-03T09:26:45.028Z debug
.env file not found at "C:\wang\mobile-order\.env.local". Continuing... For more details, refer to https://developers.cloudflare.com/workers/wrangler/system-environment-variables/
---

--- 2026-08-03T09:26:45.038Z log

 ⛅️ wrangler 4.92.0 (update available 4.118.0)
──────────────────────────────────────────────
---

--- 2026-08-03T09:26:45.046Z debug
Metrics dispatcher: Posting data {"deviceId":"62481879-fe5f-41db-8e59-654eafe8c63e","event":"wrangler command started","timestamp":1785749205046,"properties":{"amplitude_session_id":1785749205042,"amplitude_event_id":0,"wranglerVersion":"4.92.0","wranglerMajorVersion":4,"wranglerMinorVersion":92,"wranglerPatchVersion":0,"osPlatform":"Windows","osVersion":"Windows 11 Home","nodeVersion":24,"packageManager":"npm","isFirstUsage":false,"configFileType":"jsonc","isCI":false,"isPagesCI":false,"isWorkersCI":false,"isInteractive":false,"hasAssets":true,"agent":null,"argsUsed":["config"],"argsCombination":"config","sanitizedCommand":"deploy","sanitizedArgs":{}}}
---

--- 2026-08-03T09:26:45.296Z debug
Starting verifyWorkerMatchesCITag() with tag: undefined, name: xiaoman-mobile-order
---

--- 2026-08-03T09:26:45.296Z debug
No WRANGLER_CI_MATCH_TAG variable provided, aborting verifyWorkerMatchesCITag()
---

--- 2026-08-03T09:26:45.297Z debug
-- START CF API REQUEST: GET https://api.cloudflare.com/client/v4/accounts/c8efdeac9c51e5db063ae854270042a9/workers/services/xiaoman-mobile-order
---

--- 2026-08-03T09:26:45.297Z debug
QUERY STRING: omitted; set WRANGLER_LOG_SANITIZE=false to include sanitized data
---

--- 2026-08-03T09:26:45.297Z debug
HEADERS: omitted; set WRANGLER_LOG_SANITIZE=false to include sanitized data
---

--- 2026-08-03T09:26:45.297Z debug
INIT: omitted; set WRANGLER_LOG_SANITIZE=false to include sanitized data
---

--- 2026-08-03T09:26:45.297Z debug
-- END CF API REQUEST
---

--- 2026-08-03T09:26:45.767Z debug
-- START CF API RESPONSE: OK 200
---

--- 2026-08-03T09:26:45.767Z debug
HEADERS: omitted; set WRANGLER_LOG_SANITIZE=false to include sanitized data
---

--- 2026-08-03T09:26:45.767Z debug
RESPONSE: omitted; set WRANGLER_LOG_SANITIZE=false to include sanitized data
---

--- 2026-08-03T09:26:45.767Z debug
-- END CF API RESPONSE
---

--- 2026-08-03T09:26:45.769Z debug
-- START CF API REQUEST: GET https://api.cloudflare.com/client/v4/accounts/c8efdeac9c51e5db063ae854270042a9/workers/scripts/xiaoman-mobile-order/deployments
---

--- 2026-08-03T09:26:45.769Z debug
QUERY STRING: omitted; set WRANGLER_LOG_SANITIZE=false to include sanitized data
---

--- 2026-08-03T09:26:45.770Z debug
HEADERS: omitted; set WRANGLER_LOG_SANITIZE=false to include sanitized data
---

--- 2026-08-03T09:26:45.770Z debug
INIT: omitted; set WRANGLER_LOG_SANITIZE=false to include sanitized data
---

--- 2026-08-03T09:26:45.770Z debug
-- END CF API REQUEST
---

--- 2026-08-03T09:26:46.066Z debug
-- START CF API RESPONSE: OK 200
---

--- 2026-08-03T09:26:46.066Z debug
HEADERS: omitted; set WRANGLER_LOG_SANITIZE=false to include sanitized data
---

--- 2026-08-03T09:26:46.066Z debug
RESPONSE: omitted; set WRANGLER_LOG_SANITIZE=false to include sanitized data
---

--- 2026-08-03T09:26:46.066Z debug
-- END CF API RESPONSE
---

--- 2026-08-03T09:26:46.088Z info
Attaching additional modules:
---

--- 2026-08-03T09:26:46.096Z log
┌───────────────────────────────────────────────┬──────┬────────────┐
│ Name                                          │ Type │ Size       │
├───────────────────────────────────────────────┼──────┼────────────┤
│ ssr/assets/AdminDashboard-B9hFiKRm.js         │ esm  │ 157.45 KiB │
├───────────────────────────────────────────────┼──────┼────────────┤
│ ssr/assets/error-boundary-D9m9x3qt.js         │ esm  │ 8.22 KiB   │
├───────────────────────────────────────────────┼──────┼────────────┤
│ ssr/assets/layout-segment-context-BA17t9-a.js │ esm  │ 1.70 KiB   │
├───────────────────────────────────────────────┼──────┼────────────┤
│ ssr/assets/OrderingApp-BvekHhZL.js            │ esm  │ 16.72 KiB  │
├───────────────────────────────────────────────┼──────┼────────────┤
│ ssr/assets/page-Dxq-ce6J.js                   │ esm  │ 3.59 KiB   │
├───────────────────────────────────────────────┼──────┼────────────┤
│ ssr/index.js                                  │ esm  │ 570.98 KiB │
├───────────────────────────────────────────────┼──────┼────────────┤
│ ssr/__vite_rsc_assets_manifest.js             │ esm  │ 1.55 KiB   │
├───────────────────────────────────────────────┼──────┼────────────┤
│ __vite_rsc_assets_manifest.js                 │ esm  │ 1.55 KiB   │
├───────────────────────────────────────────────┼──────┼────────────┤
│ Total (8 modules)                             │      │ 761.76 KiB │
└───────────────────────────────────────────────┴──────┴────────────┘
---

--- 2026-08-03T09:26:46.101Z info
🌀 Building list of assets...
---

--- 2026-08-03T09:26:46.104Z info
✨ Read 19 files from the assets directory C:\wang\mobile-order\dist\client
---

--- 2026-08-03T09:26:46.104Z debug
/.assetsignore
---

--- 2026-08-03T09:26:46.105Z debug
/.vite
---

--- 2026-08-03T09:26:46.105Z debug
/assets
---

--- 2026-08-03T09:26:46.105Z debug
/favicon.svg
---

--- 2026-08-03T09:26:46.105Z debug
/file.svg
---

--- 2026-08-03T09:26:46.105Z debug
/globe.svg
---

--- 2026-08-03T09:26:46.105Z debug
/local-site.json
---

--- 2026-08-03T09:26:46.105Z debug
/og.png
---

--- 2026-08-03T09:26:46.105Z debug
/window.svg
---

--- 2026-08-03T09:26:46.105Z debug
/_headers
---

--- 2026-08-03T09:26:46.105Z debug
/assets\AdminDashboard-NRt-AZXc.js
---

--- 2026-08-03T09:26:46.105Z debug
/assets\framework-CXnKph_e.js
---

--- 2026-08-03T09:26:46.105Z debug
/assets\index-B58qwEr0.css
---

--- 2026-08-03T09:26:46.105Z debug
/assets\index-dGzR6XCB.js
---

--- 2026-08-03T09:26:46.105Z debug
/assets\layout-segment-context-pWzwx6M3.js
---

--- 2026-08-03T09:26:46.105Z debug
/assets\OrderingApp-DUv1Ffd8.js
---

--- 2026-08-03T09:26:46.105Z debug
/assets\page-BdFFTdcx.js
---

--- 2026-08-03T09:26:46.105Z debug
/assets\rolldown-runtime-S-ySWqyJ.js
---

--- 2026-08-03T09:26:46.105Z debug
/.vite\manifest.json
---

--- 2026-08-03T09:26:46.108Z debug
Ignoring asset: .assetsignore
---

--- 2026-08-03T09:26:46.109Z debug
Ignoring asset: _headers
---

--- 2026-08-03T09:26:46.151Z info
🌀 Starting asset upload...
---

--- 2026-08-03T09:26:46.151Z debug
-- START CF API REQUEST: POST https://api.cloudflare.com/client/v4/accounts/c8efdeac9c51e5db063ae854270042a9/workers/scripts/xiaoman-mobile-order/assets-upload-session
---

--- 2026-08-03T09:26:46.151Z debug
QUERY STRING: omitted; set WRANGLER_LOG_SANITIZE=false to include sanitized data
---

--- 2026-08-03T09:26:46.151Z debug
HEADERS: omitted; set WRANGLER_LOG_SANITIZE=false to include sanitized data
---

--- 2026-08-03T09:26:46.151Z debug
INIT: omitted; set WRANGLER_LOG_SANITIZE=false to include sanitized data
---

--- 2026-08-03T09:26:46.151Z debug
-- END CF API REQUEST
---

--- 2026-08-03T09:26:47.433Z debug
-- START CF API RESPONSE: OK 200
---

--- 2026-08-03T09:26:47.433Z debug
HEADERS: omitted; set WRANGLER_LOG_SANITIZE=false to include sanitized data
---

--- 2026-08-03T09:26:47.433Z debug
RESPONSE: omitted; set WRANGLER_LOG_SANITIZE=false to include sanitized data
---

--- 2026-08-03T09:26:47.433Z debug
-- END CF API RESPONSE
---

--- 2026-08-03T09:26:47.434Z info
🌀 Found 4 new or modified static assets to upload. Proceeding with upload...
---

--- 2026-08-03T09:26:47.434Z info
+ /assets/layout-segment-context-pWzwx6M3.js
---

--- 2026-08-03T09:26:47.434Z info
+ /assets/index-dGzR6XCB.js
---

--- 2026-08-03T09:26:47.434Z info
+ /.vite/manifest.json
---

--- 2026-08-03T09:26:47.435Z info
+ /assets/AdminDashboard-NRt-AZXc.js
---

--- 2026-08-03T09:26:47.438Z debug
-- START CF API REQUEST: POST https://api.cloudflare.com/client/v4/accounts/c8efdeac9c51e5db063ae854270042a9/workers/assets/upload?base64=true
---

--- 2026-08-03T09:26:47.438Z debug
QUERY STRING: omitted; set WRANGLER_LOG_SANITIZE=false to include sanitized data
---

--- 2026-08-03T09:26:47.438Z debug
HEADERS: omitted; set WRANGLER_LOG_SANITIZE=false to include sanitized data
---

--- 2026-08-03T09:26:47.438Z debug
INIT: omitted; set WRANGLER_LOG_SANITIZE=false to include sanitized data
---

--- 2026-08-03T09:26:47.440Z debug
BODY: omitted; set WRANGLER_LOG_SANITIZE=false to include sanitized data
---

--- 2026-08-03T09:26:47.440Z debug
-- END CF API REQUEST
---

--- 2026-08-03T09:26:47.442Z debug
-- START CF API REQUEST: POST https://api.cloudflare.com/client/v4/accounts/c8efdeac9c51e5db063ae854270042a9/workers/assets/upload?base64=true
---

--- 2026-08-03T09:26:47.443Z debug
QUERY STRING: omitted; set WRANGLER_LOG_SANITIZE=false to include sanitized data
---

--- 2026-08-03T09:26:47.443Z debug
HEADERS: omitted; set WRANGLER_LOG_SANITIZE=false to include sanitized data
---

--- 2026-08-03T09:26:47.443Z debug
INIT: omitted; set WRANGLER_LOG_SANITIZE=false to include sanitized data
---

--- 2026-08-03T09:26:47.444Z debug
BODY: omitted; set WRANGLER_LOG_SANITIZE=false to include sanitized data
---

--- 2026-08-03T09:26:47.444Z debug
-- END CF API REQUEST
---

--- 2026-08-03T09:26:47.448Z debug
-- START CF API REQUEST: POST https://api.cloudflare.com/client/v4/accounts/c8efdeac9c51e5db063ae854270042a9/workers/assets/upload?base64=true
---

--- 2026-08-03T09:26:47.448Z debug
QUERY STRING: omitted; set WRANGLER_LOG_SANITIZE=false to include sanitized data
---

--- 2026-08-03T09:26:47.448Z debug
HEADERS: omitted; set WRANGLER_LOG_SANITIZE=false to include sanitized data
---

--- 2026-08-03T09:26:47.448Z debug
INIT: omitted; set WRANGLER_LOG_SANITIZE=false to include sanitized data
---

--- 2026-08-03T09:26:47.449Z debug
BODY: omitted; set WRANGLER_LOG_SANITIZE=false to include sanitized data
---

--- 2026-08-03T09:26:47.449Z debug
-- END CF API REQUEST
---

--- 2026-08-03T09:26:48.075Z debug
-- START CF API RESPONSE: Accepted 202
---

--- 2026-08-03T09:26:48.075Z debug
HEADERS: omitted; set WRANGLER_LOG_SANITIZE=false to include sanitized data
---

--- 2026-08-03T09:26:48.075Z debug
RESPONSE: omitted; set WRANGLER_LOG_SANITIZE=false to include sanitized data
---

--- 2026-08-03T09:26:48.075Z debug
-- END CF API RESPONSE
---

--- 2026-08-03T09:26:48.075Z info
Uploaded 1 of 4 assets
---

--- 2026-08-03T09:26:48.076Z debug
✨ /.vite/manifest.json
---

--- 2026-08-03T09:26:48.267Z debug
-- START CF API RESPONSE: Accepted 202
---

--- 2026-08-03T09:26:48.267Z debug
HEADERS: omitted; set WRANGLER_LOG_SANITIZE=false to include sanitized data
---

--- 2026-08-03T09:26:48.268Z debug
RESPONSE: omitted; set WRANGLER_LOG_SANITIZE=false to include sanitized data
---

--- 2026-08-03T09:26:48.268Z debug
-- END CF API RESPONSE
---

--- 2026-08-03T09:26:48.268Z info
Uploaded 2 of 4 assets
---

--- 2026-08-03T09:26:48.268Z debug
✨ /assets/AdminDashboard-NRt-AZXc.js
---

--- 2026-08-03T09:26:48.401Z debug
-- START CF API RESPONSE: Created 201
---

--- 2026-08-03T09:26:48.401Z debug
HEADERS: omitted; set WRANGLER_LOG_SANITIZE=false to include sanitized data
---

--- 2026-08-03T09:26:48.401Z debug
RESPONSE: omitted; set WRANGLER_LOG_SANITIZE=false to include sanitized data
---

--- 2026-08-03T09:26:48.401Z debug
-- END CF API RESPONSE
---

--- 2026-08-03T09:26:48.402Z info
Uploaded 4 of 4 assets
---

--- 2026-08-03T09:26:48.402Z debug
✨ /assets/layout-segment-context-pWzwx6M3.js
---

--- 2026-08-03T09:26:48.402Z debug
✨ /assets/index-dGzR6XCB.js
---

--- 2026-08-03T09:26:48.402Z log
✨ Success! Uploaded 4 files (11 already uploaded) (0.97 sec)

---

--- 2026-08-03T09:26:48.444Z log
Total Upload: 1550.09 KiB / gzip: 339.38 KiB
---

--- 2026-08-03T09:26:48.445Z debug
-- START CF API REQUEST: GET https://api.cloudflare.com/client/v4/accounts/c8efdeac9c51e5db063ae854270042a9/workers/scripts/xiaoman-mobile-order/settings
---

--- 2026-08-03T09:26:48.445Z debug
QUERY STRING: omitted; set WRANGLER_LOG_SANITIZE=false to include sanitized data
---

--- 2026-08-03T09:26:48.446Z debug
HEADERS: omitted; set WRANGLER_LOG_SANITIZE=false to include sanitized data
---

--- 2026-08-03T09:26:48.446Z debug
INIT: omitted; set WRANGLER_LOG_SANITIZE=false to include sanitized data
---

--- 2026-08-03T09:26:48.446Z debug
-- END CF API REQUEST
---

--- 2026-08-03T09:26:48.719Z debug
-- START CF API RESPONSE: OK 200
---

--- 2026-08-03T09:26:48.719Z debug
HEADERS: omitted; set WRANGLER_LOG_SANITIZE=false to include sanitized data
---

--- 2026-08-03T09:26:48.719Z debug
RESPONSE: omitted; set WRANGLER_LOG_SANITIZE=false to include sanitized data
---

--- 2026-08-03T09:26:48.719Z debug
-- END CF API RESPONSE
---

--- 2026-08-03T09:26:48.725Z debug
-- START CF API REQUEST: POST https://api.cloudflare.com/client/v4/accounts/c8efdeac9c51e5db063ae854270042a9/workers/scripts/xiaoman-mobile-order/versions
---

--- 2026-08-03T09:26:48.725Z debug
QUERY STRING: omitted; set WRANGLER_LOG_SANITIZE=false to include sanitized data
---

--- 2026-08-03T09:26:48.725Z debug
HEADERS: omitted; set WRANGLER_LOG_SANITIZE=false to include sanitized data
---

--- 2026-08-03T09:26:48.725Z debug
INIT: omitted; set WRANGLER_LOG_SANITIZE=false to include sanitized data
---

--- 2026-08-03T09:26:48.728Z debug
BODY: omitted; set WRANGLER_LOG_SANITIZE=false to include sanitized data
---

--- 2026-08-03T09:26:48.728Z debug
-- END CF API REQUEST
---

--- 2026-08-03T09:26:49.945Z debug
-- START CF API RESPONSE: OK 200
---

--- 2026-08-03T09:26:49.945Z debug
HEADERS: omitted; set WRANGLER_LOG_SANITIZE=false to include sanitized data
---

--- 2026-08-03T09:26:49.946Z debug
RESPONSE: omitted; set WRANGLER_LOG_SANITIZE=false to include sanitized data
---

--- 2026-08-03T09:26:49.946Z debug
-- END CF API RESPONSE
---

--- 2026-08-03T09:26:49.946Z debug
-- START CF API REQUEST: POST https://api.cloudflare.com/client/v4/accounts/c8efdeac9c51e5db063ae854270042a9/workers/scripts/xiaoman-mobile-order/deployments
---

--- 2026-08-03T09:26:49.946Z debug
QUERY STRING: omitted; set WRANGLER_LOG_SANITIZE=false to include sanitized data
---

--- 2026-08-03T09:26:49.946Z debug
HEADERS: omitted; set WRANGLER_LOG_SANITIZE=false to include sanitized data
---

--- 2026-08-03T09:26:49.946Z debug
INIT: omitted; set WRANGLER_LOG_SANITIZE=false to include sanitized data
---

--- 2026-08-03T09:26:49.947Z debug
-- END CF API REQUEST
---

--- 2026-08-03T09:26:50.342Z debug
-- START CF API RESPONSE: OK 200
---

--- 2026-08-03T09:26:50.342Z debug
HEADERS: omitted; set WRANGLER_LOG_SANITIZE=false to include sanitized data
---

--- 2026-08-03T09:26:50.343Z debug
RESPONSE: omitted; set WRANGLER_LOG_SANITIZE=false to include sanitized data
---

--- 2026-08-03T09:26:50.343Z debug
-- END CF API RESPONSE
---

--- 2026-08-03T09:26:50.343Z debug
-- START CF API REQUEST: PATCH https://api.cloudflare.com/client/v4/accounts/c8efdeac9c51e5db063ae854270042a9/workers/scripts/xiaoman-mobile-order/script-settings
---

--- 2026-08-03T09:26:50.343Z debug
QUERY STRING: omitted; set WRANGLER_LOG_SANITIZE=false to include sanitized data
---

--- 2026-08-03T09:26:50.343Z debug
HEADERS: omitted; set WRANGLER_LOG_SANITIZE=false to include sanitized data
---

--- 2026-08-03T09:26:50.343Z debug
INIT: omitted; set WRANGLER_LOG_SANITIZE=false to include sanitized data
---

--- 2026-08-03T09:26:50.344Z debug
-- END CF API REQUEST
---

--- 2026-08-03T09:26:50.780Z debug
-- START CF API RESPONSE: OK 200
---

--- 2026-08-03T09:26:50.780Z debug
HEADERS: omitted; set WRANGLER_LOG_SANITIZE=false to include sanitized data
---

--- 2026-08-03T09:26:50.780Z debug
RESPONSE: omitted; set WRANGLER_LOG_SANITIZE=false to include sanitized data
---

--- 2026-08-03T09:26:50.780Z debug
-- END CF API RESPONSE
---

--- 2026-08-03T09:26:50.780Z log
Worker Startup Time: 16 ms
---

--- 2026-08-03T09:26:50.783Z log
Your Worker has access to the following bindings:
---

--- 2026-08-03T09:26:50.783Z log
Binding                                   Resource         
---

--- 2026-08-03T09:26:50.783Z log
env.DB (xiaoman-mobile-order-db)          D1 Database      
---

--- 2026-08-03T09:26:50.784Z log
env.ASSETS                                Assets           
---

--- 2026-08-03T09:26:50.784Z log

---

--- 2026-08-03T09:26:50.785Z log
Uploaded xiaoman-mobile-order (5.02 sec)
---

--- 2026-08-03T09:26:50.787Z debug
-- START CF API REQUEST: GET https://api.cloudflare.com/client/v4/accounts/c8efdeac9c51e5db063ae854270042a9/workers/subdomain
---

--- 2026-08-03T09:26:50.787Z debug
QUERY STRING: omitted; set WRANGLER_LOG_SANITIZE=false to include sanitized data
---

--- 2026-08-03T09:26:50.787Z debug
HEADERS: omitted; set WRANGLER_LOG_SANITIZE=false to include sanitized data
---

--- 2026-08-03T09:26:50.787Z debug
INIT: omitted; set WRANGLER_LOG_SANITIZE=false to include sanitized data
---

--- 2026-08-03T09:26:50.787Z debug
-- END CF API REQUEST
---

--- 2026-08-03T09:26:51.007Z debug
-- START CF API RESPONSE: OK 200
---

--- 2026-08-03T09:26:51.007Z debug
HEADERS: omitted; set WRANGLER_LOG_SANITIZE=false to include sanitized data
---

--- 2026-08-03T09:26:51.008Z debug
RESPONSE: omitted; set WRANGLER_LOG_SANITIZE=false to include sanitized data
---

--- 2026-08-03T09:26:51.008Z debug
-- END CF API RESPONSE
---

--- 2026-08-03T09:26:51.008Z debug
-- START CF API REQUEST: GET https://api.cloudflare.com/client/v4/accounts/c8efdeac9c51e5db063ae854270042a9/workers/scripts/xiaoman-mobile-order/subdomain
---

--- 2026-08-03T09:26:51.008Z debug
QUERY STRING: omitted; set WRANGLER_LOG_SANITIZE=false to include sanitized data
---

--- 2026-08-03T09:26:51.008Z debug
HEADERS: omitted; set WRANGLER_LOG_SANITIZE=false to include sanitized data
---

--- 2026-08-03T09:26:51.008Z debug
INIT: omitted; set WRANGLER_LOG_SANITIZE=false to include sanitized data
---

--- 2026-08-03T09:26:51.008Z debug
-- END CF API REQUEST
---

--- 2026-08-03T09:26:51.224Z debug
-- START CF API RESPONSE: OK 200
---

--- 2026-08-03T09:26:51.225Z debug
HEADERS: omitted; set WRANGLER_LOG_SANITIZE=false to include sanitized data
---

--- 2026-08-03T09:26:51.225Z debug
RESPONSE: omitted; set WRANGLER_LOG_SANITIZE=false to include sanitized data
---

--- 2026-08-03T09:26:51.225Z debug
-- END CF API RESPONSE
---

--- 2026-08-03T09:26:51.225Z debug
-- START CF API REQUEST: POST https://api.cloudflare.com/client/v4/accounts/c8efdeac9c51e5db063ae854270042a9/workers/scripts/xiaoman-mobile-order/subdomain
---

--- 2026-08-03T09:26:51.225Z debug
QUERY STRING: omitted; set WRANGLER_LOG_SANITIZE=false to include sanitized data
---

--- 2026-08-03T09:26:51.226Z debug
HEADERS: omitted; set WRANGLER_LOG_SANITIZE=false to include sanitized data
---

--- 2026-08-03T09:26:51.226Z debug
INIT: omitted; set WRANGLER_LOG_SANITIZE=false to include sanitized data
---

--- 2026-08-03T09:26:51.226Z debug
-- END CF API REQUEST
---

--- 2026-08-03T09:26:51.505Z debug
-- START CF API RESPONSE: OK 200
---

--- 2026-08-03T09:26:51.505Z debug
HEADERS: omitted; set WRANGLER_LOG_SANITIZE=false to include sanitized data
---

--- 2026-08-03T09:26:51.505Z debug
RESPONSE: omitted; set WRANGLER_LOG_SANITIZE=false to include sanitized data
---

--- 2026-08-03T09:26:51.505Z debug
-- END CF API RESPONSE
---

--- 2026-08-03T09:26:51.505Z log
Deployed xiaoman-mobile-order triggers (0.72 sec)
---

--- 2026-08-03T09:26:51.506Z log
  https://xiaoman-mobile-order.wangyonghuang.workers.dev
---

--- 2026-08-03T09:26:51.506Z log
Current Version ID: b03f2555-325f-4c07-bc82-b3096e501107
---

--- 2026-08-03T09:26:51.508Z debug
Metrics dispatcher: Posting data {"deviceId":"62481879-fe5f-41db-8e59-654eafe8c63e","event":"deploy worker script","timestamp":1785749211507,"properties":{"amplitude_session_id":1785749211506,"amplitude_event_id":0,"wranglerVersion":"4.92.0","wranglerMajorVersion":4,"wranglerMinorVersion":92,"wranglerPatchVersion":0,"osPlatform":"Windows","osVersion":"Windows 11 Home","nodeVersion":24,"packageManager":"npm","isFirstUsage":false,"configFileType":"none","isCI":false,"isPagesCI":false,"isWorkersCI":false,"isInteractive":false,"hasAssets":false,"agent":null,"category":"Workers","os":"win32:x64","usesTypeScript":false,"durationMs":6211}}
---

--- 2026-08-03T09:26:51.510Z debug
Metrics dispatcher: Posting data {"deviceId":"62481879-fe5f-41db-8e59-654eafe8c63e","event":"wrangler command completed","timestamp":1785749211510,"properties":{"amplitude_session_id":1785749205042,"amplitude_event_id":1,"wranglerVersion":"4.92.0","wranglerMajorVersion":4,"wranglerMinorVersion":92,"wranglerPatchVersion":0,"osPlatform":"Windows","osVersion":"Windows 11 Home","nodeVersion":24,"packageManager":"npm","isFirstUsage":false,"configFileType":"jsonc","isCI":false,"isPagesCI":false,"isWorkersCI":false,"isInteractive":false,"hasAssets":true,"agent":null,"argsUsed":["config"],"argsCombination":"config","sanitizedCommand":"deploy","sanitizedArgs":{},"durationMs":6480}}
---
