
--- 2026-08-03T08:19:35.837Z debug
🪵  Writing logs to "C:\wang\.wrangler-config\.wrangler\logs\wrangler-2026-08-03_08-19-35_671.log"
---

--- 2026-08-03T08:19:35.837Z debug
.env file not found at "C:\wang\mobile-order\.env". Continuing... For more details, refer to https://developers.cloudflare.com/workers/wrangler/system-environment-variables/
---

--- 2026-08-03T08:19:35.838Z debug
.env file not found at "C:\wang\mobile-order\.env.local". Continuing... For more details, refer to https://developers.cloudflare.com/workers/wrangler/system-environment-variables/
---

--- 2026-08-03T08:19:35.845Z log

 ⛅️ wrangler 4.92.0 (update available 4.118.0)
──────────────────────────────────────────────
---

--- 2026-08-03T08:19:35.846Z log
Resource location: remote 

---

--- 2026-08-03T08:19:35.854Z debug
Metrics dispatcher: Posting data {"deviceId":"62481879-fe5f-41db-8e59-654eafe8c63e","event":"wrangler command started","timestamp":1785745175854,"properties":{"amplitude_session_id":1785745175851,"amplitude_event_id":0,"wranglerVersion":"4.92.0","wranglerMajorVersion":4,"wranglerMinorVersion":92,"wranglerPatchVersion":0,"osPlatform":"Windows","osVersion":"Windows 11 Home","nodeVersion":24,"packageManager":"npm","isFirstUsage":false,"configFileType":"jsonc","isCI":false,"isPagesCI":false,"isWorkersCI":false,"isInteractive":false,"hasAssets":true,"agent":null,"argsUsed":["config","remote"],"argsCombination":"config, remote","sanitizedCommand":"d1 migrations apply","sanitizedArgs":{"remote":true}}}
---

--- 2026-08-03T08:19:35.879Z log
🌀 Executing on remote database xiaoman-mobile-order-db (fba34a8f-f50a-4a46-92ce-34c5f8d79926):
---

--- 2026-08-03T08:19:35.879Z log
🌀 To execute on your local development database, remove the --remote flag from your wrangler command.
---

--- 2026-08-03T08:19:35.880Z debug
-- START CF API REQUEST: POST https://api.cloudflare.com/client/v4/accounts/c8efdeac9c51e5db063ae854270042a9/d1/database/fba34a8f-f50a-4a46-92ce-34c5f8d79926/query
---

--- 2026-08-03T08:19:35.880Z debug
QUERY STRING: omitted; set WRANGLER_LOG_SANITIZE=false to include sanitized data
---

--- 2026-08-03T08:19:35.881Z debug
HEADERS: omitted; set WRANGLER_LOG_SANITIZE=false to include sanitized data
---

--- 2026-08-03T08:19:35.881Z debug
INIT: omitted; set WRANGLER_LOG_SANITIZE=false to include sanitized data
---

--- 2026-08-03T08:19:35.881Z debug
-- END CF API REQUEST
---

--- 2026-08-03T08:19:37.813Z debug
-- START CF API RESPONSE: OK 200
---

--- 2026-08-03T08:19:37.813Z debug
HEADERS: omitted; set WRANGLER_LOG_SANITIZE=false to include sanitized data
---

--- 2026-08-03T08:19:37.813Z debug
RESPONSE: omitted; set WRANGLER_LOG_SANITIZE=false to include sanitized data
---

--- 2026-08-03T08:19:37.813Z debug
-- END CF API RESPONSE
---

--- 2026-08-03T08:19:37.814Z log
🚣 Executed 1 command in 0.50ms
---

--- 2026-08-03T08:19:37.815Z log
🌀 Executing on remote database xiaoman-mobile-order-db (fba34a8f-f50a-4a46-92ce-34c5f8d79926):
---

--- 2026-08-03T08:19:37.815Z log
🌀 To execute on your local development database, remove the --remote flag from your wrangler command.
---

--- 2026-08-03T08:19:37.815Z debug
-- START CF API REQUEST: POST https://api.cloudflare.com/client/v4/accounts/c8efdeac9c51e5db063ae854270042a9/d1/database/fba34a8f-f50a-4a46-92ce-34c5f8d79926/query
---

--- 2026-08-03T08:19:37.815Z debug
QUERY STRING: omitted; set WRANGLER_LOG_SANITIZE=false to include sanitized data
---

--- 2026-08-03T08:19:37.816Z debug
HEADERS: omitted; set WRANGLER_LOG_SANITIZE=false to include sanitized data
---

--- 2026-08-03T08:19:37.816Z debug
INIT: omitted; set WRANGLER_LOG_SANITIZE=false to include sanitized data
---

--- 2026-08-03T08:19:37.816Z debug
-- END CF API REQUEST
---

--- 2026-08-03T08:19:37.939Z debug
-- START CF API RESPONSE: OK 200
---

--- 2026-08-03T08:19:37.939Z debug
HEADERS: omitted; set WRANGLER_LOG_SANITIZE=false to include sanitized data
---

--- 2026-08-03T08:19:37.939Z debug
RESPONSE: omitted; set WRANGLER_LOG_SANITIZE=false to include sanitized data
---

--- 2026-08-03T08:19:37.939Z debug
-- END CF API RESPONSE
---

--- 2026-08-03T08:19:37.939Z log
🚣 Executed 1 command in 0.24ms
---

--- 2026-08-03T08:19:37.940Z log
Migrations to be applied:
---

--- 2026-08-03T08:19:37.943Z log
┌─────────────────────────────┐
│ name                        │
├─────────────────────────────┤
│ 0000_rare_thing.sql         │
├─────────────────────────────┤
│ 0001_fantastic_slayback.sql │
├─────────────────────────────┤
│ 0002_cloudy_ogun.sql        │
└─────────────────────────────┘
---

--- 2026-08-03T08:19:37.943Z log
? About to apply 3 migration(s)
Your database may not be available to serve requests during the migration, continue?
---

--- 2026-08-03T08:19:37.943Z log
🤖 Using fallback value in non-interactive context: yes
---

--- 2026-08-03T08:19:37.944Z log
🌀 Executing on remote database xiaoman-mobile-order-db (fba34a8f-f50a-4a46-92ce-34c5f8d79926):
---

--- 2026-08-03T08:19:37.945Z log
🌀 To execute on your local development database, remove the --remote flag from your wrangler command.
---

--- 2026-08-03T08:19:37.945Z debug
-- START CF API REQUEST: POST https://api.cloudflare.com/client/v4/accounts/c8efdeac9c51e5db063ae854270042a9/d1/database/fba34a8f-f50a-4a46-92ce-34c5f8d79926/query
---

--- 2026-08-03T08:19:37.945Z debug
QUERY STRING: omitted; set WRANGLER_LOG_SANITIZE=false to include sanitized data
---

--- 2026-08-03T08:19:37.945Z debug
HEADERS: omitted; set WRANGLER_LOG_SANITIZE=false to include sanitized data
---

--- 2026-08-03T08:19:37.945Z debug
INIT: omitted; set WRANGLER_LOG_SANITIZE=false to include sanitized data
---

--- 2026-08-03T08:19:37.945Z debug
-- END CF API REQUEST
---

--- 2026-08-03T08:19:38.153Z debug
-- START CF API RESPONSE: OK 200
---

--- 2026-08-03T08:19:38.153Z debug
HEADERS: omitted; set WRANGLER_LOG_SANITIZE=false to include sanitized data
---

--- 2026-08-03T08:19:38.153Z debug
RESPONSE: omitted; set WRANGLER_LOG_SANITIZE=false to include sanitized data
---

--- 2026-08-03T08:19:38.153Z debug
-- END CF API RESPONSE
---

--- 2026-08-03T08:19:38.154Z log
🚣 Executed 14 commands in 2.27ms
---

--- 2026-08-03T08:19:38.156Z log
┌─────────────────────────────┬────────┐
│ name                        │ status │
├─────────────────────────────┼────────┤
│ 0000_rare_thing.sql         │ ✅     │
├─────────────────────────────┼────────┤
│ 0001_fantastic_slayback.sql │ 🕒️    │
├─────────────────────────────┼────────┤
│ 0002_cloudy_ogun.sql        │ 🕒️    │
└─────────────────────────────┴────────┘
---

--- 2026-08-03T08:19:38.157Z log
🌀 Executing on remote database xiaoman-mobile-order-db (fba34a8f-f50a-4a46-92ce-34c5f8d79926):
---

--- 2026-08-03T08:19:38.157Z log
🌀 To execute on your local development database, remove the --remote flag from your wrangler command.
---

--- 2026-08-03T08:19:38.157Z debug
-- START CF API REQUEST: POST https://api.cloudflare.com/client/v4/accounts/c8efdeac9c51e5db063ae854270042a9/d1/database/fba34a8f-f50a-4a46-92ce-34c5f8d79926/query
---

--- 2026-08-03T08:19:38.157Z debug
QUERY STRING: omitted; set WRANGLER_LOG_SANITIZE=false to include sanitized data
---

--- 2026-08-03T08:19:38.157Z debug
HEADERS: omitted; set WRANGLER_LOG_SANITIZE=false to include sanitized data
---

--- 2026-08-03T08:19:38.157Z debug
INIT: omitted; set WRANGLER_LOG_SANITIZE=false to include sanitized data
---

--- 2026-08-03T08:19:38.157Z debug
-- END CF API REQUEST
---

--- 2026-08-03T08:19:38.269Z debug
-- START CF API RESPONSE: OK 200
---

--- 2026-08-03T08:19:38.269Z debug
HEADERS: omitted; set WRANGLER_LOG_SANITIZE=false to include sanitized data
---

--- 2026-08-03T08:19:38.269Z debug
RESPONSE: omitted; set WRANGLER_LOG_SANITIZE=false to include sanitized data
---

--- 2026-08-03T08:19:38.269Z debug
-- END CF API RESPONSE
---

--- 2026-08-03T08:19:38.269Z log
🚣 Executed 5 commands in 1.25ms
---

--- 2026-08-03T08:19:38.270Z log
┌─────────────────────────────┬────────┐
│ name                        │ status │
├─────────────────────────────┼────────┤
│ 0000_rare_thing.sql         │ ✅     │
├─────────────────────────────┼────────┤
│ 0001_fantastic_slayback.sql │ ✅     │
├─────────────────────────────┼────────┤
│ 0002_cloudy_ogun.sql        │ 🕒️    │
└─────────────────────────────┴────────┘
---

--- 2026-08-03T08:19:38.279Z log
🌀 Executing on remote database xiaoman-mobile-order-db (fba34a8f-f50a-4a46-92ce-34c5f8d79926):
---

--- 2026-08-03T08:19:38.280Z log
🌀 To execute on your local development database, remove the --remote flag from your wrangler command.
---

--- 2026-08-03T08:19:38.280Z debug
-- START CF API REQUEST: POST https://api.cloudflare.com/client/v4/accounts/c8efdeac9c51e5db063ae854270042a9/d1/database/fba34a8f-f50a-4a46-92ce-34c5f8d79926/query
---

--- 2026-08-03T08:19:38.280Z debug
QUERY STRING: omitted; set WRANGLER_LOG_SANITIZE=false to include sanitized data
---

--- 2026-08-03T08:19:38.280Z debug
HEADERS: omitted; set WRANGLER_LOG_SANITIZE=false to include sanitized data
---

--- 2026-08-03T08:19:38.280Z debug
INIT: omitted; set WRANGLER_LOG_SANITIZE=false to include sanitized data
---

--- 2026-08-03T08:19:38.280Z debug
-- END CF API REQUEST
---

--- 2026-08-03T08:19:38.450Z debug
-- START CF API RESPONSE: OK 200
---

--- 2026-08-03T08:19:38.450Z debug
HEADERS: omitted; set WRANGLER_LOG_SANITIZE=false to include sanitized data
---

--- 2026-08-03T08:19:38.450Z debug
RESPONSE: omitted; set WRANGLER_LOG_SANITIZE=false to include sanitized data
---

--- 2026-08-03T08:19:38.450Z debug
-- END CF API RESPONSE
---

--- 2026-08-03T08:19:38.450Z log
🚣 Executed 2 commands in 0.36ms
---

--- 2026-08-03T08:19:38.451Z log
┌─────────────────────────────┬────────┐
│ name                        │ status │
├─────────────────────────────┼────────┤
│ 0000_rare_thing.sql         │ ✅     │
├─────────────────────────────┼────────┤
│ 0001_fantastic_slayback.sql │ ✅     │
├─────────────────────────────┼────────┤
│ 0002_cloudy_ogun.sql        │ ✅     │
└─────────────────────────────┴────────┘
---

--- 2026-08-03T08:19:38.453Z debug
Metrics dispatcher: Posting data {"deviceId":"62481879-fe5f-41db-8e59-654eafe8c63e","event":"wrangler command completed","timestamp":1785745178453,"properties":{"amplitude_session_id":1785745175851,"amplitude_event_id":1,"wranglerVersion":"4.92.0","wranglerMajorVersion":4,"wranglerMinorVersion":92,"wranglerPatchVersion":0,"osPlatform":"Windows","osVersion":"Windows 11 Home","nodeVersion":24,"packageManager":"npm","isFirstUsage":false,"configFileType":"jsonc","isCI":false,"isPagesCI":false,"isWorkersCI":false,"isInteractive":false,"hasAssets":true,"agent":null,"argsUsed":["config","remote"],"argsCombination":"config, remote","sanitizedCommand":"d1 migrations apply","sanitizedArgs":{"remote":true},"durationMs":2612}}
---
