
--- 2026-08-03T08:17:18.989Z debug
🪵  Writing logs to "C:\wang\.wrangler-config\.wrangler\logs\wrangler-2026-08-03_08-17-18_829.log"
---

--- 2026-08-03T08:17:18.989Z debug
.env file not found at "C:\wang\mobile-order\.env". Continuing... For more details, refer to https://developers.cloudflare.com/workers/wrangler/system-environment-variables/
---

--- 2026-08-03T08:17:18.990Z debug
.env file not found at "C:\wang\mobile-order\.env.local". Continuing... For more details, refer to https://developers.cloudflare.com/workers/wrangler/system-environment-variables/
---

--- 2026-08-03T08:17:19.001Z debug
Metrics dispatcher: Posting data {"deviceId":"62481879-fe5f-41db-8e59-654eafe8c63e","event":"wrangler command started","timestamp":1785745039001,"properties":{"amplitude_session_id":1785745038997,"amplitude_event_id":0,"wranglerVersion":"4.92.0","wranglerMajorVersion":4,"wranglerMinorVersion":92,"wranglerPatchVersion":0,"osPlatform":"Windows","osVersion":"Windows 11 Home","nodeVersion":24,"packageManager":"npm","isFirstUsage":false,"configFileType":"none","isCI":false,"isPagesCI":false,"isWorkersCI":false,"isInteractive":false,"hasAssets":false,"agent":null,"argsUsed":["json"],"argsCombination":"json","sanitizedCommand":"d1 list","sanitizedArgs":{"json":true}}}
---

--- 2026-08-03T08:17:19.023Z debug
-- START CF API REQUEST: GET https://api.cloudflare.com/client/v4/accounts
---

--- 2026-08-03T08:17:19.024Z debug
QUERY STRING: omitted; set WRANGLER_LOG_SANITIZE=false to include sanitized data
---

--- 2026-08-03T08:17:19.024Z debug
HEADERS: omitted; set WRANGLER_LOG_SANITIZE=false to include sanitized data
---

--- 2026-08-03T08:17:19.024Z debug
INIT: omitted; set WRANGLER_LOG_SANITIZE=false to include sanitized data
---

--- 2026-08-03T08:17:19.024Z debug
-- END CF API REQUEST
---

--- 2026-08-03T08:17:19.026Z debug
-- START CF API REQUEST: GET https://api.cloudflare.com/client/v4/memberships
---

--- 2026-08-03T08:17:19.026Z debug
QUERY STRING: omitted; set WRANGLER_LOG_SANITIZE=false to include sanitized data
---

--- 2026-08-03T08:17:19.027Z debug
HEADERS: omitted; set WRANGLER_LOG_SANITIZE=false to include sanitized data
---

--- 2026-08-03T08:17:19.027Z debug
INIT: omitted; set WRANGLER_LOG_SANITIZE=false to include sanitized data
---

--- 2026-08-03T08:17:19.027Z debug
-- END CF API REQUEST
---

--- 2026-08-03T08:17:19.373Z debug
-- START CF API RESPONSE: OK 200
---

--- 2026-08-03T08:17:19.373Z debug
HEADERS: omitted; set WRANGLER_LOG_SANITIZE=false to include sanitized data
---

--- 2026-08-03T08:17:19.374Z debug
RESPONSE: omitted; set WRANGLER_LOG_SANITIZE=false to include sanitized data
---

--- 2026-08-03T08:17:19.374Z debug
-- END CF API RESPONSE
---

--- 2026-08-03T08:17:19.431Z debug
-- START CF API RESPONSE: OK 200
---

--- 2026-08-03T08:17:19.431Z debug
HEADERS: omitted; set WRANGLER_LOG_SANITIZE=false to include sanitized data
---

--- 2026-08-03T08:17:19.431Z debug
RESPONSE: omitted; set WRANGLER_LOG_SANITIZE=false to include sanitized data
---

--- 2026-08-03T08:17:19.432Z debug
-- END CF API RESPONSE
---

--- 2026-08-03T08:17:19.433Z debug
Saving to cache: {"account":{"id":"c8efdeac9c51e5db063ae854270042a9","name":"Wangyonghuang@firstdevelop.com's Account"}}
---

--- 2026-08-03T08:17:19.435Z debug
-- START CF API REQUEST: GET https://api.cloudflare.com/client/v4/accounts/c8efdeac9c51e5db063ae854270042a9/d1/database
---

--- 2026-08-03T08:17:19.435Z debug
QUERY STRING: omitted; set WRANGLER_LOG_SANITIZE=false to include sanitized data
---

--- 2026-08-03T08:17:19.435Z debug
HEADERS: omitted; set WRANGLER_LOG_SANITIZE=false to include sanitized data
---

--- 2026-08-03T08:17:19.435Z debug
INIT: omitted; set WRANGLER_LOG_SANITIZE=false to include sanitized data
---

--- 2026-08-03T08:17:19.435Z debug
-- END CF API REQUEST
---

--- 2026-08-03T08:17:19.751Z debug
-- START CF API RESPONSE: OK 200
---

--- 2026-08-03T08:17:19.751Z debug
HEADERS: omitted; set WRANGLER_LOG_SANITIZE=false to include sanitized data
---

--- 2026-08-03T08:17:19.751Z debug
RESPONSE: omitted; set WRANGLER_LOG_SANITIZE=false to include sanitized data
---

--- 2026-08-03T08:17:19.751Z debug
-- END CF API RESPONSE
---

--- 2026-08-03T08:17:19.751Z log
[]
---

--- 2026-08-03T08:17:19.753Z debug
Metrics dispatcher: Posting data {"deviceId":"62481879-fe5f-41db-8e59-654eafe8c63e","event":"wrangler command completed","timestamp":1785745039753,"properties":{"amplitude_session_id":1785745038997,"amplitude_event_id":1,"wranglerVersion":"4.92.0","wranglerMajorVersion":4,"wranglerMinorVersion":92,"wranglerPatchVersion":0,"osPlatform":"Windows","osVersion":"Windows 11 Home","nodeVersion":24,"packageManager":"npm","isFirstUsage":false,"configFileType":"none","isCI":false,"isPagesCI":false,"isWorkersCI":false,"isInteractive":false,"hasAssets":false,"agent":null,"argsUsed":["json"],"argsCombination":"json","sanitizedCommand":"d1 list","sanitizedArgs":{"json":true},"durationMs":760}}
---
