
--- 2026-08-03T09:34:33.575Z debug
🪵  Writing logs to "C:\wang\.wrangler-config\.wrangler\logs\wrangler-2026-08-03_09-34-33_389.log"
---

--- 2026-08-03T09:34:33.574Z debug
.env file not found at "C:\wang\mobile-order\.env". Continuing... For more details, refer to https://developers.cloudflare.com/workers/wrangler/system-environment-variables/
---

--- 2026-08-03T09:34:33.575Z debug
.env file not found at "C:\wang\mobile-order\.env.local". Continuing... For more details, refer to https://developers.cloudflare.com/workers/wrangler/system-environment-variables/
---

--- 2026-08-03T09:34:33.585Z log

 ⛅️ wrangler 4.92.0 (update available 4.118.0)
──────────────────────────────────────────────
---

--- 2026-08-03T09:34:33.594Z debug
Metrics dispatcher: Posting data {"deviceId":"62481879-fe5f-41db-8e59-654eafe8c63e","event":"wrangler command started","timestamp":1785749673594,"properties":{"amplitude_session_id":1785749673590,"amplitude_event_id":0,"wranglerVersion":"4.92.0","wranglerMajorVersion":4,"wranglerMinorVersion":92,"wranglerPatchVersion":0,"osPlatform":"Windows","osVersion":"Windows 11 Home","nodeVersion":24,"packageManager":"npm","isFirstUsage":false,"configFileType":"jsonc","isCI":false,"isPagesCI":false,"isWorkersCI":false,"isInteractive":false,"hasAssets":true,"agent":null,"argsUsed":["config"],"argsCombination":"config","sanitizedCommand":"deploy","sanitizedArgs":{}}}
---

--- 2026-08-03T09:34:33.894Z debug
Starting verifyWorkerMatchesCITag() with tag: undefined, name: xiaoman-mobile-order
---

--- 2026-08-03T09:34:33.894Z debug
No WRANGLER_CI_MATCH_TAG variable provided, aborting verifyWorkerMatchesCITag()
---

--- 2026-08-03T09:34:33.897Z debug
-- START CF API REQUEST: GET https://api.cloudflare.com/client/v4/accounts/c8efdeac9c51e5db063ae854270042a9/workers/services/xiaoman-mobile-order
---

--- 2026-08-03T09:34:33.897Z debug
QUERY STRING: omitted; set WRANGLER_LOG_SANITIZE=false to include sanitized data
---

--- 2026-08-03T09:34:33.898Z debug
HEADERS: omitted; set WRANGLER_LOG_SANITIZE=false to include sanitized data
---

--- 2026-08-03T09:34:33.898Z debug
INIT: omitted; set WRANGLER_LOG_SANITIZE=false to include sanitized data
---

--- 2026-08-03T09:34:33.898Z debug
-- END CF API REQUEST
---

--- 2026-08-03T09:34:34.277Z debug
-- START CF API RESPONSE: OK 200
---

--- 2026-08-03T09:34:34.278Z debug
HEADERS: omitted; set WRANGLER_LOG_SANITIZE=false to include sanitized data
---

--- 2026-08-03T09:34:34.278Z debug
RESPONSE: omitted; set WRANGLER_LOG_SANITIZE=false to include sanitized data
---

--- 2026-08-03T09:34:34.278Z debug
-- END CF API RESPONSE
---

--- 2026-08-03T09:34:34.282Z debug
-- START CF API REQUEST: GET https://api.cloudflare.com/client/v4/accounts/c8efdeac9c51e5db063ae854270042a9/workers/scripts/xiaoman-mobile-order/deployments
---

--- 2026-08-03T09:34:34.282Z debug
QUERY STRING: omitted; set WRANGLER_LOG_SANITIZE=false to include sanitized data
---

--- 2026-08-03T09:34:34.282Z debug
HEADERS: omitted; set WRANGLER_LOG_SANITIZE=false to include sanitized data
---

--- 2026-08-03T09:34:34.282Z debug
INIT: omitted; set WRANGLER_LOG_SANITIZE=false to include sanitized data
---

--- 2026-08-03T09:34:34.282Z debug
-- END CF API REQUEST
---

--- 2026-08-03T09:34:34.609Z debug
-- START CF API RESPONSE: OK 200
---

--- 2026-08-03T09:34:34.609Z debug
HEADERS: omitted; set WRANGLER_LOG_SANITIZE=false to include sanitized data
---

--- 2026-08-03T09:34:34.610Z debug
RESPONSE: omitted; set WRANGLER_LOG_SANITIZE=false to include sanitized data
---

--- 2026-08-03T09:34:34.610Z debug
-- END CF API RESPONSE
---

--- 2026-08-03T09:34:34.635Z info
Attaching additional modules:
---

--- 2026-08-03T09:34:34.645Z log
┌───────────────────────────────────────────────┬──────┬────────────┐
│ Name                                          │ Type │ Size       │
├───────────────────────────────────────────────┼──────┼────────────┤
│ ssr/assets/AdminDashboard-B9hFiKRm.js         │ esm  │ 157.45 KiB │
├───────────────────────────────────────────────┼──────┼────────────┤
│ ssr/assets/error-boundary-D9m9x3qt.js         │ esm  │ 8.22 KiB   │
├───────────────────────────────────────────────┼──────┼────────────┤
│ ssr/assets/layout-segment-context-BA17t9-a.js │ esm  │ 1.70 KiB   │
├───────────────────────────────────────────────┼──────┼────────────┤
│ ssr/assets/OrderingApp-BvekHhZL.js            │ esm  │ 16.72 KiB  │
├───────────────────────────────────────────────┼──────┼────────────┤
│ ssr/assets/page-DjBC_g-r.js                   │ esm  │ 3.59 KiB   │
├───────────────────────────────────────────────┼──────┼────────────┤
│ ssr/index.js                                  │ esm  │ 570.98 KiB │
├───────────────────────────────────────────────┼──────┼────────────┤
│ ssr/__vite_rsc_assets_manifest.js             │ esm  │ 1.55 KiB   │
├───────────────────────────────────────────────┼──────┼────────────┤
│ __vite_rsc_assets_manifest.js                 │ esm  │ 1.55 KiB   │
├───────────────────────────────────────────────┼──────┼────────────┤
│ Total (8 modules)                             │      │ 761.76 KiB │
└───────────────────────────────────────────────┴──────┴────────────┘
---

--- 2026-08-03T09:34:34.649Z info
🌀 Building list of assets...
---

--- 2026-08-03T09:34:34.651Z info
✨ Read 19 files from the assets directory C:\wang\mobile-order\dist\client
---

--- 2026-08-03T09:34:34.652Z debug
/.assetsignore
---

--- 2026-08-03T09:34:34.652Z debug
/.vite
---

--- 2026-08-03T09:34:34.652Z debug
/assets
---

--- 2026-08-03T09:34:34.652Z debug
/favicon.svg
---

--- 2026-08-03T09:34:34.652Z debug
/file.svg
---

--- 2026-08-03T09:34:34.652Z debug
/globe.svg
---

--- 2026-08-03T09:34:34.652Z debug
/local-site.json
---

--- 2026-08-03T09:34:34.652Z debug
/og.png
---

--- 2026-08-03T09:34:34.653Z debug
/window.svg
---

--- 2026-08-03T09:34:34.653Z debug
/_headers
---

--- 2026-08-03T09:34:34.653Z debug
/assets\AdminDashboard-NRt-AZXc.js
---

--- 2026-08-03T09:34:34.653Z debug
/assets\framework-CXnKph_e.js
---

--- 2026-08-03T09:34:34.653Z debug
/assets\index-B58qwEr0.css
---

--- 2026-08-03T09:34:34.653Z debug
/assets\index-D23BnMix.js
---

--- 2026-08-03T09:34:34.653Z debug
/assets\layout-segment-context-BwZVnmeL.js
---

--- 2026-08-03T09:34:34.653Z debug
/assets\OrderingApp-DUv1Ffd8.js
---

--- 2026-08-03T09:34:34.654Z debug
/assets\page-yyiuNXJa.js
---

--- 2026-08-03T09:34:34.654Z debug
/assets\rolldown-runtime-S-ySWqyJ.js
---

--- 2026-08-03T09:34:34.654Z debug
/.vite\manifest.json
---

--- 2026-08-03T09:34:34.656Z debug
Ignoring asset: .assetsignore
---

--- 2026-08-03T09:34:34.656Z debug
Ignoring asset: _headers
---

--- 2026-08-03T09:34:34.691Z info
🌀 Starting asset upload...
---

--- 2026-08-03T09:34:34.691Z debug
-- START CF API REQUEST: POST https://api.cloudflare.com/client/v4/accounts/c8efdeac9c51e5db063ae854270042a9/workers/scripts/xiaoman-mobile-order/assets-upload-session
---

--- 2026-08-03T09:34:34.691Z debug
QUERY STRING: omitted; set WRANGLER_LOG_SANITIZE=false to include sanitized data
---

--- 2026-08-03T09:34:34.691Z debug
HEADERS: omitted; set WRANGLER_LOG_SANITIZE=false to include sanitized data
---

--- 2026-08-03T09:34:34.691Z debug
INIT: omitted; set WRANGLER_LOG_SANITIZE=false to include sanitized data
---

--- 2026-08-03T09:34:34.691Z debug
-- END CF API REQUEST
---

--- 2026-08-03T09:34:36.674Z debug
-- START CF API RESPONSE: OK 200
---

--- 2026-08-03T09:34:36.674Z debug
HEADERS: omitted; set WRANGLER_LOG_SANITIZE=false to include sanitized data
---

--- 2026-08-03T09:34:36.674Z debug
RESPONSE: omitted; set WRANGLER_LOG_SANITIZE=false to include sanitized data
---

--- 2026-08-03T09:34:36.674Z debug
-- END CF API RESPONSE
---

--- 2026-08-03T09:34:36.674Z info
🌀 Found 4 new or modified static assets to upload. Proceeding with upload...
---

--- 2026-08-03T09:34:36.675Z info
+ /assets/layout-segment-context-BwZVnmeL.js
---

--- 2026-08-03T09:34:36.675Z info
+ /assets/index-D23BnMix.js
---

--- 2026-08-03T09:34:36.676Z info
+ /assets/page-yyiuNXJa.js
---

--- 2026-08-03T09:34:36.676Z info
+ /.vite/manifest.json
---

--- 2026-08-03T09:34:36.680Z debug
-- START CF API REQUEST: POST https://api.cloudflare.com/client/v4/accounts/c8efdeac9c51e5db063ae854270042a9/workers/assets/upload?base64=true
---

--- 2026-08-03T09:34:36.680Z debug
QUERY STRING: omitted; set WRANGLER_LOG_SANITIZE=false to include sanitized data
---

--- 2026-08-03T09:34:36.680Z debug
HEADERS: omitted; set WRANGLER_LOG_SANITIZE=false to include sanitized data
---

--- 2026-08-03T09:34:36.680Z debug
INIT: omitted; set WRANGLER_LOG_SANITIZE=false to include sanitized data
---

--- 2026-08-03T09:34:36.682Z debug
-- START CF API REQUEST: POST https://api.cloudflare.com/client/v4/accounts/c8efdeac9c51e5db063ae854270042a9/workers/assets/upload?base64=true
---

--- 2026-08-03T09:34:36.682Z debug
QUERY STRING: omitted; set WRANGLER_LOG_SANITIZE=false to include sanitized data
---

--- 2026-08-03T09:34:36.682Z debug
HEADERS: omitted; set WRANGLER_LOG_SANITIZE=false to include sanitized data
---

--- 2026-08-03T09:34:36.682Z debug
INIT: omitted; set WRANGLER_LOG_SANITIZE=false to include sanitized data
---

--- 2026-08-03T09:34:36.683Z debug
BODY: omitted; set WRANGLER_LOG_SANITIZE=false to include sanitized data
---

--- 2026-08-03T09:34:36.683Z debug
-- END CF API REQUEST
---

--- 2026-08-03T09:34:36.684Z debug
BODY: omitted; set WRANGLER_LOG_SANITIZE=false to include sanitized data
---

--- 2026-08-03T09:34:36.684Z debug
-- END CF API REQUEST
---

--- 2026-08-03T09:34:36.688Z debug
-- START CF API REQUEST: POST https://api.cloudflare.com/client/v4/accounts/c8efdeac9c51e5db063ae854270042a9/workers/assets/upload?base64=true
---

--- 2026-08-03T09:34:36.688Z debug
QUERY STRING: omitted; set WRANGLER_LOG_SANITIZE=false to include sanitized data
---

--- 2026-08-03T09:34:36.688Z debug
HEADERS: omitted; set WRANGLER_LOG_SANITIZE=false to include sanitized data
---

--- 2026-08-03T09:34:36.688Z debug
INIT: omitted; set WRANGLER_LOG_SANITIZE=false to include sanitized data
---

--- 2026-08-03T09:34:36.689Z debug
BODY: omitted; set WRANGLER_LOG_SANITIZE=false to include sanitized data
---

--- 2026-08-03T09:34:36.689Z debug
-- END CF API REQUEST
---

--- 2026-08-03T09:34:37.323Z debug
-- START CF API RESPONSE: Accepted 202
---

--- 2026-08-03T09:34:37.323Z debug
HEADERS: omitted; set WRANGLER_LOG_SANITIZE=false to include sanitized data
---

--- 2026-08-03T09:34:37.323Z debug
RESPONSE: omitted; set WRANGLER_LOG_SANITIZE=false to include sanitized data
---

--- 2026-08-03T09:34:37.323Z debug
-- END CF API RESPONSE
---

--- 2026-08-03T09:34:37.323Z info
Uploaded 1 of 4 assets
---

--- 2026-08-03T09:34:37.323Z debug
✨ /assets/page-yyiuNXJa.js
---

--- 2026-08-03T09:34:37.337Z debug
-- START CF API RESPONSE: Accepted 202
---

--- 2026-08-03T09:34:37.338Z debug
HEADERS: omitted; set WRANGLER_LOG_SANITIZE=false to include sanitized data
---

--- 2026-08-03T09:34:37.338Z debug
RESPONSE: omitted; set WRANGLER_LOG_SANITIZE=false to include sanitized data
---

--- 2026-08-03T09:34:37.338Z debug
-- END CF API RESPONSE
---

--- 2026-08-03T09:34:37.338Z info
Uploaded 2 of 4 assets
---

--- 2026-08-03T09:34:37.338Z debug
✨ /.vite/manifest.json
---

--- 2026-08-03T09:34:37.497Z debug
-- START CF API RESPONSE: Created 201
---

--- 2026-08-03T09:34:37.497Z debug
HEADERS: omitted; set WRANGLER_LOG_SANITIZE=false to include sanitized data
---

--- 2026-08-03T09:34:37.497Z debug
RESPONSE: omitted; set WRANGLER_LOG_SANITIZE=false to include sanitized data
---

--- 2026-08-03T09:34:37.497Z debug
-- END CF API RESPONSE
---

--- 2026-08-03T09:34:37.497Z info
Uploaded 4 of 4 assets
---

--- 2026-08-03T09:34:37.497Z debug
✨ /assets/layout-segment-context-BwZVnmeL.js
---

--- 2026-08-03T09:34:37.497Z debug
✨ /assets/index-D23BnMix.js
---

--- 2026-08-03T09:34:37.497Z log
✨ Success! Uploaded 4 files (11 already uploaded) (0.82 sec)

---

--- 2026-08-03T09:34:37.532Z log
Total Upload: 1550.09 KiB / gzip: 339.38 KiB
---

--- 2026-08-03T09:34:37.533Z debug
-- START CF API REQUEST: GET https://api.cloudflare.com/client/v4/accounts/c8efdeac9c51e5db063ae854270042a9/workers/scripts/xiaoman-mobile-order/settings
---

--- 2026-08-03T09:34:37.533Z debug
QUERY STRING: omitted; set WRANGLER_LOG_SANITIZE=false to include sanitized data
---

--- 2026-08-03T09:34:37.533Z debug
HEADERS: omitted; set WRANGLER_LOG_SANITIZE=false to include sanitized data
---

--- 2026-08-03T09:34:37.533Z debug
INIT: omitted; set WRANGLER_LOG_SANITIZE=false to include sanitized data
---

--- 2026-08-03T09:34:37.533Z debug
-- END CF API REQUEST
---

--- 2026-08-03T09:34:37.869Z debug
-- START CF API RESPONSE: OK 200
---

--- 2026-08-03T09:34:37.869Z debug
HEADERS: omitted; set WRANGLER_LOG_SANITIZE=false to include sanitized data
---

--- 2026-08-03T09:34:37.869Z debug
RESPONSE: omitted; set WRANGLER_LOG_SANITIZE=false to include sanitized data
---

--- 2026-08-03T09:34:37.869Z debug
-- END CF API RESPONSE
---

--- 2026-08-03T09:34:37.874Z debug
-- START CF API REQUEST: POST https://api.cloudflare.com/client/v4/accounts/c8efdeac9c51e5db063ae854270042a9/workers/scripts/xiaoman-mobile-order/versions
---

--- 2026-08-03T09:34:37.874Z debug
QUERY STRING: omitted; set WRANGLER_LOG_SANITIZE=false to include sanitized data
---

--- 2026-08-03T09:34:37.874Z debug
HEADERS: omitted; set WRANGLER_LOG_SANITIZE=false to include sanitized data
---

--- 2026-08-03T09:34:37.874Z debug
INIT: omitted; set WRANGLER_LOG_SANITIZE=false to include sanitized data
---

--- 2026-08-03T09:34:37.878Z debug
BODY: omitted; set WRANGLER_LOG_SANITIZE=false to include sanitized data
---

--- 2026-08-03T09:34:37.878Z debug
-- END CF API REQUEST
---

--- 2026-08-03T09:34:38.877Z debug
-- START CF API RESPONSE: OK 200
---

--- 2026-08-03T09:34:38.877Z debug
HEADERS: omitted; set WRANGLER_LOG_SANITIZE=false to include sanitized data
---

--- 2026-08-03T09:34:38.877Z debug
RESPONSE: omitted; set WRANGLER_LOG_SANITIZE=false to include sanitized data
---

--- 2026-08-03T09:34:38.878Z debug
-- END CF API RESPONSE
---

--- 2026-08-03T09:34:38.879Z debug
-- START CF API REQUEST: POST https://api.cloudflare.com/client/v4/accounts/c8efdeac9c51e5db063ae854270042a9/workers/scripts/xiaoman-mobile-order/deployments
---

--- 2026-08-03T09:34:38.879Z debug
QUERY STRING: omitted; set WRANGLER_LOG_SANITIZE=false to include sanitized data
---

--- 2026-08-03T09:34:38.879Z debug
HEADERS: omitted; set WRANGLER_LOG_SANITIZE=false to include sanitized data
---

--- 2026-08-03T09:34:38.879Z debug
INIT: omitted; set WRANGLER_LOG_SANITIZE=false to include sanitized data
---

--- 2026-08-03T09:34:38.879Z debug
-- END CF API REQUEST
---

--- 2026-08-03T09:34:39.300Z debug
-- START CF API RESPONSE: OK 200
---

--- 2026-08-03T09:34:39.301Z debug
HEADERS: omitted; set WRANGLER_LOG_SANITIZE=false to include sanitized data
---

--- 2026-08-03T09:34:39.301Z debug
RESPONSE: omitted; set WRANGLER_LOG_SANITIZE=false to include sanitized data
---

--- 2026-08-03T09:34:39.301Z debug
-- END CF API RESPONSE
---

--- 2026-08-03T09:34:39.301Z debug
-- START CF API REQUEST: PATCH https://api.cloudflare.com/client/v4/accounts/c8efdeac9c51e5db063ae854270042a9/workers/scripts/xiaoman-mobile-order/script-settings
---

--- 2026-08-03T09:34:39.301Z debug
QUERY STRING: omitted; set WRANGLER_LOG_SANITIZE=false to include sanitized data
---

--- 2026-08-03T09:34:39.302Z debug
HEADERS: omitted; set WRANGLER_LOG_SANITIZE=false to include sanitized data
---

--- 2026-08-03T09:34:39.302Z debug
INIT: omitted; set WRANGLER_LOG_SANITIZE=false to include sanitized data
---

--- 2026-08-03T09:34:39.302Z debug
-- END CF API REQUEST
---

--- 2026-08-03T09:34:39.699Z debug
-- START CF API RESPONSE: OK 200
---

--- 2026-08-03T09:34:39.699Z debug
HEADERS: omitted; set WRANGLER_LOG_SANITIZE=false to include sanitized data
---

--- 2026-08-03T09:34:39.699Z debug
RESPONSE: omitted; set WRANGLER_LOG_SANITIZE=false to include sanitized data
---

--- 2026-08-03T09:34:39.699Z debug
-- END CF API RESPONSE
---

--- 2026-08-03T09:34:39.700Z log
Worker Startup Time: 21 ms
---

--- 2026-08-03T09:34:39.701Z log
Your Worker has access to the following bindings:
---

--- 2026-08-03T09:34:39.701Z log
Binding                                   Resource         
---

--- 2026-08-03T09:34:39.701Z log
env.DB (xiaoman-mobile-order-db)          D1 Database      
---

--- 2026-08-03T09:34:39.701Z log
env.ASSETS                                Assets           
---

--- 2026-08-03T09:34:39.701Z log

---

--- 2026-08-03T09:34:39.703Z log
Uploaded xiaoman-mobile-order (5.42 sec)
---

--- 2026-08-03T09:34:39.704Z debug
-- START CF API REQUEST: GET https://api.cloudflare.com/client/v4/accounts/c8efdeac9c51e5db063ae854270042a9/workers/subdomain
---

--- 2026-08-03T09:34:39.704Z debug
QUERY STRING: omitted; set WRANGLER_LOG_SANITIZE=false to include sanitized data
---

--- 2026-08-03T09:34:39.704Z debug
HEADERS: omitted; set WRANGLER_LOG_SANITIZE=false to include sanitized data
---

--- 2026-08-03T09:34:39.704Z debug
INIT: omitted; set WRANGLER_LOG_SANITIZE=false to include sanitized data
---

--- 2026-08-03T09:34:39.704Z debug
-- END CF API REQUEST
---

--- 2026-08-03T09:34:39.940Z debug
-- START CF API RESPONSE: OK 200
---

--- 2026-08-03T09:34:39.940Z debug
HEADERS: omitted; set WRANGLER_LOG_SANITIZE=false to include sanitized data
---

--- 2026-08-03T09:34:39.940Z debug
RESPONSE: omitted; set WRANGLER_LOG_SANITIZE=false to include sanitized data
---

--- 2026-08-03T09:34:39.940Z debug
-- END CF API RESPONSE
---

--- 2026-08-03T09:34:39.940Z debug
-- START CF API REQUEST: GET https://api.cloudflare.com/client/v4/accounts/c8efdeac9c51e5db063ae854270042a9/workers/scripts/xiaoman-mobile-order/subdomain
---

--- 2026-08-03T09:34:39.940Z debug
QUERY STRING: omitted; set WRANGLER_LOG_SANITIZE=false to include sanitized data
---

--- 2026-08-03T09:34:39.940Z debug
HEADERS: omitted; set WRANGLER_LOG_SANITIZE=false to include sanitized data
---

--- 2026-08-03T09:34:39.940Z debug
INIT: omitted; set WRANGLER_LOG_SANITIZE=false to include sanitized data
---

--- 2026-08-03T09:34:39.940Z debug
-- END CF API REQUEST
---

--- 2026-08-03T09:34:40.244Z debug
-- START CF API RESPONSE: OK 200
---

--- 2026-08-03T09:34:40.244Z debug
HEADERS: omitted; set WRANGLER_LOG_SANITIZE=false to include sanitized data
---

--- 2026-08-03T09:34:40.244Z debug
RESPONSE: omitted; set WRANGLER_LOG_SANITIZE=false to include sanitized data
---

--- 2026-08-03T09:34:40.244Z debug
-- END CF API RESPONSE
---

--- 2026-08-03T09:34:40.245Z debug
-- START CF API REQUEST: POST https://api.cloudflare.com/client/v4/accounts/c8efdeac9c51e5db063ae854270042a9/workers/scripts/xiaoman-mobile-order/subdomain
---

--- 2026-08-03T09:34:40.245Z debug
QUERY STRING: omitted; set WRANGLER_LOG_SANITIZE=false to include sanitized data
---

--- 2026-08-03T09:34:40.245Z debug
HEADERS: omitted; set WRANGLER_LOG_SANITIZE=false to include sanitized data
---

--- 2026-08-03T09:34:40.245Z debug
INIT: omitted; set WRANGLER_LOG_SANITIZE=false to include sanitized data
---

--- 2026-08-03T09:34:40.245Z debug
-- END CF API REQUEST
---

--- 2026-08-03T09:34:40.514Z debug
-- START CF API RESPONSE: OK 200
---

--- 2026-08-03T09:34:40.514Z debug
HEADERS: omitted; set WRANGLER_LOG_SANITIZE=false to include sanitized data
---

--- 2026-08-03T09:34:40.514Z debug
RESPONSE: omitted; set WRANGLER_LOG_SANITIZE=false to include sanitized data
---

--- 2026-08-03T09:34:40.514Z debug
-- END CF API RESPONSE
---

--- 2026-08-03T09:34:40.514Z log
Deployed xiaoman-mobile-order triggers (0.81 sec)
---

--- 2026-08-03T09:34:40.515Z log
  https://xiaoman-mobile-order.wangyonghuang.workers.dev
---

--- 2026-08-03T09:34:40.515Z log
Current Version ID: 424b4e19-4c73-4c23-b98f-55555dff0ca4
---

--- 2026-08-03T09:34:40.517Z debug
Metrics dispatcher: Posting data {"deviceId":"62481879-fe5f-41db-8e59-654eafe8c63e","event":"deploy worker script","timestamp":1785749680517,"properties":{"amplitude_session_id":1785749680515,"amplitude_event_id":0,"wranglerVersion":"4.92.0","wranglerMajorVersion":4,"wranglerMinorVersion":92,"wranglerPatchVersion":0,"osPlatform":"Windows","osVersion":"Windows 11 Home","nodeVersion":24,"packageManager":"npm","isFirstUsage":false,"configFileType":"none","isCI":false,"isPagesCI":false,"isWorkersCI":false,"isInteractive":false,"hasAssets":false,"agent":null,"category":"Workers","os":"win32:x64","usesTypeScript":false,"durationMs":6621}}
---

--- 2026-08-03T09:34:40.520Z debug
Metrics dispatcher: Posting data {"deviceId":"62481879-fe5f-41db-8e59-654eafe8c63e","event":"wrangler command completed","timestamp":1785749680520,"properties":{"amplitude_session_id":1785749673590,"amplitude_event_id":1,"wranglerVersion":"4.92.0","wranglerMajorVersion":4,"wranglerMinorVersion":92,"wranglerPatchVersion":0,"osPlatform":"Windows","osVersion":"Windows 11 Home","nodeVersion":24,"packageManager":"npm","isFirstUsage":false,"configFileType":"jsonc","isCI":false,"isPagesCI":false,"isWorkersCI":false,"isInteractive":false,"hasAssets":true,"agent":null,"argsUsed":["config"],"argsCombination":"config","sanitizedCommand":"deploy","sanitizedArgs":{},"durationMs":6941}}
---
