
--- 2026-08-03T08:20:19.731Z debug
🪵  Writing logs to "C:\wang\.wrangler-config\.wrangler\logs\wrangler-2026-08-03_08-20-19_574.log"
---

--- 2026-08-03T08:20:19.731Z debug
.env file not found at "C:\wang\mobile-order\.env". Continuing... For more details, refer to https://developers.cloudflare.com/workers/wrangler/system-environment-variables/
---

--- 2026-08-03T08:20:19.732Z debug
.env file not found at "C:\wang\mobile-order\.env.local". Continuing... For more details, refer to https://developers.cloudflare.com/workers/wrangler/system-environment-variables/
---

--- 2026-08-03T08:20:19.743Z log

 ⛅️ wrangler 4.92.0 (update available 4.118.0)
──────────────────────────────────────────────
---

--- 2026-08-03T08:20:19.751Z debug
Metrics dispatcher: Posting data {"deviceId":"62481879-fe5f-41db-8e59-654eafe8c63e","event":"wrangler command started","timestamp":1785745219751,"properties":{"amplitude_session_id":1785745219748,"amplitude_event_id":0,"wranglerVersion":"4.92.0","wranglerMajorVersion":4,"wranglerMinorVersion":92,"wranglerPatchVersion":0,"osPlatform":"Windows","osVersion":"Windows 11 Home","nodeVersion":24,"packageManager":"npm","isFirstUsage":false,"configFileType":"jsonc","isCI":false,"isPagesCI":false,"isWorkersCI":false,"isInteractive":false,"hasAssets":true,"agent":null,"argsUsed":["config"],"argsCombination":"config","sanitizedCommand":"deploy","sanitizedArgs":{}}}
---

--- 2026-08-03T08:20:19.860Z debug
Starting verifyWorkerMatchesCITag() with tag: undefined, name: xiaoman-mobile-order
---

--- 2026-08-03T08:20:19.860Z debug
No WRANGLER_CI_MATCH_TAG variable provided, aborting verifyWorkerMatchesCITag()
---

--- 2026-08-03T08:20:19.862Z debug
-- START CF API REQUEST: GET https://api.cloudflare.com/client/v4/accounts/c8efdeac9c51e5db063ae854270042a9/workers/services/xiaoman-mobile-order
---

--- 2026-08-03T08:20:19.862Z debug
QUERY STRING: omitted; set WRANGLER_LOG_SANITIZE=false to include sanitized data
---

--- 2026-08-03T08:20:19.863Z debug
HEADERS: omitted; set WRANGLER_LOG_SANITIZE=false to include sanitized data
---

--- 2026-08-03T08:20:19.863Z debug
INIT: omitted; set WRANGLER_LOG_SANITIZE=false to include sanitized data
---

--- 2026-08-03T08:20:19.863Z debug
-- END CF API REQUEST
---

--- 2026-08-03T08:20:20.185Z debug
-- START CF API RESPONSE: OK 200
---

--- 2026-08-03T08:20:20.185Z debug
HEADERS: omitted; set WRANGLER_LOG_SANITIZE=false to include sanitized data
---

--- 2026-08-03T08:20:20.186Z debug
RESPONSE: omitted; set WRANGLER_LOG_SANITIZE=false to include sanitized data
---

--- 2026-08-03T08:20:20.186Z debug
-- END CF API RESPONSE
---

--- 2026-08-03T08:20:20.188Z debug
-- START CF API REQUEST: GET https://api.cloudflare.com/client/v4/accounts/c8efdeac9c51e5db063ae854270042a9/workers/scripts/xiaoman-mobile-order/deployments
---

--- 2026-08-03T08:20:20.188Z debug
QUERY STRING: omitted; set WRANGLER_LOG_SANITIZE=false to include sanitized data
---

--- 2026-08-03T08:20:20.188Z debug
HEADERS: omitted; set WRANGLER_LOG_SANITIZE=false to include sanitized data
---

--- 2026-08-03T08:20:20.188Z debug
INIT: omitted; set WRANGLER_LOG_SANITIZE=false to include sanitized data
---

--- 2026-08-03T08:20:20.188Z debug
-- END CF API REQUEST
---

--- 2026-08-03T08:20:20.419Z debug
-- START CF API RESPONSE: OK 200
---

--- 2026-08-03T08:20:20.420Z debug
HEADERS: omitted; set WRANGLER_LOG_SANITIZE=false to include sanitized data
---

--- 2026-08-03T08:20:20.420Z debug
RESPONSE: omitted; set WRANGLER_LOG_SANITIZE=false to include sanitized data
---

--- 2026-08-03T08:20:20.420Z debug
-- END CF API RESPONSE
---

--- 2026-08-03T08:20:20.434Z info
Attaching additional modules:
---

--- 2026-08-03T08:20:20.440Z log
┌───────────────────────────────────────────────┬──────┬────────────┐
│ Name                                          │ Type │ Size       │
├───────────────────────────────────────────────┼──────┼────────────┤
│ ssr/assets/AdminDashboard-JQS81llN.js         │ esm  │ 157.30 KiB │
├───────────────────────────────────────────────┼──────┼────────────┤
│ ssr/assets/error-boundary-D9m9x3qt.js         │ esm  │ 8.22 KiB   │
├───────────────────────────────────────────────┼──────┼────────────┤
│ ssr/assets/layout-segment-context-BA17t9-a.js │ esm  │ 1.70 KiB   │
├───────────────────────────────────────────────┼──────┼────────────┤
│ ssr/assets/OrderingApp-BvekHhZL.js            │ esm  │ 16.72 KiB  │
├───────────────────────────────────────────────┼──────┼────────────┤
│ ssr/assets/page-Dxq-ce6J.js                   │ esm  │ 3.59 KiB   │
├───────────────────────────────────────────────┼──────┼────────────┤
│ ssr/index.js                                  │ esm  │ 570.98 KiB │
├───────────────────────────────────────────────┼──────┼────────────┤
│ ssr/__vite_rsc_assets_manifest.js             │ esm  │ 1.55 KiB   │
├───────────────────────────────────────────────┼──────┼────────────┤
│ __vite_rsc_assets_manifest.js                 │ esm  │ 1.55 KiB   │
├───────────────────────────────────────────────┼──────┼────────────┤
│ Total (8 modules)                             │      │ 761.61 KiB │
└───────────────────────────────────────────────┴──────┴────────────┘
---

--- 2026-08-03T08:20:20.443Z info
🌀 Building list of assets...
---

--- 2026-08-03T08:20:20.445Z info
✨ Read 19 files from the assets directory C:\wang\mobile-order\dist\client
---

--- 2026-08-03T08:20:20.445Z debug
/.assetsignore
---

--- 2026-08-03T08:20:20.445Z debug
/.vite
---

--- 2026-08-03T08:20:20.445Z debug
/assets
---

--- 2026-08-03T08:20:20.445Z debug
/favicon.svg
---

--- 2026-08-03T08:20:20.445Z debug
/file.svg
---

--- 2026-08-03T08:20:20.445Z debug
/globe.svg
---

--- 2026-08-03T08:20:20.445Z debug
/local-site.json
---

--- 2026-08-03T08:20:20.445Z debug
/og.png
---

--- 2026-08-03T08:20:20.445Z debug
/window.svg
---

--- 2026-08-03T08:20:20.445Z debug
/_headers
---

--- 2026-08-03T08:20:20.445Z debug
/assets\AdminDashboard-CbrN1YVG.js
---

--- 2026-08-03T08:20:20.445Z debug
/assets\framework-CXnKph_e.js
---

--- 2026-08-03T08:20:20.445Z debug
/assets\index-D-6SnUKT.js
---

--- 2026-08-03T08:20:20.445Z debug
/assets\index-pn2mot6Y.css
---

--- 2026-08-03T08:20:20.445Z debug
/assets\layout-segment-context-OCLcV7_v.js
---

--- 2026-08-03T08:20:20.446Z debug
/assets\OrderingApp-DUv1Ffd8.js
---

--- 2026-08-03T08:20:20.446Z debug
/assets\page-BdFFTdcx.js
---

--- 2026-08-03T08:20:20.446Z debug
/assets\rolldown-runtime-S-ySWqyJ.js
---

--- 2026-08-03T08:20:20.446Z debug
/.vite\manifest.json
---

--- 2026-08-03T08:20:20.447Z debug
Ignoring asset: .assetsignore
---

--- 2026-08-03T08:20:20.448Z debug
Ignoring asset: _headers
---

--- 2026-08-03T08:20:20.473Z info
🌀 Starting asset upload...
---

--- 2026-08-03T08:20:20.473Z debug
-- START CF API REQUEST: POST https://api.cloudflare.com/client/v4/accounts/c8efdeac9c51e5db063ae854270042a9/workers/scripts/xiaoman-mobile-order/assets-upload-session
---

--- 2026-08-03T08:20:20.473Z debug
QUERY STRING: omitted; set WRANGLER_LOG_SANITIZE=false to include sanitized data
---

--- 2026-08-03T08:20:20.473Z debug
HEADERS: omitted; set WRANGLER_LOG_SANITIZE=false to include sanitized data
---

--- 2026-08-03T08:20:20.473Z debug
INIT: omitted; set WRANGLER_LOG_SANITIZE=false to include sanitized data
---

--- 2026-08-03T08:20:20.473Z debug
-- END CF API REQUEST
---

--- 2026-08-03T08:20:22.059Z debug
-- START CF API RESPONSE: OK 200
---

--- 2026-08-03T08:20:22.059Z debug
HEADERS: omitted; set WRANGLER_LOG_SANITIZE=false to include sanitized data
---

--- 2026-08-03T08:20:22.059Z debug
RESPONSE: omitted; set WRANGLER_LOG_SANITIZE=false to include sanitized data
---

--- 2026-08-03T08:20:22.059Z debug
-- END CF API RESPONSE
---

--- 2026-08-03T08:20:22.060Z info
No updated asset files to upload. Proceeding with deployment...
---

--- 2026-08-03T08:20:22.092Z log
Total Upload: 1549.80 KiB / gzip: 339.19 KiB
---

--- 2026-08-03T08:20:22.093Z debug
-- START CF API REQUEST: GET https://api.cloudflare.com/client/v4/accounts/c8efdeac9c51e5db063ae854270042a9/workers/scripts/xiaoman-mobile-order/settings
---

--- 2026-08-03T08:20:22.093Z debug
QUERY STRING: omitted; set WRANGLER_LOG_SANITIZE=false to include sanitized data
---

--- 2026-08-03T08:20:22.093Z debug
HEADERS: omitted; set WRANGLER_LOG_SANITIZE=false to include sanitized data
---

--- 2026-08-03T08:20:22.093Z debug
INIT: omitted; set WRANGLER_LOG_SANITIZE=false to include sanitized data
---

--- 2026-08-03T08:20:22.093Z debug
-- END CF API REQUEST
---

--- 2026-08-03T08:20:22.382Z debug
-- START CF API RESPONSE: Not Found 404
---

--- 2026-08-03T08:20:22.382Z debug
HEADERS: omitted; set WRANGLER_LOG_SANITIZE=false to include sanitized data
---

--- 2026-08-03T08:20:22.382Z debug
RESPONSE: omitted; set WRANGLER_LOG_SANITIZE=false to include sanitized data
---

--- 2026-08-03T08:20:22.382Z debug
-- END CF API RESPONSE
---

--- 2026-08-03T08:20:22.383Z debug
No settings found
---

--- 2026-08-03T08:20:22.388Z debug
-- START CF API REQUEST: POST https://api.cloudflare.com/client/v4/accounts/c8efdeac9c51e5db063ae854270042a9/workers/scripts/xiaoman-mobile-order/versions
---

--- 2026-08-03T08:20:22.388Z debug
QUERY STRING: omitted; set WRANGLER_LOG_SANITIZE=false to include sanitized data
---

--- 2026-08-03T08:20:22.388Z debug
HEADERS: omitted; set WRANGLER_LOG_SANITIZE=false to include sanitized data
---

--- 2026-08-03T08:20:22.388Z debug
INIT: omitted; set WRANGLER_LOG_SANITIZE=false to include sanitized data
---

--- 2026-08-03T08:20:22.394Z debug
BODY: omitted; set WRANGLER_LOG_SANITIZE=false to include sanitized data
---

--- 2026-08-03T08:20:22.394Z debug
-- END CF API REQUEST
---

--- 2026-08-03T08:20:23.405Z debug
-- START CF API RESPONSE: OK 200
---

--- 2026-08-03T08:20:23.405Z debug
HEADERS: omitted; set WRANGLER_LOG_SANITIZE=false to include sanitized data
---

--- 2026-08-03T08:20:23.405Z debug
RESPONSE: omitted; set WRANGLER_LOG_SANITIZE=false to include sanitized data
---

--- 2026-08-03T08:20:23.405Z debug
-- END CF API RESPONSE
---

--- 2026-08-03T08:20:23.406Z debug
-- START CF API REQUEST: POST https://api.cloudflare.com/client/v4/accounts/c8efdeac9c51e5db063ae854270042a9/workers/scripts/xiaoman-mobile-order/deployments
---

--- 2026-08-03T08:20:23.406Z debug
QUERY STRING: omitted; set WRANGLER_LOG_SANITIZE=false to include sanitized data
---

--- 2026-08-03T08:20:23.406Z debug
HEADERS: omitted; set WRANGLER_LOG_SANITIZE=false to include sanitized data
---

--- 2026-08-03T08:20:23.406Z debug
INIT: omitted; set WRANGLER_LOG_SANITIZE=false to include sanitized data
---

--- 2026-08-03T08:20:23.406Z debug
-- END CF API REQUEST
---

--- 2026-08-03T08:20:23.813Z debug
-- START CF API RESPONSE: OK 200
---

--- 2026-08-03T08:20:23.813Z debug
HEADERS: omitted; set WRANGLER_LOG_SANITIZE=false to include sanitized data
---

--- 2026-08-03T08:20:23.813Z debug
RESPONSE: omitted; set WRANGLER_LOG_SANITIZE=false to include sanitized data
---

--- 2026-08-03T08:20:23.813Z debug
-- END CF API RESPONSE
---

--- 2026-08-03T08:20:23.814Z debug
-- START CF API REQUEST: PATCH https://api.cloudflare.com/client/v4/accounts/c8efdeac9c51e5db063ae854270042a9/workers/scripts/xiaoman-mobile-order/script-settings
---

--- 2026-08-03T08:20:23.814Z debug
QUERY STRING: omitted; set WRANGLER_LOG_SANITIZE=false to include sanitized data
---

--- 2026-08-03T08:20:23.814Z debug
HEADERS: omitted; set WRANGLER_LOG_SANITIZE=false to include sanitized data
---

--- 2026-08-03T08:20:23.814Z debug
INIT: omitted; set WRANGLER_LOG_SANITIZE=false to include sanitized data
---

--- 2026-08-03T08:20:23.814Z debug
-- END CF API REQUEST
---

--- 2026-08-03T08:20:24.221Z debug
-- START CF API RESPONSE: OK 200
---

--- 2026-08-03T08:20:24.221Z debug
HEADERS: omitted; set WRANGLER_LOG_SANITIZE=false to include sanitized data
---

--- 2026-08-03T08:20:24.221Z debug
RESPONSE: omitted; set WRANGLER_LOG_SANITIZE=false to include sanitized data
---

--- 2026-08-03T08:20:24.221Z debug
-- END CF API RESPONSE
---

--- 2026-08-03T08:20:24.221Z log
Worker Startup Time: 18 ms
---

--- 2026-08-03T08:20:24.223Z log
Your Worker has access to the following bindings:
---

--- 2026-08-03T08:20:24.223Z log
Binding                                   Resource         
---

--- 2026-08-03T08:20:24.224Z log
env.DB (xiaoman-mobile-order-db)          D1 Database      
---

--- 2026-08-03T08:20:24.224Z log
env.ASSETS                                Assets           
---

--- 2026-08-03T08:20:24.224Z log

---

--- 2026-08-03T08:20:24.226Z log
Uploaded xiaoman-mobile-order (4.04 sec)
---

--- 2026-08-03T08:20:24.227Z debug
-- START CF API REQUEST: GET https://api.cloudflare.com/client/v4/accounts/c8efdeac9c51e5db063ae854270042a9/workers/subdomain
---

--- 2026-08-03T08:20:24.227Z debug
QUERY STRING: omitted; set WRANGLER_LOG_SANITIZE=false to include sanitized data
---

--- 2026-08-03T08:20:24.227Z debug
HEADERS: omitted; set WRANGLER_LOG_SANITIZE=false to include sanitized data
---

--- 2026-08-03T08:20:24.227Z debug
INIT: omitted; set WRANGLER_LOG_SANITIZE=false to include sanitized data
---

--- 2026-08-03T08:20:24.227Z debug
-- END CF API REQUEST
---

--- 2026-08-03T08:20:24.556Z debug
-- START CF API RESPONSE: Not Found 404
---

--- 2026-08-03T08:20:24.556Z debug
HEADERS: omitted; set WRANGLER_LOG_SANITIZE=false to include sanitized data
---

--- 2026-08-03T08:20:24.556Z debug
RESPONSE: omitted; set WRANGLER_LOG_SANITIZE=false to include sanitized data
---

--- 2026-08-03T08:20:24.557Z debug
-- END CF API RESPONSE
---

--- 2026-08-03T08:20:24.604Z warn
▲ [WARNING] You need to register a workers.dev subdomain before publishing to workers.dev


---

--- 2026-08-03T08:20:24.604Z log
? Would you like to register a workers.dev subdomain now?
---

--- 2026-08-03T08:20:24.605Z log
🤖 Using fallback value in non-interactive context: no
---

--- 2026-08-03T08:20:24.607Z debug
Metrics dispatcher: Posting data {"deviceId":"62481879-fe5f-41db-8e59-654eafe8c63e","event":"wrangler command errored","timestamp":1785745224607,"properties":{"amplitude_session_id":1785745219748,"amplitude_event_id":1,"wranglerVersion":"4.92.0","wranglerMajorVersion":4,"wranglerMinorVersion":92,"wranglerPatchVersion":0,"osPlatform":"Windows","osVersion":"Windows 11 Home","nodeVersion":24,"packageManager":"npm","isFirstUsage":false,"configFileType":"jsonc","isCI":false,"isPagesCI":false,"isWorkersCI":false,"isInteractive":false,"hasAssets":true,"agent":null,"argsUsed":["config"],"argsCombination":"config","sanitizedCommand":"deploy","sanitizedArgs":{},"durationMs":4871,"errorType":"UserError","errorMessage":"routes workers dev registration declined"}}
---

--- 2026-08-03T08:20:24.608Z log

---

--- 2026-08-03T08:20:24.609Z error
X [ERROR] You can either deploy your worker to one or more routes by specifying them in your wrangler.jsonc file, or register a workers.dev subdomain here:

  https://dash.cloudflare.com/c8efdeac9c51e5db063ae854270042a9/workers/onboarding


---

--- 2026-08-03T08:20:24.610Z debug
Error: You can either deploy your worker to one or more routes by specifying them in your wrangler.jsonc file, or register a workers.dev subdomain here:
https://dash.cloudflare.com/c8efdeac9c51e5db063ae854270042a9/workers/onboarding
    at getWorkersDevSubdomain (C:\wang\mobile-order\node_modules\wrangler\wrangler-dist\cli.js:290836:15)
    at process.processTicksAndRejections (node:internal/process/task_queues:104:5)
    at async subdomainDeploy (C:\wang\mobile-order\node_modules\wrangler\wrangler-dist\cli.js:291217:27)
    at async triggersDeploy (C:\wang\mobile-order\node_modules\wrangler\wrangler-dist\cli.js:290984:48)
    at async deploy (C:\wang\mobile-order\node_modules\wrangler\wrangler-dist\cli.js:308611:19)
    at async Object.handler (C:\wang\mobile-order\node_modules\wrangler\wrangler-dist\cli.js:230946:66)
    at async C:\wang\mobile-order\node_modules\wrangler\wrangler-dist\cli.js:179097:26
    at async Object.handler (C:\wang\mobile-order\node_modules\wrangler\wrangler-dist\cli.js:179046:7)
---
