
--- 2026-08-03T08:24:21.858Z debug
🪵  Writing logs to "C:\wang\.wrangler-config\.wrangler\logs\wrangler-2026-08-03_08-24-21_699.log"
---

--- 2026-08-03T08:24:21.858Z debug
.env file not found at "C:\wang\mobile-order\.env". Continuing... For more details, refer to https://developers.cloudflare.com/workers/wrangler/system-environment-variables/
---

--- 2026-08-03T08:24:21.859Z debug
.env file not found at "C:\wang\mobile-order\.env.local". Continuing... For more details, refer to https://developers.cloudflare.com/workers/wrangler/system-environment-variables/
---

--- 2026-08-03T08:24:21.868Z log

 ⛅️ wrangler 4.92.0 (update available 4.118.0)
──────────────────────────────────────────────
---

--- 2026-08-03T08:24:21.877Z debug
Metrics dispatcher: Posting data {"deviceId":"62481879-fe5f-41db-8e59-654eafe8c63e","event":"wrangler command started","timestamp":1785745461877,"properties":{"amplitude_session_id":1785745461874,"amplitude_event_id":0,"wranglerVersion":"4.92.0","wranglerMajorVersion":4,"wranglerMinorVersion":92,"wranglerPatchVersion":0,"osPlatform":"Windows","osVersion":"Windows 11 Home","nodeVersion":24,"packageManager":"npm","isFirstUsage":false,"configFileType":"jsonc","isCI":false,"isPagesCI":false,"isWorkersCI":false,"isInteractive":false,"hasAssets":true,"agent":null,"argsUsed":["config"],"argsCombination":"config","sanitizedCommand":"deploy","sanitizedArgs":{}}}
---

--- 2026-08-03T08:24:22.035Z debug
Starting verifyWorkerMatchesCITag() with tag: undefined, name: xiaoman-mobile-order
---

--- 2026-08-03T08:24:22.035Z debug
No WRANGLER_CI_MATCH_TAG variable provided, aborting verifyWorkerMatchesCITag()
---

--- 2026-08-03T08:24:22.037Z debug
-- START CF API REQUEST: GET https://api.cloudflare.com/client/v4/accounts/c8efdeac9c51e5db063ae854270042a9/workers/services/xiaoman-mobile-order
---

--- 2026-08-03T08:24:22.037Z debug
QUERY STRING: omitted; set WRANGLER_LOG_SANITIZE=false to include sanitized data
---

--- 2026-08-03T08:24:22.038Z debug
HEADERS: omitted; set WRANGLER_LOG_SANITIZE=false to include sanitized data
---

--- 2026-08-03T08:24:22.038Z debug
INIT: omitted; set WRANGLER_LOG_SANITIZE=false to include sanitized data
---

--- 2026-08-03T08:24:22.038Z debug
-- END CF API REQUEST
---

--- 2026-08-03T08:24:22.341Z debug
-- START CF API RESPONSE: OK 200
---

--- 2026-08-03T08:24:22.342Z debug
HEADERS: omitted; set WRANGLER_LOG_SANITIZE=false to include sanitized data
---

--- 2026-08-03T08:24:22.342Z debug
RESPONSE: omitted; set WRANGLER_LOG_SANITIZE=false to include sanitized data
---

--- 2026-08-03T08:24:22.342Z debug
-- END CF API RESPONSE
---

--- 2026-08-03T08:24:22.344Z debug
-- START CF API REQUEST: GET https://api.cloudflare.com/client/v4/accounts/c8efdeac9c51e5db063ae854270042a9/workers/scripts/xiaoman-mobile-order/deployments
---

--- 2026-08-03T08:24:22.345Z debug
QUERY STRING: omitted; set WRANGLER_LOG_SANITIZE=false to include sanitized data
---

--- 2026-08-03T08:24:22.345Z debug
HEADERS: omitted; set WRANGLER_LOG_SANITIZE=false to include sanitized data
---

--- 2026-08-03T08:24:22.345Z debug
INIT: omitted; set WRANGLER_LOG_SANITIZE=false to include sanitized data
---

--- 2026-08-03T08:24:22.345Z debug
-- END CF API REQUEST
---

--- 2026-08-03T08:24:22.546Z debug
-- START CF API RESPONSE: OK 200
---

--- 2026-08-03T08:24:22.547Z debug
HEADERS: omitted; set WRANGLER_LOG_SANITIZE=false to include sanitized data
---

--- 2026-08-03T08:24:22.547Z debug
RESPONSE: omitted; set WRANGLER_LOG_SANITIZE=false to include sanitized data
---

--- 2026-08-03T08:24:22.547Z debug
-- END CF API RESPONSE
---

--- 2026-08-03T08:24:22.561Z info
Attaching additional modules:
---

--- 2026-08-03T08:24:22.566Z log
┌───────────────────────────────────────────────┬──────┬────────────┐
│ Name                                          │ Type │ Size       │
├───────────────────────────────────────────────┼──────┼────────────┤
│ ssr/assets/AdminDashboard-JQS81llN.js         │ esm  │ 157.30 KiB │
├───────────────────────────────────────────────┼──────┼────────────┤
│ ssr/assets/error-boundary-D9m9x3qt.js         │ esm  │ 8.22 KiB   │
├───────────────────────────────────────────────┼──────┼────────────┤
│ ssr/assets/layout-segment-context-BA17t9-a.js │ esm  │ 1.70 KiB   │
├───────────────────────────────────────────────┼──────┼────────────┤
│ ssr/assets/OrderingApp-BvekHhZL.js            │ esm  │ 16.72 KiB  │
├───────────────────────────────────────────────┼──────┼────────────┤
│ ssr/assets/page-Dxq-ce6J.js                   │ esm  │ 3.59 KiB   │
├───────────────────────────────────────────────┼──────┼────────────┤
│ ssr/index.js                                  │ esm  │ 570.98 KiB │
├───────────────────────────────────────────────┼──────┼────────────┤
│ ssr/__vite_rsc_assets_manifest.js             │ esm  │ 1.55 KiB   │
├───────────────────────────────────────────────┼──────┼────────────┤
│ __vite_rsc_assets_manifest.js                 │ esm  │ 1.55 KiB   │
├───────────────────────────────────────────────┼──────┼────────────┤
│ Total (8 modules)                             │      │ 761.61 KiB │
└───────────────────────────────────────────────┴──────┴────────────┘
---

--- 2026-08-03T08:24:22.568Z info
🌀 Building list of assets...
---

--- 2026-08-03T08:24:22.569Z info
✨ Read 19 files from the assets directory C:\wang\mobile-order\dist\client
---

--- 2026-08-03T08:24:22.569Z debug
/.assetsignore
---

--- 2026-08-03T08:24:22.569Z debug
/.vite
---

--- 2026-08-03T08:24:22.569Z debug
/assets
---

--- 2026-08-03T08:24:22.570Z debug
/favicon.svg
---

--- 2026-08-03T08:24:22.570Z debug
/file.svg
---

--- 2026-08-03T08:24:22.570Z debug
/globe.svg
---

--- 2026-08-03T08:24:22.570Z debug
/local-site.json
---

--- 2026-08-03T08:24:22.570Z debug
/og.png
---

--- 2026-08-03T08:24:22.570Z debug
/window.svg
---

--- 2026-08-03T08:24:22.570Z debug
/_headers
---

--- 2026-08-03T08:24:22.570Z debug
/assets\AdminDashboard-CbrN1YVG.js
---

--- 2026-08-03T08:24:22.570Z debug
/assets\framework-CXnKph_e.js
---

--- 2026-08-03T08:24:22.570Z debug
/assets\index-D-6SnUKT.js
---

--- 2026-08-03T08:24:22.570Z debug
/assets\index-pn2mot6Y.css
---

--- 2026-08-03T08:24:22.570Z debug
/assets\layout-segment-context-OCLcV7_v.js
---

--- 2026-08-03T08:24:22.570Z debug
/assets\OrderingApp-DUv1Ffd8.js
---

--- 2026-08-03T08:24:22.570Z debug
/assets\page-BdFFTdcx.js
---

--- 2026-08-03T08:24:22.570Z debug
/assets\rolldown-runtime-S-ySWqyJ.js
---

--- 2026-08-03T08:24:22.570Z debug
/.vite\manifest.json
---

--- 2026-08-03T08:24:22.571Z debug
Ignoring asset: .assetsignore
---

--- 2026-08-03T08:24:22.572Z debug
Ignoring asset: _headers
---

--- 2026-08-03T08:24:22.594Z info
🌀 Starting asset upload...
---

--- 2026-08-03T08:24:22.595Z debug
-- START CF API REQUEST: POST https://api.cloudflare.com/client/v4/accounts/c8efdeac9c51e5db063ae854270042a9/workers/scripts/xiaoman-mobile-order/assets-upload-session
---

--- 2026-08-03T08:24:22.595Z debug
QUERY STRING: omitted; set WRANGLER_LOG_SANITIZE=false to include sanitized data
---

--- 2026-08-03T08:24:22.595Z debug
HEADERS: omitted; set WRANGLER_LOG_SANITIZE=false to include sanitized data
---

--- 2026-08-03T08:24:22.595Z debug
INIT: omitted; set WRANGLER_LOG_SANITIZE=false to include sanitized data
---

--- 2026-08-03T08:24:22.595Z debug
-- END CF API REQUEST
---

--- 2026-08-03T08:24:24.150Z debug
-- START CF API RESPONSE: OK 200
---

--- 2026-08-03T08:24:24.150Z debug
HEADERS: omitted; set WRANGLER_LOG_SANITIZE=false to include sanitized data
---

--- 2026-08-03T08:24:24.151Z debug
RESPONSE: omitted; set WRANGLER_LOG_SANITIZE=false to include sanitized data
---

--- 2026-08-03T08:24:24.151Z debug
-- END CF API RESPONSE
---

--- 2026-08-03T08:24:24.151Z info
No updated asset files to upload. Proceeding with deployment...
---

--- 2026-08-03T08:24:24.187Z log
Total Upload: 1549.80 KiB / gzip: 339.19 KiB
---

--- 2026-08-03T08:24:24.188Z debug
-- START CF API REQUEST: GET https://api.cloudflare.com/client/v4/accounts/c8efdeac9c51e5db063ae854270042a9/workers/scripts/xiaoman-mobile-order/settings
---

--- 2026-08-03T08:24:24.188Z debug
QUERY STRING: omitted; set WRANGLER_LOG_SANITIZE=false to include sanitized data
---

--- 2026-08-03T08:24:24.188Z debug
HEADERS: omitted; set WRANGLER_LOG_SANITIZE=false to include sanitized data
---

--- 2026-08-03T08:24:24.188Z debug
INIT: omitted; set WRANGLER_LOG_SANITIZE=false to include sanitized data
---

--- 2026-08-03T08:24:24.188Z debug
-- END CF API REQUEST
---

--- 2026-08-03T08:24:24.410Z debug
-- START CF API RESPONSE: OK 200
---

--- 2026-08-03T08:24:24.410Z debug
HEADERS: omitted; set WRANGLER_LOG_SANITIZE=false to include sanitized data
---

--- 2026-08-03T08:24:24.410Z debug
RESPONSE: omitted; set WRANGLER_LOG_SANITIZE=false to include sanitized data
---

--- 2026-08-03T08:24:24.410Z debug
-- END CF API RESPONSE
---

--- 2026-08-03T08:24:24.414Z debug
-- START CF API REQUEST: POST https://api.cloudflare.com/client/v4/accounts/c8efdeac9c51e5db063ae854270042a9/workers/scripts/xiaoman-mobile-order/versions
---

--- 2026-08-03T08:24:24.414Z debug
QUERY STRING: omitted; set WRANGLER_LOG_SANITIZE=false to include sanitized data
---

--- 2026-08-03T08:24:24.415Z debug
HEADERS: omitted; set WRANGLER_LOG_SANITIZE=false to include sanitized data
---

--- 2026-08-03T08:24:24.415Z debug
INIT: omitted; set WRANGLER_LOG_SANITIZE=false to include sanitized data
---

--- 2026-08-03T08:24:24.419Z debug
BODY: omitted; set WRANGLER_LOG_SANITIZE=false to include sanitized data
---

--- 2026-08-03T08:24:24.419Z debug
-- END CF API REQUEST
---

--- 2026-08-03T08:24:26.012Z debug
-- START CF API RESPONSE: OK 200
---

--- 2026-08-03T08:24:26.012Z debug
HEADERS: omitted; set WRANGLER_LOG_SANITIZE=false to include sanitized data
---

--- 2026-08-03T08:24:26.012Z debug
RESPONSE: omitted; set WRANGLER_LOG_SANITIZE=false to include sanitized data
---

--- 2026-08-03T08:24:26.012Z debug
-- END CF API RESPONSE
---

--- 2026-08-03T08:24:26.012Z debug
-- START CF API REQUEST: POST https://api.cloudflare.com/client/v4/accounts/c8efdeac9c51e5db063ae854270042a9/workers/scripts/xiaoman-mobile-order/deployments
---

--- 2026-08-03T08:24:26.012Z debug
QUERY STRING: omitted; set WRANGLER_LOG_SANITIZE=false to include sanitized data
---

--- 2026-08-03T08:24:26.012Z debug
HEADERS: omitted; set WRANGLER_LOG_SANITIZE=false to include sanitized data
---

--- 2026-08-03T08:24:26.012Z debug
INIT: omitted; set WRANGLER_LOG_SANITIZE=false to include sanitized data
---

--- 2026-08-03T08:24:26.012Z debug
-- END CF API REQUEST
---

--- 2026-08-03T08:24:26.392Z debug
-- START CF API RESPONSE: OK 200
---

--- 2026-08-03T08:24:26.392Z debug
HEADERS: omitted; set WRANGLER_LOG_SANITIZE=false to include sanitized data
---

--- 2026-08-03T08:24:26.392Z debug
RESPONSE: omitted; set WRANGLER_LOG_SANITIZE=false to include sanitized data
---

--- 2026-08-03T08:24:26.392Z debug
-- END CF API RESPONSE
---

--- 2026-08-03T08:24:26.393Z debug
-- START CF API REQUEST: PATCH https://api.cloudflare.com/client/v4/accounts/c8efdeac9c51e5db063ae854270042a9/workers/scripts/xiaoman-mobile-order/script-settings
---

--- 2026-08-03T08:24:26.393Z debug
QUERY STRING: omitted; set WRANGLER_LOG_SANITIZE=false to include sanitized data
---

--- 2026-08-03T08:24:26.393Z debug
HEADERS: omitted; set WRANGLER_LOG_SANITIZE=false to include sanitized data
---

--- 2026-08-03T08:24:26.393Z debug
INIT: omitted; set WRANGLER_LOG_SANITIZE=false to include sanitized data
---

--- 2026-08-03T08:24:26.393Z debug
-- END CF API REQUEST
---

--- 2026-08-03T08:24:26.834Z debug
-- START CF API RESPONSE: OK 200
---

--- 2026-08-03T08:24:26.834Z debug
HEADERS: omitted; set WRANGLER_LOG_SANITIZE=false to include sanitized data
---

--- 2026-08-03T08:24:26.834Z debug
RESPONSE: omitted; set WRANGLER_LOG_SANITIZE=false to include sanitized data
---

--- 2026-08-03T08:24:26.834Z debug
-- END CF API RESPONSE
---

--- 2026-08-03T08:24:26.834Z log
Worker Startup Time: 23 ms
---

--- 2026-08-03T08:24:26.835Z log
Your Worker has access to the following bindings:
---

--- 2026-08-03T08:24:26.835Z log
Binding                                   Resource         
---

--- 2026-08-03T08:24:26.835Z log
env.DB (xiaoman-mobile-order-db)          D1 Database      
---

--- 2026-08-03T08:24:26.835Z log
env.ASSETS                                Assets           
---

--- 2026-08-03T08:24:26.835Z log

---

--- 2026-08-03T08:24:26.837Z log
Uploaded xiaoman-mobile-order (4.49 sec)
---

--- 2026-08-03T08:24:26.839Z debug
-- START CF API REQUEST: GET https://api.cloudflare.com/client/v4/accounts/c8efdeac9c51e5db063ae854270042a9/workers/subdomain
---

--- 2026-08-03T08:24:26.839Z debug
QUERY STRING: omitted; set WRANGLER_LOG_SANITIZE=false to include sanitized data
---

--- 2026-08-03T08:24:26.839Z debug
HEADERS: omitted; set WRANGLER_LOG_SANITIZE=false to include sanitized data
---

--- 2026-08-03T08:24:26.839Z debug
INIT: omitted; set WRANGLER_LOG_SANITIZE=false to include sanitized data
---

--- 2026-08-03T08:24:26.839Z debug
-- END CF API REQUEST
---

--- 2026-08-03T08:24:27.126Z debug
-- START CF API RESPONSE: OK 200
---

--- 2026-08-03T08:24:27.126Z debug
HEADERS: omitted; set WRANGLER_LOG_SANITIZE=false to include sanitized data
---

--- 2026-08-03T08:24:27.126Z debug
RESPONSE: omitted; set WRANGLER_LOG_SANITIZE=false to include sanitized data
---

--- 2026-08-03T08:24:27.126Z debug
-- END CF API RESPONSE
---

--- 2026-08-03T08:24:27.127Z debug
-- START CF API REQUEST: GET https://api.cloudflare.com/client/v4/accounts/c8efdeac9c51e5db063ae854270042a9/workers/scripts/xiaoman-mobile-order/subdomain
---

--- 2026-08-03T08:24:27.127Z debug
QUERY STRING: omitted; set WRANGLER_LOG_SANITIZE=false to include sanitized data
---

--- 2026-08-03T08:24:27.127Z debug
HEADERS: omitted; set WRANGLER_LOG_SANITIZE=false to include sanitized data
---

--- 2026-08-03T08:24:27.127Z debug
INIT: omitted; set WRANGLER_LOG_SANITIZE=false to include sanitized data
---

--- 2026-08-03T08:24:27.127Z debug
-- END CF API REQUEST
---

--- 2026-08-03T08:24:27.351Z debug
-- START CF API RESPONSE: OK 200
---

--- 2026-08-03T08:24:27.351Z debug
HEADERS: omitted; set WRANGLER_LOG_SANITIZE=false to include sanitized data
---

--- 2026-08-03T08:24:27.351Z debug
RESPONSE: omitted; set WRANGLER_LOG_SANITIZE=false to include sanitized data
---

--- 2026-08-03T08:24:27.351Z debug
-- END CF API RESPONSE
---

--- 2026-08-03T08:24:27.351Z debug
-- START CF API REQUEST: POST https://api.cloudflare.com/client/v4/accounts/c8efdeac9c51e5db063ae854270042a9/workers/scripts/xiaoman-mobile-order/subdomain
---

--- 2026-08-03T08:24:27.351Z debug
QUERY STRING: omitted; set WRANGLER_LOG_SANITIZE=false to include sanitized data
---

--- 2026-08-03T08:24:27.352Z debug
HEADERS: omitted; set WRANGLER_LOG_SANITIZE=false to include sanitized data
---

--- 2026-08-03T08:24:27.352Z debug
INIT: omitted; set WRANGLER_LOG_SANITIZE=false to include sanitized data
---

--- 2026-08-03T08:24:27.352Z debug
-- END CF API REQUEST
---

--- 2026-08-03T08:24:27.635Z debug
-- START CF API RESPONSE: OK 200
---

--- 2026-08-03T08:24:27.635Z debug
HEADERS: omitted; set WRANGLER_LOG_SANITIZE=false to include sanitized data
---

--- 2026-08-03T08:24:27.635Z debug
RESPONSE: omitted; set WRANGLER_LOG_SANITIZE=false to include sanitized data
---

--- 2026-08-03T08:24:27.635Z debug
-- END CF API RESPONSE
---

--- 2026-08-03T08:24:27.682Z warn
▲ [WARNING] Because your 'workers.dev' route is enabled and your 'preview_urls' setting is not in your Wrangler file, Preview URLs will be enabled for this deployment by default.

  To override this setting, you can disable Preview URLs by explicitly setting 'preview_urls = false' in your Wrangler file.


---

--- 2026-08-03T08:24:27.683Z log
Deployed xiaoman-mobile-order triggers (0.84 sec)
---

--- 2026-08-03T08:24:27.683Z log
  https://xiaoman-mobile-order.wangyonghuang.workers.dev
---

--- 2026-08-03T08:24:27.683Z log
Current Version ID: 4d8be8fb-7a13-43d6-b99d-c7f389815c18
---

--- 2026-08-03T08:24:27.685Z debug
Metrics dispatcher: Posting data {"deviceId":"62481879-fe5f-41db-8e59-654eafe8c63e","event":"deploy worker script","timestamp":1785745467685,"properties":{"amplitude_session_id":1785745467683,"amplitude_event_id":0,"wranglerVersion":"4.92.0","wranglerMajorVersion":4,"wranglerMinorVersion":92,"wranglerPatchVersion":0,"osPlatform":"Windows","osVersion":"Windows 11 Home","nodeVersion":24,"packageManager":"npm","isFirstUsage":false,"configFileType":"none","isCI":false,"isPagesCI":false,"isWorkersCI":false,"isInteractive":false,"hasAssets":false,"agent":null,"category":"Workers","os":"win32:x64","usesTypeScript":false,"durationMs":5648}}
---

--- 2026-08-03T08:24:27.688Z debug
Metrics dispatcher: Posting data {"deviceId":"62481879-fe5f-41db-8e59-654eafe8c63e","event":"wrangler command completed","timestamp":1785745467688,"properties":{"amplitude_session_id":1785745461874,"amplitude_event_id":1,"wranglerVersion":"4.92.0","wranglerMajorVersion":4,"wranglerMinorVersion":92,"wranglerPatchVersion":0,"osPlatform":"Windows","osVersion":"Windows 11 Home","nodeVersion":24,"packageManager":"npm","isFirstUsage":false,"configFileType":"jsonc","isCI":false,"isPagesCI":false,"isWorkersCI":false,"isInteractive":false,"hasAssets":true,"agent":null,"argsUsed":["config"],"argsCombination":"config","sanitizedCommand":"deploy","sanitizedArgs":{},"durationMs":5825}}
---
