
--- 2026-08-03T08:17:32.566Z debug
🪵  Writing logs to "C:\wang\.wrangler-config\.wrangler\logs\wrangler-2026-08-03_08-17-32_400.log"
---

--- 2026-08-03T08:17:32.566Z debug
.env file not found at "C:\wang\mobile-order\.env". Continuing... For more details, refer to https://developers.cloudflare.com/workers/wrangler/system-environment-variables/
---

--- 2026-08-03T08:17:32.566Z debug
.env file not found at "C:\wang\mobile-order\.env.local". Continuing... For more details, refer to https://developers.cloudflare.com/workers/wrangler/system-environment-variables/
---

--- 2026-08-03T08:17:32.573Z log

 ⛅️ wrangler 4.92.0 (update available 4.118.0)
──────────────────────────────────────────────
---

--- 2026-08-03T08:17:32.577Z debug
Metrics dispatcher: Posting data {"deviceId":"62481879-fe5f-41db-8e59-654eafe8c63e","event":"wrangler command started","timestamp":1785745052577,"properties":{"amplitude_session_id":1785745052574,"amplitude_event_id":0,"wranglerVersion":"4.92.0","wranglerMajorVersion":4,"wranglerMinorVersion":92,"wranglerPatchVersion":0,"osPlatform":"Windows","osVersion":"Windows 11 Home","nodeVersion":24,"packageManager":"npm","isFirstUsage":false,"configFileType":"none","isCI":false,"isPagesCI":false,"isWorkersCI":false,"isInteractive":false,"hasAssets":false,"agent":null,"argsUsed":[],"argsCombination":"","sanitizedCommand":"r2 bucket list","sanitizedArgs":{}}}
---

--- 2026-08-03T08:17:32.600Z log
Listing buckets...
---

--- 2026-08-03T08:17:32.600Z debug
-- START CF API REQUEST: GET https://api.cloudflare.com/client/v4/accounts/c8efdeac9c51e5db063ae854270042a9/r2/buckets
---

--- 2026-08-03T08:17:32.601Z debug
QUERY STRING: omitted; set WRANGLER_LOG_SANITIZE=false to include sanitized data
---

--- 2026-08-03T08:17:32.601Z debug
HEADERS: omitted; set WRANGLER_LOG_SANITIZE=false to include sanitized data
---

--- 2026-08-03T08:17:32.601Z debug
INIT: omitted; set WRANGLER_LOG_SANITIZE=false to include sanitized data
---

--- 2026-08-03T08:17:32.601Z debug
-- END CF API REQUEST
---

--- 2026-08-03T08:17:33.174Z debug
-- START CF API RESPONSE: Forbidden 403
---

--- 2026-08-03T08:17:33.175Z debug
HEADERS: omitted; set WRANGLER_LOG_SANITIZE=false to include sanitized data
---

--- 2026-08-03T08:17:33.175Z debug
RESPONSE: omitted; set WRANGLER_LOG_SANITIZE=false to include sanitized data
---

--- 2026-08-03T08:17:33.175Z debug
-- END CF API RESPONSE
---

--- 2026-08-03T08:17:33.178Z debug
Metrics dispatcher: Posting data {"deviceId":"62481879-fe5f-41db-8e59-654eafe8c63e","event":"wrangler command errored","timestamp":1785745053178,"properties":{"amplitude_session_id":1785745052574,"amplitude_event_id":1,"wranglerVersion":"4.92.0","wranglerMajorVersion":4,"wranglerMinorVersion":92,"wranglerPatchVersion":0,"osPlatform":"Windows","osVersion":"Windows 11 Home","nodeVersion":24,"packageManager":"npm","isFirstUsage":false,"configFileType":"none","isCI":false,"isPagesCI":false,"isWorkersCI":false,"isInteractive":false,"hasAssets":false,"agent":null,"argsUsed":[],"argsCombination":"","sanitizedCommand":"r2 bucket list","sanitizedArgs":{},"durationMs":609,"errorType":"APIError"}}
---

--- 2026-08-03T08:17:33.180Z log

---

--- 2026-08-03T08:17:33.254Z error
X [ERROR] A request to the Cloudflare API (/accounts/c8efdeac9c51e5db063ae854270042a9/r2/buckets) failed.

  Please enable R2 through the Cloudflare Dashboard. [code: 10042]
  
  If you think this is a bug, please open an issue at: https://github.com/cloudflare/workers-sdk/issues/new/choose


---
