
--- 2026-08-03T08:19:51.801Z debug
🪵  Writing logs to "C:\wang\.wrangler-config\.wrangler\logs\wrangler-2026-08-03_08-19-51_650.log"
---

--- 2026-08-03T08:19:51.800Z debug
.env file not found at "C:\wang\mobile-order\.env". Continuing... For more details, refer to https://developers.cloudflare.com/workers/wrangler/system-environment-variables/
---

--- 2026-08-03T08:19:51.802Z debug
.env file not found at "C:\wang\mobile-order\.env.local". Continuing... For more details, refer to https://developers.cloudflare.com/workers/wrangler/system-environment-variables/
---

--- 2026-08-03T08:19:51.811Z log

 ⛅️ wrangler 4.92.0 (update available 4.118.0)
──────────────────────────────────────────────
---

--- 2026-08-03T08:19:51.817Z log

Cloudflare collects anonymous telemetry about your usage of Wrangler. Learn more at https://github.com/cloudflare/workers-sdk/tree/main/packages/wrangler/telemetry.md
---

--- 2026-08-03T08:19:51.820Z debug
Metrics dispatcher: Posting data {"deviceId":"62481879-fe5f-41db-8e59-654eafe8c63e","event":"wrangler command started","timestamp":1785745191820,"properties":{"amplitude_session_id":1785745191816,"amplitude_event_id":0,"wranglerVersion":"4.92.0","wranglerMajorVersion":4,"wranglerMinorVersion":92,"wranglerPatchVersion":0,"osPlatform":"Windows","osVersion":"Windows 11 Home","nodeVersion":24,"packageManager":"npm","isFirstUsage":false,"configFileType":"jsonc","isCI":false,"isPagesCI":false,"isWorkersCI":false,"isInteractive":false,"hasAssets":true,"agent":null,"argsUsed":["config"],"argsCombination":"config","sanitizedCommand":"deploy","sanitizedArgs":{}}}
---

--- 2026-08-03T08:19:52.322Z debug
Starting verifyWorkerMatchesCITag() with tag: undefined, name: xiaoman-mobile-order
---

--- 2026-08-03T08:19:52.322Z debug
No WRANGLER_CI_MATCH_TAG variable provided, aborting verifyWorkerMatchesCITag()
---

--- 2026-08-03T08:19:52.323Z debug
-- START CF API REQUEST: GET https://api.cloudflare.com/client/v4/accounts/c8efdeac9c51e5db063ae854270042a9/workers/services/xiaoman-mobile-order
---

--- 2026-08-03T08:19:52.323Z debug
QUERY STRING: omitted; set WRANGLER_LOG_SANITIZE=false to include sanitized data
---

--- 2026-08-03T08:19:52.323Z debug
HEADERS: omitted; set WRANGLER_LOG_SANITIZE=false to include sanitized data
---

--- 2026-08-03T08:19:52.323Z debug
INIT: omitted; set WRANGLER_LOG_SANITIZE=false to include sanitized data
---

--- 2026-08-03T08:19:52.324Z debug
-- END CF API REQUEST
---

--- 2026-08-03T08:19:52.789Z debug
-- START CF API RESPONSE: Not Found 404
---

--- 2026-08-03T08:19:52.789Z debug
HEADERS: omitted; set WRANGLER_LOG_SANITIZE=false to include sanitized data
---

--- 2026-08-03T08:19:52.789Z debug
RESPONSE: omitted; set WRANGLER_LOG_SANITIZE=false to include sanitized data
---

--- 2026-08-03T08:19:52.789Z debug
-- END CF API RESPONSE
---

--- 2026-08-03T08:19:52.791Z debug
-- START CF API REQUEST: GET https://api.cloudflare.com/client/v4/accounts/c8efdeac9c51e5db063ae854270042a9/workers/scripts/xiaoman-mobile-order/deployments
---

--- 2026-08-03T08:19:52.792Z debug
QUERY STRING: omitted; set WRANGLER_LOG_SANITIZE=false to include sanitized data
---

--- 2026-08-03T08:19:52.792Z debug
HEADERS: omitted; set WRANGLER_LOG_SANITIZE=false to include sanitized data
---

--- 2026-08-03T08:19:52.792Z debug
INIT: omitted; set WRANGLER_LOG_SANITIZE=false to include sanitized data
---

--- 2026-08-03T08:19:52.792Z debug
-- END CF API REQUEST
---

--- 2026-08-03T08:19:53.093Z debug
-- START CF API RESPONSE: Not Found 404
---

--- 2026-08-03T08:19:53.094Z debug
HEADERS: omitted; set WRANGLER_LOG_SANITIZE=false to include sanitized data
---

--- 2026-08-03T08:19:53.094Z debug
RESPONSE: omitted; set WRANGLER_LOG_SANITIZE=false to include sanitized data
---

--- 2026-08-03T08:19:53.094Z debug
-- END CF API RESPONSE
---

--- 2026-08-03T08:19:53.103Z info
🌀 Building list of assets...
---

--- 2026-08-03T08:19:53.104Z info
✨ Read 19 files from the assets directory C:\wang\mobile-order\dist\client
---

--- 2026-08-03T08:19:53.104Z debug
/.assetsignore
---

--- 2026-08-03T08:19:53.104Z debug
/.vite
---

--- 2026-08-03T08:19:53.104Z debug
/assets
---

--- 2026-08-03T08:19:53.105Z debug
/favicon.svg
---

--- 2026-08-03T08:19:53.105Z debug
/file.svg
---

--- 2026-08-03T08:19:53.105Z debug
/globe.svg
---

--- 2026-08-03T08:19:53.105Z debug
/local-site.json
---

--- 2026-08-03T08:19:53.105Z debug
/og.png
---

--- 2026-08-03T08:19:53.105Z debug
/window.svg
---

--- 2026-08-03T08:19:53.105Z debug
/_headers
---

--- 2026-08-03T08:19:53.105Z debug
/assets\AdminDashboard-CbrN1YVG.js
---

--- 2026-08-03T08:19:53.105Z debug
/assets\framework-CXnKph_e.js
---

--- 2026-08-03T08:19:53.105Z debug
/assets\index-D-6SnUKT.js
---

--- 2026-08-03T08:19:53.105Z debug
/assets\index-pn2mot6Y.css
---

--- 2026-08-03T08:19:53.105Z debug
/assets\layout-segment-context-OCLcV7_v.js
---

--- 2026-08-03T08:19:53.105Z debug
/assets\OrderingApp-DUv1Ffd8.js
---

--- 2026-08-03T08:19:53.105Z debug
/assets\page-BdFFTdcx.js
---

--- 2026-08-03T08:19:53.106Z debug
/assets\rolldown-runtime-S-ySWqyJ.js
---

--- 2026-08-03T08:19:53.106Z debug
/.vite\manifest.json
---

--- 2026-08-03T08:19:53.107Z debug
Ignoring asset: .assetsignore
---

--- 2026-08-03T08:19:53.108Z debug
Ignoring asset: _headers
---

--- 2026-08-03T08:19:53.171Z info
🌀 Starting asset upload...
---

--- 2026-08-03T08:19:53.171Z debug
-- START CF API REQUEST: POST https://api.cloudflare.com/client/v4/accounts/c8efdeac9c51e5db063ae854270042a9/workers/scripts/xiaoman-mobile-order/assets-upload-session
---

--- 2026-08-03T08:19:53.171Z debug
QUERY STRING: omitted; set WRANGLER_LOG_SANITIZE=false to include sanitized data
---

--- 2026-08-03T08:19:53.171Z debug
HEADERS: omitted; set WRANGLER_LOG_SANITIZE=false to include sanitized data
---

--- 2026-08-03T08:19:53.171Z debug
INIT: omitted; set WRANGLER_LOG_SANITIZE=false to include sanitized data
---

--- 2026-08-03T08:19:53.171Z debug
-- END CF API REQUEST
---

--- 2026-08-03T08:19:55.141Z debug
-- START CF API RESPONSE: OK 200
---

--- 2026-08-03T08:19:55.141Z debug
HEADERS: omitted; set WRANGLER_LOG_SANITIZE=false to include sanitized data
---

--- 2026-08-03T08:19:55.141Z debug
RESPONSE: omitted; set WRANGLER_LOG_SANITIZE=false to include sanitized data
---

--- 2026-08-03T08:19:55.141Z debug
-- END CF API RESPONSE
---

--- 2026-08-03T08:19:55.141Z info
🌀 Found 15 new or modified static assets to upload. Proceeding with upload...
---

--- 2026-08-03T08:19:55.142Z info
+ /local-site.json
---

--- 2026-08-03T08:19:55.142Z info
+ /file.svg
---

--- 2026-08-03T08:19:55.143Z info
+ /globe.svg
---

--- 2026-08-03T08:19:55.143Z info
+ /assets/OrderingApp-DUv1Ffd8.js
---

--- 2026-08-03T08:19:55.143Z info
+ /assets/index-D-6SnUKT.js
---

--- 2026-08-03T08:19:55.143Z info
+ /assets/layout-segment-context-OCLcV7_v.js
---

--- 2026-08-03T08:19:55.144Z info
+ /assets/rolldown-runtime-S-ySWqyJ.js
---

--- 2026-08-03T08:19:55.144Z info
+ /assets/page-BdFFTdcx.js
---

--- 2026-08-03T08:19:55.144Z info
+ /assets/index-pn2mot6Y.css
---

--- 2026-08-03T08:19:55.144Z info
+ /assets/framework-CXnKph_e.js
---

--- 2026-08-03T08:19:55.144Z info
+ /window.svg
---

--- 2026-08-03T08:19:55.144Z info
+ /favicon.svg
---

--- 2026-08-03T08:19:55.144Z info
+ /.vite/manifest.json
---

--- 2026-08-03T08:19:55.145Z info
+ /assets/AdminDashboard-CbrN1YVG.js
---

--- 2026-08-03T08:19:55.145Z info
+ /og.png
---

--- 2026-08-03T08:19:55.164Z debug
-- START CF API REQUEST: POST https://api.cloudflare.com/client/v4/accounts/c8efdeac9c51e5db063ae854270042a9/workers/assets/upload?base64=true
---

--- 2026-08-03T08:19:55.164Z debug
QUERY STRING: omitted; set WRANGLER_LOG_SANITIZE=false to include sanitized data
---

--- 2026-08-03T08:19:55.164Z debug
HEADERS: omitted; set WRANGLER_LOG_SANITIZE=false to include sanitized data
---

--- 2026-08-03T08:19:55.164Z debug
INIT: omitted; set WRANGLER_LOG_SANITIZE=false to include sanitized data
---

--- 2026-08-03T08:19:55.168Z debug
-- START CF API REQUEST: POST https://api.cloudflare.com/client/v4/accounts/c8efdeac9c51e5db063ae854270042a9/workers/assets/upload?base64=true
---

--- 2026-08-03T08:19:55.168Z debug
QUERY STRING: omitted; set WRANGLER_LOG_SANITIZE=false to include sanitized data
---

--- 2026-08-03T08:19:55.168Z debug
HEADERS: omitted; set WRANGLER_LOG_SANITIZE=false to include sanitized data
---

--- 2026-08-03T08:19:55.168Z debug
INIT: omitted; set WRANGLER_LOG_SANITIZE=false to include sanitized data
---

--- 2026-08-03T08:19:55.169Z debug
BODY: omitted; set WRANGLER_LOG_SANITIZE=false to include sanitized data
---

--- 2026-08-03T08:19:55.169Z debug
-- END CF API REQUEST
---

--- 2026-08-03T08:19:55.174Z debug
BODY: omitted; set WRANGLER_LOG_SANITIZE=false to include sanitized data
---

--- 2026-08-03T08:19:55.174Z debug
-- END CF API REQUEST
---

--- 2026-08-03T08:19:55.182Z debug
-- START CF API REQUEST: POST https://api.cloudflare.com/client/v4/accounts/c8efdeac9c51e5db063ae854270042a9/workers/assets/upload?base64=true
---

--- 2026-08-03T08:19:55.182Z debug
QUERY STRING: omitted; set WRANGLER_LOG_SANITIZE=false to include sanitized data
---

--- 2026-08-03T08:19:55.182Z debug
HEADERS: omitted; set WRANGLER_LOG_SANITIZE=false to include sanitized data
---

--- 2026-08-03T08:19:55.182Z debug
INIT: omitted; set WRANGLER_LOG_SANITIZE=false to include sanitized data
---

--- 2026-08-03T08:19:55.188Z debug
BODY: omitted; set WRANGLER_LOG_SANITIZE=false to include sanitized data
---

--- 2026-08-03T08:19:55.188Z debug
-- END CF API REQUEST
---

--- 2026-08-03T08:19:55.953Z debug
-- START CF API RESPONSE: Accepted 202
---

--- 2026-08-03T08:19:55.953Z debug
HEADERS: omitted; set WRANGLER_LOG_SANITIZE=false to include sanitized data
---

--- 2026-08-03T08:19:55.953Z debug
RESPONSE: omitted; set WRANGLER_LOG_SANITIZE=false to include sanitized data
---

--- 2026-08-03T08:19:55.953Z debug
-- END CF API RESPONSE
---

--- 2026-08-03T08:19:55.953Z info
Uploaded 5 of 15 assets
---

--- 2026-08-03T08:19:55.953Z debug
✨ /local-site.json
---

--- 2026-08-03T08:19:55.953Z debug
✨ /file.svg
---

--- 2026-08-03T08:19:55.953Z debug
✨ /globe.svg
---

--- 2026-08-03T08:19:55.953Z debug
✨ /assets/OrderingApp-DUv1Ffd8.js
---

--- 2026-08-03T08:19:55.953Z debug
✨ /assets/index-D-6SnUKT.js
---

--- 2026-08-03T08:19:56.207Z debug
-- START CF API RESPONSE: Accepted 202
---

--- 2026-08-03T08:19:56.207Z debug
HEADERS: omitted; set WRANGLER_LOG_SANITIZE=false to include sanitized data
---

--- 2026-08-03T08:19:56.207Z debug
RESPONSE: omitted; set WRANGLER_LOG_SANITIZE=false to include sanitized data
---

--- 2026-08-03T08:19:56.207Z debug
-- END CF API RESPONSE
---

--- 2026-08-03T08:19:56.207Z info
Uploaded 10 of 15 assets
---

--- 2026-08-03T08:19:56.207Z debug
✨ /assets/layout-segment-context-OCLcV7_v.js
---

--- 2026-08-03T08:19:56.207Z debug
✨ /assets/rolldown-runtime-S-ySWqyJ.js
---

--- 2026-08-03T08:19:56.208Z debug
✨ /assets/page-BdFFTdcx.js
---

--- 2026-08-03T08:19:56.208Z debug
✨ /assets/index-pn2mot6Y.css
---

--- 2026-08-03T08:19:56.208Z debug
✨ /assets/framework-CXnKph_e.js
---

--- 2026-08-03T08:19:56.932Z debug
-- START CF API RESPONSE: Created 201
---

--- 2026-08-03T08:19:56.932Z debug
HEADERS: omitted; set WRANGLER_LOG_SANITIZE=false to include sanitized data
---

--- 2026-08-03T08:19:56.932Z debug
RESPONSE: omitted; set WRANGLER_LOG_SANITIZE=false to include sanitized data
---

--- 2026-08-03T08:19:56.932Z debug
-- END CF API RESPONSE
---

--- 2026-08-03T08:19:56.932Z info
Uploaded 15 of 15 assets
---

--- 2026-08-03T08:19:56.932Z debug
✨ /window.svg
---

--- 2026-08-03T08:19:56.932Z debug
✨ /favicon.svg
---

--- 2026-08-03T08:19:56.932Z debug
✨ /.vite/manifest.json
---

--- 2026-08-03T08:19:56.932Z debug
✨ /assets/AdminDashboard-CbrN1YVG.js
---

--- 2026-08-03T08:19:56.932Z debug
✨ /og.png
---

--- 2026-08-03T08:19:56.932Z log
✨ Success! Uploaded 15 files (1.79 sec)

---

--- 2026-08-03T08:19:56.954Z log
Total Upload: 788.18 KiB / gzip: 180.06 KiB
---

--- 2026-08-03T08:19:56.955Z debug
-- START CF API REQUEST: GET https://api.cloudflare.com/client/v4/accounts/c8efdeac9c51e5db063ae854270042a9/workers/scripts/xiaoman-mobile-order/settings
---

--- 2026-08-03T08:19:56.955Z debug
QUERY STRING: omitted; set WRANGLER_LOG_SANITIZE=false to include sanitized data
---

--- 2026-08-03T08:19:56.955Z debug
HEADERS: omitted; set WRANGLER_LOG_SANITIZE=false to include sanitized data
---

--- 2026-08-03T08:19:56.956Z debug
INIT: omitted; set WRANGLER_LOG_SANITIZE=false to include sanitized data
---

--- 2026-08-03T08:19:56.956Z debug
-- END CF API REQUEST
---

--- 2026-08-03T08:19:57.222Z debug
-- START CF API RESPONSE: Not Found 404
---

--- 2026-08-03T08:19:57.222Z debug
HEADERS: omitted; set WRANGLER_LOG_SANITIZE=false to include sanitized data
---

--- 2026-08-03T08:19:57.222Z debug
RESPONSE: omitted; set WRANGLER_LOG_SANITIZE=false to include sanitized data
---

--- 2026-08-03T08:19:57.222Z debug
-- END CF API RESPONSE
---

--- 2026-08-03T08:19:57.223Z debug
No settings found
---

--- 2026-08-03T08:19:57.227Z debug
-- START CF API REQUEST: PUT https://api.cloudflare.com/client/v4/accounts/c8efdeac9c51e5db063ae854270042a9/workers/scripts/xiaoman-mobile-order
---

--- 2026-08-03T08:19:57.227Z debug
QUERY STRING: omitted; set WRANGLER_LOG_SANITIZE=false to include sanitized data
---

--- 2026-08-03T08:19:57.227Z debug
HEADERS: omitted; set WRANGLER_LOG_SANITIZE=false to include sanitized data
---

--- 2026-08-03T08:19:57.227Z debug
INIT: omitted; set WRANGLER_LOG_SANITIZE=false to include sanitized data
---

--- 2026-08-03T08:19:57.229Z debug
BODY: omitted; set WRANGLER_LOG_SANITIZE=false to include sanitized data
---

--- 2026-08-03T08:19:57.229Z debug
-- END CF API REQUEST
---

--- 2026-08-03T08:19:57.800Z debug
-- START CF API RESPONSE: Bad Request 400
---

--- 2026-08-03T08:19:57.800Z debug
HEADERS: omitted; set WRANGLER_LOG_SANITIZE=false to include sanitized data
---

--- 2026-08-03T08:19:57.800Z debug
RESPONSE: omitted; set WRANGLER_LOG_SANITIZE=false to include sanitized data
---

--- 2026-08-03T08:19:57.800Z debug
-- END CF API RESPONSE
---

--- 2026-08-03T08:19:57.801Z log
Your Worker has access to the following bindings:
---

--- 2026-08-03T08:19:57.801Z log
Binding                                   Resource         
---

--- 2026-08-03T08:19:57.802Z log
env.DB (xiaoman-mobile-order-db)          D1 Database      
---

--- 2026-08-03T08:19:57.802Z log
env.ASSETS                                Assets           
---

--- 2026-08-03T08:19:57.802Z log

---

--- 2026-08-03T08:19:58.016Z debug
Metrics dispatcher: Posting data {"deviceId":"62481879-fe5f-41db-8e59-654eafe8c63e","event":"wrangler command errored","timestamp":1785745198016,"properties":{"amplitude_session_id":1785745191816,"amplitude_event_id":1,"wranglerVersion":"4.92.0","wranglerMajorVersion":4,"wranglerMinorVersion":92,"wranglerPatchVersion":0,"osPlatform":"Windows","osVersion":"Windows 11 Home","nodeVersion":24,"packageManager":"npm","isFirstUsage":false,"configFileType":"jsonc","isCI":false,"isPagesCI":false,"isWorkersCI":false,"isInteractive":false,"hasAssets":true,"agent":null,"argsUsed":["config"],"argsCombination":"config","sanitizedCommand":"deploy","sanitizedArgs":{},"durationMs":6209,"errorType":"APIError"}}
---

--- 2026-08-03T08:19:58.017Z log

---

--- 2026-08-03T08:19:58.074Z error
X [ERROR] A request to the Cloudflare API (/accounts/c8efdeac9c51e5db063ae854270042a9/workers/scripts/xiaoman-mobile-order) failed.

  Uncaught Error: No such module "__vite_rsc_assets_manifest.js".
    imported from "index.js"
   [code: 10021]
  To learn more about this error, visit: https://developers.cloudflare.com/workers/observability/errors/#validation-errors-10021

  
  If you think this is a bug, please open an issue at: https://github.com/cloudflare/workers-sdk/issues/new/choose


---
